Archive member included to satisfy reference by file (symbol)

/opt/homebrew/Cellar/arm-none-eabi-gcc/10.3-2021.07/gcc/bin/../lib/gcc/arm-none-eabi/10.3.1/thumb/v7-m/nofp/libgcc.a(_arm_muldf3.o)
                              CMakeFiles/main.elf.dir/HARDWARE/HCSR04/hc-sr04.c.obj (__aeabi_dmul)
/opt/homebrew/Cellar/arm-none-eabi-gcc/10.3-2021.07/gcc/bin/../lib/gcc/arm-none-eabi/10.3.1/thumb/v7-m/nofp/libgcc.a(_arm_mulsf3.o)
                              CMakeFiles/main.elf.dir/Core/Src/main.c.obj (__aeabi_fmul)
/opt/homebrew/Cellar/arm-none-eabi-gcc/10.3-2021.07/gcc/bin/../lib/gcc/arm-none-eabi/10.3.1/thumb/v7-m/nofp/libgcc.a(_arm_addsubdf3.o)
                              CMakeFiles/main.elf.dir/HARDWARE/MPU6050/mpu6050.c.obj (__aeabi_dadd)
/opt/homebrew/Cellar/arm-none-eabi-gcc/10.3-2021.07/gcc/bin/../lib/gcc/arm-none-eabi/10.3.1/thumb/v7-m/nofp/libgcc.a(_arm_muldivdf3.o)
                              CMakeFiles/main.elf.dir/HARDWARE/MPU6050/mpu6050.c.obj (__aeabi_ddiv)
/opt/homebrew/Cellar/arm-none-eabi-gcc/10.3-2021.07/gcc/bin/../lib/gcc/arm-none-eabi/10.3.1/thumb/v7-m/nofp/libgcc.a(_arm_truncdfsf2.o)
                              CMakeFiles/main.elf.dir/HARDWARE/HCSR04/hc-sr04.c.obj (__aeabi_d2f)
/opt/homebrew/Cellar/arm-none-eabi-gcc/10.3-2021.07/gcc/bin/../lib/gcc/arm-none-eabi/10.3.1/thumb/v7-m/nofp/libgcc.a(_arm_addsubsf3.o)
                              CMakeFiles/main.elf.dir/HARDWARE/MPU6050/eMPL/inv_mpu.c.obj (__aeabi_fsub)
/opt/homebrew/Cellar/arm-none-eabi-gcc/10.3-2021.07/gcc/bin/../lib/gcc/arm-none-eabi/10.3.1/thumb/v7-m/nofp/libgcc.a(_arm_muldivsf3.o)
                              CMakeFiles/main.elf.dir/HARDWARE/MPU6050/eMPL/inv_mpu.c.obj (__aeabi_fdiv)
/opt/homebrew/Cellar/arm-none-eabi-gcc/10.3-2021.07/gcc/bin/../lib/gcc/arm-none-eabi/10.3.1/thumb/v7-m/nofp/libgcc.a(_arm_cmpsf2.o)
                              CMakeFiles/main.elf.dir/HARDWARE/MPU6050/eMPL/inv_mpu.c.obj (__aeabi_fcmpeq)
/opt/homebrew/Cellar/arm-none-eabi-gcc/10.3-2021.07/gcc/bin/../lib/gcc/arm-none-eabi/10.3.1/thumb/v7-m/nofp/libgcc.a(_arm_fixsfsi.o)
                              CMakeFiles/main.elf.dir/Core/Src/main.c.obj (__aeabi_f2iz)
/opt/homebrew/Cellar/arm-none-eabi-gcc/10.3-2021.07/gcc/bin/../lib/gcc/arm-none-eabi/10.3.1/thumb/v7-m/nofp/libgcc.a(_arm_fixunssfsi.o)
                              CMakeFiles/main.elf.dir/HARDWARE/MPU6050/eMPL/inv_mpu_dmp_motion_driver.c.obj (__aeabi_f2uiz)
/opt/homebrew/Cellar/arm-none-eabi-gcc/10.3-2021.07/gcc/bin/../lib/gcc/arm-none-eabi/10.3.1/thumb/v7-m/nofp/libgcc.a(_aeabi_ldivmod.o)
                              CMakeFiles/main.elf.dir/HARDWARE/MPU6050/eMPL/inv_mpu.c.obj (__aeabi_ldivmod)
/opt/homebrew/Cellar/arm-none-eabi-gcc/10.3-2021.07/gcc/bin/../lib/gcc/arm-none-eabi/10.3.1/thumb/v7-m/nofp/libgcc.a(_udivmoddi4.o)
                              /opt/homebrew/Cellar/arm-none-eabi-gcc/10.3-2021.07/gcc/bin/../lib/gcc/arm-none-eabi/10.3.1/thumb/v7-m/nofp/libgcc.a(_aeabi_ldivmod.o) (__udivmoddi4)
/opt/homebrew/Cellar/arm-none-eabi-gcc/10.3-2021.07/gcc/bin/../lib/gcc/arm-none-eabi/10.3.1/thumb/v7-m/nofp/libgcc.a(_dvmd_tls.o)
                              /opt/homebrew/Cellar/arm-none-eabi-gcc/10.3-2021.07/gcc/bin/../lib/gcc/arm-none-eabi/10.3.1/thumb/v7-m/nofp/libgcc.a(_aeabi_ldivmod.o) (__aeabi_ldiv0)
/opt/homebrew/Cellar/arm-none-eabi-gcc/10.3-2021.07/gcc/bin/../lib/gcc/arm-none-eabi/10.3.1/../../../../arm-none-eabi/lib/thumb/v7-m/nofp/libg.a(lib_a-errno.o)
                              CMakeFiles/main.elf.dir/Core/Src/syscalls.c.obj (__errno)
/opt/homebrew/Cellar/arm-none-eabi-gcc/10.3-2021.07/gcc/bin/../lib/gcc/arm-none-eabi/10.3.1/../../../../arm-none-eabi/lib/thumb/v7-m/nofp/libg.a(lib_a-exit.o)
                              /opt/homebrew/Cellar/arm-none-eabi-gcc/10.3-2021.07/gcc/bin/../lib/gcc/arm-none-eabi/10.3.1/../../../../arm-none-eabi/lib/thumb/v7-m/nofp/crt0.o (exit)
/opt/homebrew/Cellar/arm-none-eabi-gcc/10.3-2021.07/gcc/bin/../lib/gcc/arm-none-eabi/10.3.1/../../../../arm-none-eabi/lib/thumb/v7-m/nofp/libg.a(lib_a-impure.o)
                              /opt/homebrew/Cellar/arm-none-eabi-gcc/10.3-2021.07/gcc/bin/../lib/gcc/arm-none-eabi/10.3.1/../../../../arm-none-eabi/lib/thumb/v7-m/nofp/libg.a(lib_a-exit.o) (_global_impure_ptr)
/opt/homebrew/Cellar/arm-none-eabi-gcc/10.3-2021.07/gcc/bin/../lib/gcc/arm-none-eabi/10.3.1/../../../../arm-none-eabi/lib/thumb/v7-m/nofp/libg.a(lib_a-init.o)
                              /opt/homebrew/Cellar/arm-none-eabi-gcc/10.3-2021.07/gcc/bin/../lib/gcc/arm-none-eabi/10.3.1/../../../../arm-none-eabi/lib/thumb/v7-m/nofp/crt0.o (__libc_init_array)
/opt/homebrew/Cellar/arm-none-eabi-gcc/10.3-2021.07/gcc/bin/../lib/gcc/arm-none-eabi/10.3.1/../../../../arm-none-eabi/lib/thumb/v7-m/nofp/libg.a(lib_a-memcmp.o)
                              CMakeFiles/main.elf.dir/HARDWARE/MPU6050/eMPL/inv_mpu.c.obj (memcmp)
[...]
Memory Configuration

Name             Origin             Length             Attributes
RAM              0x0000000020000000 0x000000000000c000 xrw
FLASH            0x0000000008000000 0x0000000000040000 xr
*default*        0x0000000000000000 0xffffffffffffffff

Linker script and memory map

LOAD /opt/homebrew/Cellar/arm-none-eabi-gcc/10.3-2021.07/gcc/bin/../lib/gcc/arm-none-eabi/10.3.1/thumb/v7-m/nofp/crti.o
LOAD /opt/homebrew/Cellar/arm-none-eabi-gcc/10.3-2021.07/gcc/bin/../lib/gcc/arm-none-eabi/10.3.1/thumb/v7-m/nofp/crtbegin.o
LOAD /opt/homebrew/Cellar/arm-none-eabi-gcc/10.3-2021.07/gcc/bin/../lib/gcc/arm-none-eabi/10.3.1/../../../../arm-none-eabi/lib/thumb/v7-m/nofp/crt0.o
LOAD CMakeFiles/main.elf.dir/Core/Src/gpio.c.obj
LOAD CMakeFiles/main.elf.dir/Core/Src/main.c.obj
LOAD CMakeFiles/main.elf.dir/Core/Src/spi.c.obj
LOAD CMakeFiles/main.elf.dir/Core/Src/stm32f1xx_hal_msp.c.obj
LOAD CMakeFiles/main.elf.dir/Core/Src/stm32f1xx_it.c.obj
LOAD CMakeFiles/main.elf.dir/Core/Src/syscalls.c.obj
LOAD CMakeFiles/main.elf.dir/Core/Src/sysmem.c.obj
LOAD CMakeFiles/main.elf.dir/Core/Src/system_stm32f1xx.c.obj
LOAD CMakeFiles/main.elf.dir/Core/Src/usart.c.obj
LOAD CMakeFiles/main.elf.dir/Core/Startup/startup_stm32f103rctx.s.obj
LOAD CMakeFiles/main.elf.dir/Drivers/STM32F1xx_HAL_Driver/Src/stm32f1xx_hal.c.obj
LOAD CMakeFiles/main.elf.dir/Drivers/STM32F1xx_HAL_Driver/Src/stm32f1xx_hal_cortex.c.obj
LOAD CMakeFiles/main.elf.dir/Drivers/STM32F1xx_HAL_Driver/Src/stm32f1xx_hal_dma.c.obj
LOAD CMakeFiles/main.elf.dir/Drivers/STM32F1xx_HAL_Driver/Src/stm32f1xx_hal_exti.c.obj
LOAD CMakeFiles/main.elf.dir/Drivers/STM32F1xx_HAL_Driver/Src/stm32f1xx_hal_flash.c.obj
LOAD CMakeFiles/main.elf.dir/Drivers/STM32F1xx_HAL_Driver/Src/stm32f1xx_hal_flash_ex.c.obj
LOAD CMakeFiles/main.elf.dir/Drivers/STM32F1xx_HAL_Driver/Src/stm32f1xx_hal_gpio.c.obj
LOAD CMakeFiles/main.elf.dir/Drivers/STM32F1xx_HAL_Driver/Src/stm32f1xx_hal_gpio_ex.c.obj
LOAD CMakeFiles/main.elf.dir/Drivers/STM32F1xx_HAL_Driver/Src/stm32f1xx_hal_pwr.c.obj
LOAD CMakeFiles/main.elf.dir/Drivers/STM32F1xx_HAL_Driver/Src/stm32f1xx_hal_rcc.c.obj
LOAD CMakeFiles/main.elf.dir/Drivers/STM32F1xx_HAL_Driver/Src/stm32f1xx_hal_rcc_ex.c.obj
LOAD CMakeFiles/main.elf.dir/Drivers/STM32F1xx_HAL_Driver/Src/stm32f1xx_hal_spi.c.obj
LOAD CMakeFiles/main.elf.dir/Drivers/STM32F1xx_HAL_Driver/Src/stm32f1xx_hal_tim.c.obj
LOAD CMakeFiles/main.elf.dir/Drivers/STM32F1xx_HAL_Driver/Src/stm32f1xx_hal_tim_ex.c.obj
LOAD CMakeFiles/main.elf.dir/Drivers/STM32F1xx_HAL_Driver/Src/stm32f1xx_hal_uart.c.obj
LOAD CMakeFiles/main.elf.dir/HARDWARE/DHT11/dht11.c.obj
LOAD CMakeFiles/main.elf.dir/HARDWARE/HCSR04/hc-sr04.c.obj
LOAD CMakeFiles/main.elf.dir/HARDWARE/MPU6050/eMPL/inv_mpu.c.obj
LOAD CMakeFiles/main.elf.dir/HARDWARE/MPU6050/eMPL/inv_mpu_dmp_motion_driver.c.obj
LOAD CMakeFiles/main.elf.dir/HARDWARE/MPU6050/mpu6050.c.obj
LOAD CMakeFiles/main.elf.dir/HARDWARE/MPU6050/mpuiic.c.obj
LOAD CMakeFiles/main.elf.dir/HARDWARE/OLED/font.c.obj
LOAD CMakeFiles/main.elf.dir/HARDWARE/OLED/oled.c.obj
LOAD CMakeFiles/main.elf.dir/HARDWARE/W25QXX/w25qxx.c.obj
LOAD CMakeFiles/main.elf.dir/SYSTEM/DELAY/delay.c.obj
LOAD CMakeFiles/main.elf.dir/SYSTEM/SYS/sys.c.obj
LOAD CMakeFiles/main.elf.dir/TEXT/fontupd.c.obj
LOAD CMakeFiles/main.elf.dir/TEXT/gui.c.obj
LOAD CMakeFiles/main.elf.dir/TEXT/text.c.obj
START GROUP
LOAD /opt/homebrew/Cellar/arm-none-eabi-gcc/10.3-2021.07/gcc/bin/../lib/gcc/arm-none-eabi/10.3.1/thumb/v7-m/nofp/libgcc.a
LOAD /opt/homebrew/Cellar/arm-none-eabi-gcc/10.3-2021.07/gcc/bin/../lib/gcc/arm-none-eabi/10.3.1/../../../../arm-none-eabi/lib/thumb/v7-m/nofp/libg.a
LOAD /opt/homebrew/Cellar/arm-none-eabi-gcc/10.3-2021.07/gcc/bin/../lib/gcc/arm-none-eabi/10.3.1/../../../../arm-none-eabi/lib/thumb/v7-m/nofp/libc.a
END GROUP
LOAD /opt/homebrew/Cellar/arm-none-eabi-gcc/10.3-2021.07/gcc/bin/../lib/gcc/arm-none-eabi/10.3.1/thumb/v7-m/nofp/crtend.o
LOAD /opt/homebrew/Cellar/arm-none-eabi-gcc/10.3-2021.07/gcc/bin/../lib/gcc/arm-none-eabi/10.3.1/thumb/v7-m/nofp/crtn.o
                0x000000002000c000                _estack = (ORIGIN (RAM) + LENGTH (RAM))
                0x0000000000000200                _Min_Heap_Size = 0x200
                0x0000000000000400                _Min_Stack_Size = 0x400

.isr_vector     0x0000000008000000      0x1e4
                0x0000000008000000                . = ALIGN (0x4)
 *(.isr_vector)
 .isr_vector    0x0000000008000000      0x1e4 CMakeFiles/main.elf.dir/Core/Startup/startup_stm32f103rctx.s.obj
                0x0000000008000000                g_pfnVectors
                0x00000000080001e4                . = ALIGN (0x4)

.text           0x00000000080001e8     0xdc40
                0x00000000080001e8                . = ALIGN (0x4)
 *(.text)
 .text          0x00000000080001e8       0x40 /opt/homebrew/Cellar/arm-none-eabi-gcc/10.3-2021.07/gcc/bin/../lib/gcc/arm-none-eabi/10.3.1/thumb/v7-m/nofp/crtbegin.o
 .text          0x0000000008000228      0x378 /opt/homebrew/Cellar/arm-none-eabi-gcc/10.3-2021.07/gcc/bin/../lib/gcc/arm-none-eabi/10.3.1/thumb/v7-m/nofp/libgcc.a(_arm_addsubdf3.o)
                0x0000000008000228                __aeabi_drsub
                0x0000000008000230                __subdf3
                0x0000000008000230                __aeabi_dsub
                0x0000000008000234                __aeabi_dadd
                0x0000000008000234                __adddf3
                0x00000000080004ac                __aeabi_ui2d
                0x00000000080004ac                __floatunsidf
                0x00000000080004cc                __floatsidf
                0x00000000080004cc                __aeabi_i2d
                0x00000000080004f0                __extendsfdf2
                0x00000000080004f0                __aeabi_f2d
                0x0000000008000534                __aeabi_ul2d
                0x0000000008000534                __floatundidf
                0x0000000008000544                __aeabi_l2d
                0x0000000008000544                __floatdidf
 .text          0x00000000080005a0      0x424 /opt/homebrew/Cellar/arm-none-eabi-gcc/10.3-2021.07/gcc/bin/../lib/gcc/arm-none-eabi/10.3.1/thumb/v7-m/nofp/libgcc.a(_arm_muldivdf3.o)
                0x00000000080005a0                __aeabi_dmul
                0x00000000080005a0                __muldf3
                0x00000000080007f4                __aeabi_ddiv
                0x00000000080007f4                __divdf3
 .text          0x00000000080009c4       0xa0 /opt/homebrew/Cellar/arm-none-eabi-gcc/10.3-2021.07/gcc/bin/../lib/gcc/arm-none-eabi/10.3.1/thumb/v7-m/nofp/libgcc.a(_arm_truncdfsf2.o)
                0x00000000080009c4                __aeabi_d2f
                0x00000000080009c4                __truncdfsf2
 .text          0x0000000008000a64      0x21c /opt/homebrew/Cellar/arm-none-eabi-gcc/10.3-2021.07/gcc/bin/../lib/gcc/arm-none-eabi/10.3.1/thumb/v7-m/nofp/libgcc.a(_arm_addsubsf3.o)
                0x0000000008000a64                __aeabi_frsub
                0x0000000008000a6c                __aeabi_fsub
                0x0000000008000a6c                __subsf3
                0x0000000008000a70                __aeabi_fadd
                0x0000000008000a70                __addsf3
                0x0000000008000bd0                __aeabi_ui2f
                0x0000000008000bd0                __floatunsisf
                0x0000000008000bd8                __floatsisf
                0x0000000008000bd8                __aeabi_i2f
                0x0000000008000bf4                __aeabi_ul2f
                0x0000000008000bf4                __floatundisf
                0x0000000008000c04                __aeabi_l2f
                0x0000000008000c04                __floatdisf
 .text          0x0000000008000c80      0x2a0 /opt/homebrew/Cellar/arm-none-eabi-gcc/10.3-2021.07/gcc/bin/../lib/gcc/arm-none-eabi/10.3.1/thumb/v7-m/nofp/libgcc.a(_arm_muldivsf3.o)
                0x0000000008000c80                __mulsf3
                0x0000000008000c80                __aeabi_fmul
                0x0000000008000de8                __divsf3
                0x0000000008000de8                __aeabi_fdiv
 .text          0x0000000008000f20       0xec /opt/homebrew/Cellar/arm-none-eabi-gcc/10.3-2021.07/gcc/bin/../lib/gcc/arm-none-eabi/10.3.1/thumb/v7-m/nofp/libgcc.a(_arm_cmpsf2.o)
                0x0000000008000f20                __gesf2
                0x0000000008000f20                __gtsf2
                0x0000000008000f28                __ltsf2
                0x0000000008000f28                __lesf2
                0x0000000008000f30                __nesf2
                0x0000000008000f30                __eqsf2
                0x0000000008000f30                __cmpsf2
                0x0000000008000f90                __aeabi_cfrcmple
                0x0000000008000f98                __aeabi_cfcmpeq
                0x0000000008000f98                __aeabi_cfcmple
                0x0000000008000fa8                __aeabi_fcmpeq
                0x0000000008000fbc                __aeabi_fcmplt
                0x0000000008000fd0                __aeabi_fcmple
                0x0000000008000fe4                __aeabi_fcmpge
                0x0000000008000ff8                __aeabi_fcmpgt
 .text          0x000000000800100c       0x4c /opt/homebrew/Cellar/arm-none-eabi-gcc/10.3-2021.07/gcc/bin/../lib/gcc/arm-none-eabi/10.3.1/thumb/v7-m/nofp/libgcc.a(_arm_fixsfsi.o)
                0x000000000800100c                __fixsfsi
                0x000000000800100c                __aeabi_f2iz
 .text          0x0000000008001058       0x40 /opt/homebrew/Cellar/arm-none-eabi-gcc/10.3-2021.07/gcc/bin/../lib/gcc/arm-none-eabi/10.3.1/thumb/v7-m/nofp/libgcc.a(_arm_fixunssfsi.o)
                0x0000000008001058                __aeabi_f2uiz
                0x0000000008001058                __fixunssfsi
 .text          0x0000000008001098       0xa0 /opt/homebrew/Cellar/arm-none-eabi-gcc/10.3-2021.07/gcc/bin/../lib/gcc/arm-none-eabi/10.3.1/thumb/v7-m/nofp/libgcc.a(_aeabi_ldivmod.o)
                0x0000000008001098                __aeabi_ldivmod
 .text          0x0000000008001138      0x2d4 /opt/homebrew/Cellar/arm-none-eabi-gcc/10.3-2021.07/gcc/bin/../lib/gcc/arm-none-eabi/10.3.1/thumb/v7-m/nofp/libgcc.a(_udivmoddi4.o)
                0x0000000008001138                __udivmoddi4
 .text          0x000000000800140c        0x4 /opt/homebrew/Cellar/arm-none-eabi-gcc/10.3-2021.07/gcc/bin/../lib/gcc/arm-none-eabi/10.3.1/thumb/v7-m/nofp/libgcc.a(_dvmd_tls.o)
                0x000000000800140c                __aeabi_ldiv0
                0x000000000800140c                __aeabi_idiv0
 .text          0x0000000008001410       0xec /opt/homebrew/Cellar/arm-none-eabi-gcc/10.3-2021.07/gcc/bin/../lib/gcc/arm-none-eabi/10.3.1/../../../../arm-none-eabi/lib/thumb/v7-m/nofp/libg.a(lib_a-memcpy.o)
                0x0000000008001410                memcpy
 .text          0x00000000080014fc      0x110 /opt/homebrew/Cellar/arm-none-eabi-gcc/10.3-2021.07/gcc/bin/../lib/gcc/arm-none-eabi/10.3.1/thumb/v7-m/nofp/libgcc.a(_arm_cmpdf2.o)
                0x00000000080014fc                __gedf2
                0x00000000080014fc                __gtdf2
                0x0000000008001504                __ledf2
                0x0000000008001504                __ltdf2
                0x000000000800150c                __cmpdf2
                0x000000000800150c                __eqdf2
                0x000000000800150c                __nedf2
                0x0000000008001588                __aeabi_cdrcmple
                0x0000000008001598                __aeabi_cdcmple
                0x0000000008001598                __aeabi_cdcmpeq
                0x00000000080015a8                __aeabi_dcmpeq
                0x00000000080015bc                __aeabi_dcmplt
                0x00000000080015d0                __aeabi_dcmple
                0x00000000080015e4                __aeabi_dcmpge
                0x00000000080015f8                __aeabi_dcmpgt
 .text          0x000000000800160c       0x2c /opt/homebrew/Cellar/arm-none-eabi-gcc/10.3-2021.07/gcc/bin/../lib/gcc/arm-none-eabi/10.3.1/thumb/v7-m/nofp/libgcc.a(_arm_unorddf2.o)
                0x000000000800160c                __aeabi_dcmpun
                0x000000000800160c                __unorddf2
 .text          0x0000000008001638       0x50 /opt/homebrew/Cellar/arm-none-eabi-gcc/10.3-2021.07/gcc/bin/../lib/gcc/arm-none-eabi/10.3.1/thumb/v7-m/nofp/libgcc.a(_arm_fixdfsi.o)
                0x0000000008001638                __fixdfsi
                0x0000000008001638                __aeabi_d2iz
 .text          0x0000000008001688       0x30 /opt/homebrew/Cellar/arm-none-eabi-gcc/10.3-2021.07/gcc/bin/../lib/gcc/arm-none-eabi/10.3.1/thumb/v7-m/nofp/libgcc.a(_aeabi_uldivmod.o)
                0x0000000008001688                __aeabi_uldivmod
 *(.text*)
 .text.MX_GPIO_Init
                0x00000000080016b8       0xf0 CMakeFiles/main.elf.dir/Core/Src/gpio.c.obj
                0x00000000080016b8                MX_GPIO_Init
 .text.usart1_send_char
                0x00000000080017a8       0x30 CMakeFiles/main.elf.dir/Core/Src/main.c.obj
                0x00000000080017a8                usart1_send_char
 .text.usart1_niming_report
                0x00000000080017d8       0x84 CMakeFiles/main.elf.dir/Core/Src/main.c.obj
                0x00000000080017d8                usart1_niming_report
 .text.mpu6050_send_data
                0x000000000800185c       0xb0 CMakeFiles/main.elf.dir/Core/Src/main.c.obj
                0x000000000800185c                mpu6050_send_data
 .text.usart1_report_imu
                0x000000000800190c       0xb2 CMakeFiles/main.elf.dir/Core/Src/main.c.obj
                0x000000000800190c                usart1_report_imu
 .text.Error_Handler
                0x00000000080019be        0x4 CMakeFiles/main.elf.dir/Core/Src/main.c.obj
                0x00000000080019be                Error_Handler
 .text.SystemClock_Config
                0x00000000080019c2       0x64 CMakeFiles/main.elf.dir/Core/Src/main.c.obj
                0x00000000080019c2                SystemClock_Config
 *fill*         0x0000000008001a26        0x2 
 .text.main     0x0000000008001a28      0x35c CMakeFiles/main.elf.dir/Core/Src/main.c.obj
                0x0000000008001a28                main
 .text.MX_SPI1_Init
                0x0000000008001d84       0x44 CMakeFiles/main.elf.dir/Core/Src/spi.c.obj
                0x0000000008001d84                MX_SPI1_Init
 .text.MX_SPI2_Init
                0x0000000008001dc8       0x44 CMakeFiles/main.elf.dir/Core/Src/spi.c.obj
                0x0000000008001dc8                MX_SPI2_Init
 .text.HAL_SPI_MspInit
                0x0000000008001e0c      0x14c CMakeFiles/main.elf.dir/Core/Src/spi.c.obj
                0x0000000008001e0c                HAL_SPI_MspInit
 .text.SPI1_SetSpeed
                0x0000000008001f58       0x34 CMakeFiles/main.elf.dir/Core/Src/spi.c.obj
                0x0000000008001f58                SPI1_SetSpeed
 .text.SPI2_SetSpeed
                0x0000000008001f8c       0x34 CMakeFiles/main.elf.dir/Core/Src/spi.c.obj
                0x0000000008001f8c                SPI2_SetSpeed
 .text.SPI1_ReadWriteByte
                0x0000000008001fc0       0x2c CMakeFiles/main.elf.dir/Core/Src/spi.c.obj
                0x0000000008001fc0                SPI1_ReadWriteByte
 .text.HAL_MspInit
                0x0000000008001fec       0x44 CMakeFiles/main.elf.dir/Core/Src/stm32f1xx_hal_msp.c.obj
                0x0000000008001fec                HAL_MspInit
 .text.NMI_Handler
                0x0000000008002030        0x2 CMakeFiles/main.elf.dir/Core/Src/stm32f1xx_it.c.obj
                0x0000000008002030                NMI_Handler
 .text.HardFault_Handler
                0x0000000008002032        0x2 CMakeFiles/main.elf.dir/Core/Src/stm32f1xx_it.c.obj
                0x0000000008002032                HardFault_Handler
 .text.MemManage_Handler
                0x0000000008002034        0x2 CMakeFiles/main.elf.dir/Core/Src/stm32f1xx_it.c.obj
                0x0000000008002034                MemManage_Handler
 .text.BusFault_Handler
                0x0000000008002036        0x2 CMakeFiles/main.elf.dir/Core/Src/stm32f1xx_it.c.obj
                0x0000000008002036                BusFault_Handler
 .text.UsageFault_Handler
                0x0000000008002038        0x2 CMakeFiles/main.elf.dir/Core/Src/stm32f1xx_it.c.obj
                0x0000000008002038                UsageFault_Handler
 .text.SVC_Handler
                0x000000000800203a        0x2 CMakeFiles/main.elf.dir/Core/Src/stm32f1xx_it.c.obj
                0x000000000800203a                SVC_Handler
 .text.DebugMon_Handler
                0x000000000800203c        0x2 CMakeFiles/main.elf.dir/Core/Src/stm32f1xx_it.c.obj
                0x000000000800203c                DebugMon_Handler
 .text.PendSV_Handler
                0x000000000800203e        0x2 CMakeFiles/main.elf.dir/Core/Src/stm32f1xx_it.c.obj
                0x000000000800203e                PendSV_Handler
 .text.SysTick_Handler
                0x0000000008002040        0x8 CMakeFiles/main.elf.dir/Core/Src/stm32f1xx_it.c.obj
                0x0000000008002040                SysTick_Handler
 .text.USART1_IRQHandler
                0x0000000008002048       0x2c CMakeFiles/main.elf.dir/Core/Src/stm32f1xx_it.c.obj
                0x0000000008002048                USART1_IRQHandler
 .text._getpid  0x0000000008002074        0x4 CMakeFiles/main.elf.dir/Core/Src/syscalls.c.obj
                0x0000000008002074                _getpid
 .text._kill    0x0000000008002078       0x10 CMakeFiles/main.elf.dir/Core/Src/syscalls.c.obj
                0x0000000008002078                _kill
 .text._exit    0x0000000008002088        0xc CMakeFiles/main.elf.dir/Core/Src/syscalls.c.obj
                0x0000000008002088                _exit
 .text._read    0x0000000008002094       0x20 CMakeFiles/main.elf.dir/Core/Src/syscalls.c.obj
                0x0000000008002094                _read
 .text._write   0x00000000080020b4       0x1c CMakeFiles/main.elf.dir/Core/Src/syscalls.c.obj
                0x00000000080020b4                _write
 .text._close   0x00000000080020d0        0x6 CMakeFiles/main.elf.dir/Core/Src/syscalls.c.obj
                0x00000000080020d0                _close
 .text._fstat   0x00000000080020d6        0xa CMakeFiles/main.elf.dir/Core/Src/syscalls.c.obj
                0x00000000080020d6                _fstat
 .text._isatty  0x00000000080020e0        0x4 CMakeFiles/main.elf.dir/Core/Src/syscalls.c.obj
                0x00000000080020e0                _isatty
 .text._lseek   0x00000000080020e4        0x4 CMakeFiles/main.elf.dir/Core/Src/syscalls.c.obj
                0x00000000080020e4                _lseek
 .text._sbrk    0x00000000080020e8       0x48 CMakeFiles/main.elf.dir/Core/Src/sysmem.c.obj
                0x00000000080020e8                _sbrk
 .text.SystemInit
                0x0000000008002130        0x2 CMakeFiles/main.elf.dir/Core/Src/system_stm32f1xx.c.obj
                0x0000000008002130                SystemInit
 *fill*         0x0000000008002132        0x2 
 .text.__io_putchar
                0x0000000008002134       0x18 CMakeFiles/main.elf.dir/Core/Src/usart.c.obj
                0x0000000008002134                __io_putchar
 .text.MX_USART1_UART_Init
                0x000000000800214c       0x34 CMakeFiles/main.elf.dir/Core/Src/usart.c.obj
                0x000000000800214c                MX_USART1_UART_Init
 .text.HAL_UART_MspInit
                0x0000000008002180       0x88 CMakeFiles/main.elf.dir/Core/Src/usart.c.obj
                0x0000000008002180                HAL_UART_MspInit
 .text.HAL_UART_RxCpltCallback
                0x0000000008002208       0x78 CMakeFiles/main.elf.dir/Core/Src/usart.c.obj
                0x0000000008002208                HAL_UART_RxCpltCallback
 .text.Reset_Handler
                0x0000000008002280       0x48 CMakeFiles/main.elf.dir/Core/Startup/startup_stm32f103rctx.s.obj
                0x0000000008002280                Reset_Handler
 .text.Default_Handler
                0x00000000080022c8        0x2 CMakeFiles/main.elf.dir/Core/Startup/startup_stm32f103rctx.s.obj
                0x00000000080022c8                DMA2_Channel3_IRQHandler
                0x00000000080022c8                EXTI2_IRQHandler
                0x00000000080022c8                TIM8_TRG_COM_IRQHandler
                0x00000000080022c8                TIM8_CC_IRQHandler
                0x00000000080022c8                TIM1_CC_IRQHandler
                0x00000000080022c8                TIM6_IRQHandler
                0x00000000080022c8                PVD_IRQHandler
                0x00000000080022c8                SDIO_IRQHandler
                0x00000000080022c8                EXTI3_IRQHandler
                0x00000000080022c8                EXTI0_IRQHandler
                0x00000000080022c8                I2C2_EV_IRQHandler
                0x00000000080022c8                ADC1_2_IRQHandler
                0x00000000080022c8                SPI1_IRQHandler
                0x00000000080022c8                TAMPER_IRQHandler
                0x00000000080022c8                TIM8_UP_IRQHandler
                0x00000000080022c8                DMA2_Channel2_IRQHandler
                0x00000000080022c8                DMA1_Channel4_IRQHandler
                0x00000000080022c8                USART3_IRQHandler
                0x00000000080022c8                RTC_IRQHandler
                0x00000000080022c8                DMA1_Channel7_IRQHandler
                0x00000000080022c8                CAN1_RX1_IRQHandler
                0x00000000080022c8                UART5_IRQHandler
                0x00000000080022c8                ADC3_IRQHandler
                0x00000000080022c8                TIM4_IRQHandler
                0x00000000080022c8                DMA2_Channel1_IRQHandler
                0x00000000080022c8                I2C1_EV_IRQHandler
                0x00000000080022c8                DMA1_Channel6_IRQHandler
                0x00000000080022c8                UART4_IRQHandler
                0x00000000080022c8                TIM3_IRQHandler
                0x00000000080022c8                RCC_IRQHandler
                0x00000000080022c8                TIM1_TRG_COM_IRQHandler
                0x00000000080022c8                DMA1_Channel1_IRQHandler
                0x00000000080022c8                Default_Handler
                0x00000000080022c8                EXTI15_10_IRQHandler
                0x00000000080022c8                TIM7_IRQHandler
                0x00000000080022c8                TIM5_IRQHandler
                0x00000000080022c8                EXTI9_5_IRQHandler
                0x00000000080022c8                SPI2_IRQHandler
                0x00000000080022c8                DMA1_Channel5_IRQHandler
                0x00000000080022c8                EXTI4_IRQHandler
                0x00000000080022c8                USB_LP_CAN1_RX0_IRQHandler
                0x00000000080022c8                USB_HP_CAN1_TX_IRQHandler
                0x00000000080022c8                DMA1_Channel3_IRQHandler
                0x00000000080022c8                FSMC_IRQHandler
                0x00000000080022c8                TIM1_UP_IRQHandler
                0x00000000080022c8                WWDG_IRQHandler
                0x00000000080022c8                TIM2_IRQHandler
                0x00000000080022c8                TIM1_BRK_IRQHandler
                0x00000000080022c8                EXTI1_IRQHandler
                0x00000000080022c8                DMA2_Channel4_5_IRQHandler
                0x00000000080022c8                USART2_IRQHandler
                0x00000000080022c8                I2C2_ER_IRQHandler
                0x00000000080022c8                DMA1_Channel2_IRQHandler
                0x00000000080022c8                TIM8_BRK_IRQHandler
                0x00000000080022c8                CAN1_SCE_IRQHandler
                0x00000000080022c8                FLASH_IRQHandler
                0x00000000080022c8                SPI3_IRQHandler
                0x00000000080022c8                I2C1_ER_IRQHandler
                0x00000000080022c8                USBWakeUp_IRQHandler
                0x00000000080022c8                RTC_Alarm_IRQHandler
 *fill*         0x00000000080022ca        0x2 
 .text.HAL_InitTick
                0x00000000080022cc       0x4c CMakeFiles/main.elf.dir/Drivers/STM32F1xx_HAL_Driver/Src/stm32f1xx_hal.c.obj
                0x00000000080022cc                HAL_InitTick
 .text.HAL_Init
                0x0000000008002318       0x24 CMakeFiles/main.elf.dir/Drivers/STM32F1xx_HAL_Driver/Src/stm32f1xx_hal.c.obj
                0x0000000008002318                HAL_Init
 .text.HAL_IncTick
                0x000000000800233c       0x18 CMakeFiles/main.elf.dir/Drivers/STM32F1xx_HAL_Driver/Src/stm32f1xx_hal.c.obj
                0x000000000800233c                HAL_IncTick
 .text.HAL_GetTick
                0x0000000008002354        0xc CMakeFiles/main.elf.dir/Drivers/STM32F1xx_HAL_Driver/Src/stm32f1xx_hal.c.obj
                0x0000000008002354                HAL_GetTick
 .text.HAL_Delay
                0x0000000008002360       0x28 CMakeFiles/main.elf.dir/Drivers/STM32F1xx_HAL_Driver/Src/stm32f1xx_hal.c.obj
                0x0000000008002360                HAL_Delay
 .text.HAL_NVIC_SetPriorityGrouping
                0x0000000008002388       0x24 CMakeFiles/main.elf.dir/Drivers/STM32F1xx_HAL_Driver/Src/stm32f1xx_hal_cortex.c.obj
                0x0000000008002388                HAL_NVIC_SetPriorityGrouping
 .text.HAL_NVIC_SetPriority
                0x00000000080023ac       0x70 CMakeFiles/main.elf.dir/Drivers/STM32F1xx_HAL_Driver/Src/stm32f1xx_hal_cortex.c.obj
                0x00000000080023ac                HAL_NVIC_SetPriority
 .text.HAL_NVIC_EnableIRQ
                0x000000000800241c       0x1c CMakeFiles/main.elf.dir/Drivers/STM32F1xx_HAL_Driver/Src/stm32f1xx_hal_cortex.c.obj
                0x000000000800241c                HAL_NVIC_EnableIRQ
 .text.HAL_SYSTICK_Config
                0x0000000008002438       0x28 CMakeFiles/main.elf.dir/Drivers/STM32F1xx_HAL_Driver/Src/stm32f1xx_hal_cortex.c.obj
                0x0000000008002438                HAL_SYSTICK_Config
 .text.HAL_SYSTICK_CLKSourceConfig
                0x0000000008002460       0x20 CMakeFiles/main.elf.dir/Drivers/STM32F1xx_HAL_Driver/Src/stm32f1xx_hal_cortex.c.obj
                0x0000000008002460                HAL_SYSTICK_CLKSourceConfig
 .text.HAL_DMA_Abort
                0x0000000008002480       0x46 CMakeFiles/main.elf.dir/Drivers/STM32F1xx_HAL_Driver/Src/stm32f1xx_hal_dma.c.obj
                0x0000000008002480                HAL_DMA_Abort
 *fill*         0x00000000080024c6        0x2 
 .text.HAL_DMA_Abort_IT
                0x00000000080024c8      0x16c CMakeFiles/main.elf.dir/Drivers/STM32F1xx_HAL_Driver/Src/stm32f1xx_hal_dma.c.obj
                0x00000000080024c8                HAL_DMA_Abort_IT
 .text.HAL_GPIO_Init
                0x0000000008002634      0x240 CMakeFiles/main.elf.dir/Drivers/STM32F1xx_HAL_Driver/Src/stm32f1xx_hal_gpio.c.obj
                0x0000000008002634                HAL_GPIO_Init
 .text.HAL_GPIO_WritePin
                0x0000000008002874        0xc CMakeFiles/main.elf.dir/Drivers/STM32F1xx_HAL_Driver/Src/stm32f1xx_hal_gpio.c.obj
                0x0000000008002874                HAL_GPIO_WritePin
 .text.HAL_GPIO_TogglePin
                0x0000000008002880       0x12 CMakeFiles/main.elf.dir/Drivers/STM32F1xx_HAL_Driver/Src/stm32f1xx_hal_gpio.c.obj
                0x0000000008002880                HAL_GPIO_TogglePin
 *fill*         0x0000000008002892        0x2 
 .text.RCC_Delay
                0x0000000008002894       0x2c CMakeFiles/main.elf.dir/Drivers/STM32F1xx_HAL_Driver/Src/stm32f1xx_hal_rcc.c.obj
 .text.HAL_RCC_OscConfig
                0x00000000080028c0      0x410 CMakeFiles/main.elf.dir/Drivers/STM32F1xx_HAL_Driver/Src/stm32f1xx_hal_rcc.c.obj
                0x00000000080028c0                HAL_RCC_OscConfig
 .text.HAL_RCC_GetSysClockFreq
                0x0000000008002cd0       0x54 CMakeFiles/main.elf.dir/Drivers/STM32F1xx_HAL_Driver/Src/stm32f1xx_hal_rcc.c.obj
                0x0000000008002cd0                HAL_RCC_GetSysClockFreq
 .text.HAL_RCC_ClockConfig
                0x0000000008002d24      0x16c CMakeFiles/main.elf.dir/Drivers/STM32F1xx_HAL_Driver/Src/stm32f1xx_hal_rcc.c.obj
                0x0000000008002d24                HAL_RCC_ClockConfig
 .text.HAL_RCC_GetHCLKFreq
                0x0000000008002e90        0xc CMakeFiles/main.elf.dir/Drivers/STM32F1xx_HAL_Driver/Src/stm32f1xx_hal_rcc.c.obj
                0x0000000008002e90                HAL_RCC_GetHCLKFreq
 .text.HAL_RCC_GetPCLK1Freq
                0x0000000008002e9c       0x20 CMakeFiles/main.elf.dir/Drivers/STM32F1xx_HAL_Driver/Src/stm32f1xx_hal_rcc.c.obj
                0x0000000008002e9c                HAL_RCC_GetPCLK1Freq
 .text.HAL_RCC_GetPCLK2Freq
                0x0000000008002ebc       0x20 CMakeFiles/main.elf.dir/Drivers/STM32F1xx_HAL_Driver/Src/stm32f1xx_hal_rcc.c.obj
                0x0000000008002ebc                HAL_RCC_GetPCLK2Freq
 .text.SPI_WaitFlagStateUntilTimeout
                0x0000000008002edc       0xd4 CMakeFiles/main.elf.dir/Drivers/STM32F1xx_HAL_Driver/Src/stm32f1xx_hal_spi.c.obj
 .text.SPI_EndRxTxTransaction
                0x0000000008002fb0       0x24 CMakeFiles/main.elf.dir/Drivers/STM32F1xx_HAL_Driver/Src/stm32f1xx_hal_spi.c.obj
 .text.HAL_SPI_Init
                0x0000000008002fd4       0xb6 CMakeFiles/main.elf.dir/Drivers/STM32F1xx_HAL_Driver/Src/stm32f1xx_hal_spi.c.obj
                0x0000000008002fd4                HAL_SPI_Init
 .text.HAL_SPI_Transmit
                0x000000000800308a      0x1b8 CMakeFiles/main.elf.dir/Drivers/STM32F1xx_HAL_Driver/Src/stm32f1xx_hal_spi.c.obj
                0x000000000800308a                HAL_SPI_Transmit
 .text.HAL_SPI_TransmitReceive
                0x0000000008003242      0x244 CMakeFiles/main.elf.dir/Drivers/STM32F1xx_HAL_Driver/Src/stm32f1xx_hal_spi.c.obj
                0x0000000008003242                HAL_SPI_TransmitReceive
 .text.UART_EndRxTransfer
                0x0000000008003486       0x5c CMakeFiles/main.elf.dir/Drivers/STM32F1xx_HAL_Driver/Src/stm32f1xx_hal_uart.c.obj
 .text.UART_Transmit_IT
                0x00000000080034e2       0x60 CMakeFiles/main.elf.dir/Drivers/STM32F1xx_HAL_Driver/Src/stm32f1xx_hal_uart.c.obj
 *fill*         0x0000000008003542        0x2 
 .text.UART_SetConfig
                0x0000000008003544       0x94 CMakeFiles/main.elf.dir/Drivers/STM32F1xx_HAL_Driver/Src/stm32f1xx_hal_uart.c.obj
 .text.UART_WaitOnFlagUntilTimeout
                0x00000000080035d8       0x88 CMakeFiles/main.elf.dir/Drivers/STM32F1xx_HAL_Driver/Src/stm32f1xx_hal_uart.c.obj
 .text.HAL_UART_Init
                0x0000000008003660       0x60 CMakeFiles/main.elf.dir/Drivers/STM32F1xx_HAL_Driver/Src/stm32f1xx_hal_uart.c.obj
                0x0000000008003660                HAL_UART_Init
 .text.HAL_UART_Transmit
                0x00000000080036c0       0xbe CMakeFiles/main.elf.dir/Drivers/STM32F1xx_HAL_Driver/Src/stm32f1xx_hal_uart.c.obj
                0x00000000080036c0                HAL_UART_Transmit
 .text.HAL_UART_TxCpltCallback
                0x000000000800377e        0x2 CMakeFiles/main.elf.dir/Drivers/STM32F1xx_HAL_Driver/Src/stm32f1xx_hal_uart.c.obj
                0x000000000800377e                HAL_UART_TxCpltCallback
 .text.UART_EndTransmit_IT
                0x0000000008003780       0x1a CMakeFiles/main.elf.dir/Drivers/STM32F1xx_HAL_Driver/Src/stm32f1xx_hal_uart.c.obj
 .text.HAL_UART_ErrorCallback
                0x000000000800379a        0x2 CMakeFiles/main.elf.dir/Drivers/STM32F1xx_HAL_Driver/Src/stm32f1xx_hal_uart.c.obj
                0x000000000800379a                HAL_UART_ErrorCallback
 .text.UART_DMAAbortOnError
                0x000000000800379c       0x10 CMakeFiles/main.elf.dir/Drivers/STM32F1xx_HAL_Driver/Src/stm32f1xx_hal_uart.c.obj
 .text.HAL_UARTEx_RxEventCallback
                0x00000000080037ac        0x2 CMakeFiles/main.elf.dir/Drivers/STM32F1xx_HAL_Driver/Src/stm32f1xx_hal_uart.c.obj
                0x00000000080037ac                HAL_UARTEx_RxEventCallback
 .text.UART_Receive_IT
                0x00000000080037ae       0xe6 CMakeFiles/main.elf.dir/Drivers/STM32F1xx_HAL_Driver/Src/stm32f1xx_hal_uart.c.obj
 .text.HAL_UART_IRQHandler
                0x0000000008003894      0x288 CMakeFiles/main.elf.dir/Drivers/STM32F1xx_HAL_Driver/Src/stm32f1xx_hal_uart.c.obj
                0x0000000008003894                HAL_UART_IRQHandler
 .text.HAL_UART_GetState
                0x0000000008003b1c        0xc CMakeFiles/main.elf.dir/Drivers/STM32F1xx_HAL_Driver/Src/stm32f1xx_hal_uart.c.obj
                0x0000000008003b1c                HAL_UART_GetState
 .text.UART_Start_Receive_IT
                0x0000000008003b28       0x36 CMakeFiles/main.elf.dir/Drivers/STM32F1xx_HAL_Driver/Src/stm32f1xx_hal_uart.c.obj
                0x0000000008003b28                UART_Start_Receive_IT
 .text.HAL_UART_Receive_IT
                0x0000000008003b5e       0x26 CMakeFiles/main.elf.dir/Drivers/STM32F1xx_HAL_Driver/Src/stm32f1xx_hal_uart.c.obj
                0x0000000008003b5e                HAL_UART_Receive_IT
 .text.get_accel_prod_shift
                0x0000000008003b84       0xc4 CMakeFiles/main.elf.dir/HARDWARE/MPU6050/eMPL/inv_mpu.c.obj
 .text.accel_self_test
                0x0000000008003c48       0xa8 CMakeFiles/main.elf.dir/HARDWARE/MPU6050/eMPL/inv_mpu.c.obj
 .text.gyro_self_test
                0x0000000008003cf0      0x100 CMakeFiles/main.elf.dir/HARDWARE/MPU6050/eMPL/inv_mpu.c.obj
 .text.set_int_enable
                0x0000000008003df0       0x98 CMakeFiles/main.elf.dir/HARDWARE/MPU6050/eMPL/inv_mpu.c.obj
 .text.get_st_biases
                0x0000000008003e88      0x428 CMakeFiles/main.elf.dir/HARDWARE/MPU6050/eMPL/inv_mpu.c.obj
 .text.mpu_reset_fifo
                0x00000000080042b0      0x1f8 CMakeFiles/main.elf.dir/HARDWARE/MPU6050/eMPL/inv_mpu.c.obj
                0x00000000080042b0                mpu_reset_fifo
 .text.mpu_get_gyro_fsr
                0x00000000080044a8       0x3c CMakeFiles/main.elf.dir/HARDWARE/MPU6050/eMPL/inv_mpu.c.obj
                0x00000000080044a8                mpu_get_gyro_fsr
 .text.mpu_set_gyro_fsr
                0x00000000080044e4       0x98 CMakeFiles/main.elf.dir/HARDWARE/MPU6050/eMPL/inv_mpu.c.obj
                0x00000000080044e4                mpu_set_gyro_fsr
 .text.mpu_get_accel_fsr
                0x000000000800457c       0x44 CMakeFiles/main.elf.dir/HARDWARE/MPU6050/eMPL/inv_mpu.c.obj
                0x000000000800457c                mpu_get_accel_fsr
 .text.mpu_set_accel_fsr
                0x00000000080045c0       0x94 CMakeFiles/main.elf.dir/HARDWARE/MPU6050/eMPL/inv_mpu.c.obj
                0x00000000080045c0                mpu_set_accel_fsr
 .text.mpu_get_lpf
                0x0000000008004654       0x44 CMakeFiles/main.elf.dir/HARDWARE/MPU6050/eMPL/inv_mpu.c.obj
                0x0000000008004654                mpu_get_lpf
 .text.mpu_set_lpf
                0x0000000008004698       0x94 CMakeFiles/main.elf.dir/HARDWARE/MPU6050/eMPL/inv_mpu.c.obj
                0x0000000008004698                mpu_set_lpf
 .text.mpu_get_sample_rate
                0x000000000800472c       0x1c CMakeFiles/main.elf.dir/HARDWARE/MPU6050/eMPL/inv_mpu.c.obj
                0x000000000800472c                mpu_get_sample_rate
 .text.mpu_get_gyro_sens
                0x0000000008004748       0x4c CMakeFiles/main.elf.dir/HARDWARE/MPU6050/eMPL/inv_mpu.c.obj
                0x0000000008004748                mpu_get_gyro_sens
 .text.mpu_get_accel_sens
                0x0000000008004794       0x4c CMakeFiles/main.elf.dir/HARDWARE/MPU6050/eMPL/inv_mpu.c.obj
                0x0000000008004794                mpu_get_accel_sens
 .text.mpu_get_fifo_config
                0x00000000080047e0       0x10 CMakeFiles/main.elf.dir/HARDWARE/MPU6050/eMPL/inv_mpu.c.obj
                0x00000000080047e0                mpu_get_fifo_config
 .text.mpu_configure_fifo
                0x00000000080047f0       0x64 CMakeFiles/main.elf.dir/HARDWARE/MPU6050/eMPL/inv_mpu.c.obj
                0x00000000080047f0                mpu_configure_fifo
 .text.mpu_read_fifo_stream
                0x0000000008004854       0xc0 CMakeFiles/main.elf.dir/HARDWARE/MPU6050/eMPL/inv_mpu.c.obj
                0x0000000008004854                mpu_read_fifo_stream
 .text.mpu_set_bypass
                0x0000000008004914      0x168 CMakeFiles/main.elf.dir/HARDWARE/MPU6050/eMPL/inv_mpu.c.obj
                0x0000000008004914                mpu_set_bypass
 .text.mpu_set_int_latched
                0x0000000008004a7c       0x74 CMakeFiles/main.elf.dir/HARDWARE/MPU6050/eMPL/inv_mpu.c.obj
                0x0000000008004a7c                mpu_set_int_latched
 .text.mpu_lp_accel_mode
                0x0000000008004af0       0xdc CMakeFiles/main.elf.dir/HARDWARE/MPU6050/eMPL/inv_mpu.c.obj
                0x0000000008004af0                mpu_lp_accel_mode
 .text.mpu_set_sample_rate
                0x0000000008004bcc       0xa0 CMakeFiles/main.elf.dir/HARDWARE/MPU6050/eMPL/inv_mpu.c.obj
                0x0000000008004bcc                mpu_set_sample_rate
 .text.mpu_set_sensors
                0x0000000008004c6c       0xe4 CMakeFiles/main.elf.dir/HARDWARE/MPU6050/eMPL/inv_mpu.c.obj
                0x0000000008004c6c                mpu_set_sensors
 .text.mpu_init
                0x0000000008004d50      0x1b8 CMakeFiles/main.elf.dir/HARDWARE/MPU6050/eMPL/inv_mpu.c.obj
                0x0000000008004d50                mpu_init
 .text.mpu_write_mem
                0x0000000008004f08       0x74 CMakeFiles/main.elf.dir/HARDWARE/MPU6050/eMPL/inv_mpu.c.obj
                0x0000000008004f08                mpu_write_mem
 .text.mpu_read_mem
                0x0000000008004f7c       0x74 CMakeFiles/main.elf.dir/HARDWARE/MPU6050/eMPL/inv_mpu.c.obj
                0x0000000008004f7c                mpu_read_mem
 .text.mpu_load_firmware
                0x0000000008004ff0       0xb4 CMakeFiles/main.elf.dir/HARDWARE/MPU6050/eMPL/inv_mpu.c.obj
                0x0000000008004ff0                mpu_load_firmware
 .text.mpu_set_dmp_state
                0x00000000080050a4       0x94 CMakeFiles/main.elf.dir/HARDWARE/MPU6050/eMPL/inv_mpu.c.obj
                0x00000000080050a4                mpu_set_dmp_state
 .text.mpu_run_self_test
                0x0000000008005138      0x104 CMakeFiles/main.elf.dir/HARDWARE/MPU6050/eMPL/inv_mpu.c.obj
                0x0000000008005138                mpu_run_self_test
 .text.run_self_test
                0x000000000800523c       0x88 CMakeFiles/main.elf.dir/HARDWARE/MPU6050/eMPL/inv_mpu.c.obj
                0x000000000800523c                run_self_test
 .text.inv_row_2_scale
                0x00000000080052c4       0x3a CMakeFiles/main.elf.dir/HARDWARE/MPU6050/eMPL/inv_mpu.c.obj
                0x00000000080052c4                inv_row_2_scale
 .text.inv_orientation_matrix_to_scalar
                0x00000000080052fe       0x24 CMakeFiles/main.elf.dir/HARDWARE/MPU6050/eMPL/inv_mpu.c.obj
                0x00000000080052fe                inv_orientation_matrix_to_scalar
 .text.mget_ms  0x0000000008005322        0x2 CMakeFiles/main.elf.dir/HARDWARE/MPU6050/eMPL/inv_mpu.c.obj
                0x0000000008005322                mget_ms
 .text.mpu_dmp_init
                0x0000000008005324       0xa4 CMakeFiles/main.elf.dir/HARDWARE/MPU6050/eMPL/inv_mpu.c.obj
                0x0000000008005324                mpu_dmp_init
 .text.mpu_dmp_get_data
                0x00000000080053c8      0x1c8 CMakeFiles/main.elf.dir/HARDWARE/MPU6050/eMPL/inv_mpu.c.obj
                0x00000000080053c8                mpu_dmp_get_data
 .text.decode_gesture
                0x0000000008005590       0x3c CMakeFiles/main.elf.dir/HARDWARE/MPU6050/eMPL/inv_mpu_dmp_motion_driver.c.obj
 .text.dmp_load_motion_driver_firmware
                0x00000000080055cc       0x18 CMakeFiles/main.elf.dir/HARDWARE/MPU6050/eMPL/inv_mpu_dmp_motion_driver.c.obj
                0x00000000080055cc                dmp_load_motion_driver_firmware
 .text.dmp_set_orientation
                0x00000000080055e4      0x14c CMakeFiles/main.elf.dir/HARDWARE/MPU6050/eMPL/inv_mpu_dmp_motion_driver.c.obj
                0x00000000080055e4                dmp_set_orientation
 .text.dmp_set_gyro_bias
                0x0000000008005730      0x110 CMakeFiles/main.elf.dir/HARDWARE/MPU6050/eMPL/inv_mpu_dmp_motion_driver.c.obj
                0x0000000008005730                dmp_set_gyro_bias
 .text.dmp_set_accel_bias
                0x0000000008005840       0xf4 CMakeFiles/main.elf.dir/HARDWARE/MPU6050/eMPL/inv_mpu_dmp_motion_driver.c.obj
                0x0000000008005840                dmp_set_accel_bias
 .text.dmp_set_fifo_rate
                0x0000000008005934       0x68 CMakeFiles/main.elf.dir/HARDWARE/MPU6050/eMPL/inv_mpu_dmp_motion_driver.c.obj
                0x0000000008005934                dmp_set_fifo_rate
 .text.dmp_set_tap_thresh
                0x000000000800599c      0x1a0 CMakeFiles/main.elf.dir/HARDWARE/MPU6050/eMPL/inv_mpu_dmp_motion_driver.c.obj
                0x000000000800599c                dmp_set_tap_thresh
 .text.dmp_set_tap_axes
                0x0000000008005b3c       0x4e CMakeFiles/main.elf.dir/HARDWARE/MPU6050/eMPL/inv_mpu_dmp_motion_driver.c.obj
                0x0000000008005b3c                dmp_set_tap_axes
 .text.dmp_set_tap_count
                0x0000000008005b8a       0x2c CMakeFiles/main.elf.dir/HARDWARE/MPU6050/eMPL/inv_mpu_dmp_motion_driver.c.obj
                0x0000000008005b8a                dmp_set_tap_count
 *fill*         0x0000000008005bb6        0x2 
 .text.dmp_set_tap_time
                0x0000000008005bb8       0x30 CMakeFiles/main.elf.dir/HARDWARE/MPU6050/eMPL/inv_mpu_dmp_motion_driver.c.obj
                0x0000000008005bb8                dmp_set_tap_time
 .text.dmp_set_tap_time_multi
                0x0000000008005be8       0x30 CMakeFiles/main.elf.dir/HARDWARE/MPU6050/eMPL/inv_mpu_dmp_motion_driver.c.obj
                0x0000000008005be8                dmp_set_tap_time_multi
 .text.dmp_set_shake_reject_thresh
                0x0000000008005c18       0x44 CMakeFiles/main.elf.dir/HARDWARE/MPU6050/eMPL/inv_mpu_dmp_motion_driver.c.obj
                0x0000000008005c18                dmp_set_shake_reject_thresh
 .text.dmp_set_shake_reject_time
                0x0000000008005c5c       0x2c CMakeFiles/main.elf.dir/HARDWARE/MPU6050/eMPL/inv_mpu_dmp_motion_driver.c.obj
                0x0000000008005c5c                dmp_set_shake_reject_time
 .text.dmp_set_shake_reject_timeout
                0x0000000008005c88       0x2c CMakeFiles/main.elf.dir/HARDWARE/MPU6050/eMPL/inv_mpu_dmp_motion_driver.c.obj
                0x0000000008005c88                dmp_set_shake_reject_timeout
 .text.dmp_enable_gyro_cal
                0x0000000008005cb4       0x44 CMakeFiles/main.elf.dir/HARDWARE/MPU6050/eMPL/inv_mpu_dmp_motion_driver.c.obj
                0x0000000008005cb4                dmp_enable_gyro_cal
 .text.dmp_enable_lp_quat
                0x0000000008005cf8       0x3c CMakeFiles/main.elf.dir/HARDWARE/MPU6050/eMPL/inv_mpu_dmp_motion_driver.c.obj
                0x0000000008005cf8                dmp_enable_lp_quat
 .text.dmp_enable_6x_lp_quat
                0x0000000008005d34       0x3c CMakeFiles/main.elf.dir/HARDWARE/MPU6050/eMPL/inv_mpu_dmp_motion_driver.c.obj
                0x0000000008005d34                dmp_enable_6x_lp_quat
 .text.dmp_enable_feature
                0x0000000008005d70      0x218 CMakeFiles/main.elf.dir/HARDWARE/MPU6050/eMPL/inv_mpu_dmp_motion_driver.c.obj
                0x0000000008005d70                dmp_enable_feature
 .text.dmp_read_fifo
                0x0000000008005f88      0x1f4 CMakeFiles/main.elf.dir/HARDWARE/MPU6050/eMPL/inv_mpu_dmp_motion_driver.c.obj
                0x0000000008005f88                dmp_read_fifo
 .text.MPU_Write_Len
                0x000000000800617c       0x62 CMakeFiles/main.elf.dir/HARDWARE/MPU6050/mpu6050.c.obj
                0x000000000800617c                MPU_Write_Len
 .text.MPU_Read_Len
                0x00000000080061de       0x6c CMakeFiles/main.elf.dir/HARDWARE/MPU6050/mpu6050.c.obj
                0x00000000080061de                MPU_Read_Len
 *fill*         0x000000000800624a        0x6 
 .text.MPU_Get_Temperature
                0x0000000008006250       0x60 CMakeFiles/main.elf.dir/HARDWARE/MPU6050/mpu6050.c.obj
                0x0000000008006250                MPU_Get_Temperature
 .text.MPU_Get_Gyroscope
                0x00000000080062b0       0x46 CMakeFiles/main.elf.dir/HARDWARE/MPU6050/mpu6050.c.obj
                0x00000000080062b0                MPU_Get_Gyroscope
 .text.MPU_Get_Accelerometer
                0x00000000080062f6       0x46 CMakeFiles/main.elf.dir/HARDWARE/MPU6050/mpu6050.c.obj
                0x00000000080062f6                MPU_Get_Accelerometer
 .text.MPU_Write_Byte
                0x000000000800633c       0x46 CMakeFiles/main.elf.dir/HARDWARE/MPU6050/mpu6050.c.obj
                0x000000000800633c                MPU_Write_Byte
 .text.MPU_Set_Gyro_Fsr
                0x0000000008006382       0x10 CMakeFiles/main.elf.dir/HARDWARE/MPU6050/mpu6050.c.obj
                0x0000000008006382                MPU_Set_Gyro_Fsr
 .text.MPU_Set_Accel_Fsr
                0x0000000008006392       0x10 CMakeFiles/main.elf.dir/HARDWARE/MPU6050/mpu6050.c.obj
                0x0000000008006392                MPU_Set_Accel_Fsr
 .text.MPU_Set_LPF
                0x00000000080063a2       0x34 CMakeFiles/main.elf.dir/HARDWARE/MPU6050/mpu6050.c.obj
                0x00000000080063a2                MPU_Set_LPF
 .text.MPU_Set_Rate
                0x00000000080063d6       0x32 CMakeFiles/main.elf.dir/HARDWARE/MPU6050/mpu6050.c.obj
                0x00000000080063d6                MPU_Set_Rate
 .text.MPU_Read_Byte
                0x0000000008006408       0x3a CMakeFiles/main.elf.dir/HARDWARE/MPU6050/mpu6050.c.obj
                0x0000000008006408                MPU_Read_Byte
 *fill*         0x0000000008006442        0x2 
 .text.MPU_Init
                0x0000000008006444       0xcc CMakeFiles/main.elf.dir/HARDWARE/MPU6050/mpu6050.c.obj
                0x0000000008006444                MPU_Init
 .text.MPU_IIC_Delay
                0x0000000008006510        0xa CMakeFiles/main.elf.dir/HARDWARE/MPU6050/mpuiic.c.obj
                0x0000000008006510                MPU_IIC_Delay
 *fill*         0x000000000800651a        0x2 
 .text.MPU_IIC_Init
                0x000000000800651c       0x48 CMakeFiles/main.elf.dir/HARDWARE/MPU6050/mpuiic.c.obj
                0x000000000800651c                MPU_IIC_Init
 .text.MPU_IIC_Start
                0x0000000008006564       0x3c CMakeFiles/main.elf.dir/HARDWARE/MPU6050/mpuiic.c.obj
                0x0000000008006564                MPU_IIC_Start
 .text.MPU_IIC_Stop
                0x00000000080065a0       0x3c CMakeFiles/main.elf.dir/HARDWARE/MPU6050/mpuiic.c.obj
                0x00000000080065a0                MPU_IIC_Stop
 .text.MPU_IIC_Wait_Ack
                0x00000000080065dc       0x54 CMakeFiles/main.elf.dir/HARDWARE/MPU6050/mpuiic.c.obj
                0x00000000080065dc                MPU_IIC_Wait_Ack
 .text.MPU_IIC_Ack
                0x0000000008006630       0x3c CMakeFiles/main.elf.dir/HARDWARE/MPU6050/mpuiic.c.obj
                0x0000000008006630                MPU_IIC_Ack
 .text.MPU_IIC_NAck
                0x000000000800666c       0x3c CMakeFiles/main.elf.dir/HARDWARE/MPU6050/mpuiic.c.obj
                0x000000000800666c                MPU_IIC_NAck
 .text.MPU_IIC_Send_Byte
                0x00000000080066a8       0x54 CMakeFiles/main.elf.dir/HARDWARE/MPU6050/mpuiic.c.obj
                0x00000000080066a8                MPU_IIC_Send_Byte
 .text.MPU_IIC_Read_Byte
                0x00000000080066fc       0x64 CMakeFiles/main.elf.dir/HARDWARE/MPU6050/mpuiic.c.obj
                0x00000000080066fc                MPU_IIC_Read_Byte
 .text.LCD_WR_REG
                0x0000000008006760       0x38 CMakeFiles/main.elf.dir/HARDWARE/OLED/oled.c.obj
                0x0000000008006760                LCD_WR_REG
 .text.LCD_WR_DATA
                0x0000000008006798       0x38 CMakeFiles/main.elf.dir/HARDWARE/OLED/oled.c.obj
                0x0000000008006798                LCD_WR_DATA
 .text.LCD_WR_DATA_16Bit
                0x00000000080067d0       0x4c CMakeFiles/main.elf.dir/HARDWARE/OLED/oled.c.obj
                0x00000000080067d0                LCD_WR_DATA_16Bit
 .text.LCD_WriteReg
                0x000000000800681c       0x12 CMakeFiles/main.elf.dir/HARDWARE/OLED/oled.c.obj
                0x000000000800681c                LCD_WriteReg
 *fill*         0x000000000800682e        0x2 
 .text.LCD_WriteRAM_Prepare
                0x0000000008006830       0x10 CMakeFiles/main.elf.dir/HARDWARE/OLED/oled.c.obj
                0x0000000008006830                LCD_WriteRAM_Prepare
 .text.LCD_RESET
                0x0000000008006840       0x10 CMakeFiles/main.elf.dir/HARDWARE/OLED/oled.c.obj
                0x0000000008006840                LCD_RESET
 .text.LCD_SetWindows
                0x0000000008006850       0x6c CMakeFiles/main.elf.dir/HARDWARE/OLED/oled.c.obj
                0x0000000008006850                LCD_SetWindows
 .text.LCD_Clear
                0x00000000080068bc       0x48 CMakeFiles/main.elf.dir/HARDWARE/OLED/oled.c.obj
                0x00000000080068bc                LCD_Clear
 .text.LCD_SetCursor
                0x0000000008006904        0xc CMakeFiles/main.elf.dir/HARDWARE/OLED/oled.c.obj
                0x0000000008006904                LCD_SetCursor
 .text.LCD_DrawPoint
                0x0000000008006910       0x14 CMakeFiles/main.elf.dir/HARDWARE/OLED/oled.c.obj
                0x0000000008006910                LCD_DrawPoint
 .text.LCD_SetParam
                0x0000000008006924       0x28 CMakeFiles/main.elf.dir/HARDWARE/OLED/oled.c.obj
                0x0000000008006924                LCD_SetParam
 .text.LCD_Init
                0x000000000800694c      0x228 CMakeFiles/main.elf.dir/HARDWARE/OLED/oled.c.obj
                0x000000000800694c                LCD_Init
 .text.W25QXX_ReadSR
                0x0000000008006b74       0x34 CMakeFiles/main.elf.dir/HARDWARE/W25QXX/w25qxx.c.obj
                0x0000000008006b74                W25QXX_ReadSR
 .text.W25QXX_ReadID
                0x0000000008006ba8       0x44 CMakeFiles/main.elf.dir/HARDWARE/W25QXX/w25qxx.c.obj
                0x0000000008006ba8                W25QXX_ReadID
 .text.W25QXX_Init
                0x0000000008006bec       0xc4 CMakeFiles/main.elf.dir/HARDWARE/W25QXX/w25qxx.c.obj
                0x0000000008006bec                W25QXX_Init
 .text.W25QXX_Read
                0x0000000008006cb0       0x68 CMakeFiles/main.elf.dir/HARDWARE/W25QXX/w25qxx.c.obj
                0x0000000008006cb0                W25QXX_Read
 .text.delay_init
                0x0000000008006d18       0x14 CMakeFiles/main.elf.dir/SYSTEM/DELAY/delay.c.obj
                0x0000000008006d18                delay_init
 .text.delay_us
                0x0000000008006d2c       0x3c CMakeFiles/main.elf.dir/SYSTEM/DELAY/delay.c.obj
                0x0000000008006d2c                delay_us
 .text.delay_ms
                0x0000000008006d68       0x18 CMakeFiles/main.elf.dir/SYSTEM/DELAY/delay.c.obj
                0x0000000008006d68                delay_ms
 .text.font_init
                0x0000000008006d80       0x4c CMakeFiles/main.elf.dir/TEXT/fontupd.c.obj
                0x0000000008006d80                font_init
 .text.LCD_ShowChar
                0x0000000008006dcc      0x134 CMakeFiles/main.elf.dir/TEXT/gui.c.obj
                0x0000000008006dcc                LCD_ShowChar
 .text.mypow    0x0000000008006f00       0x16 CMakeFiles/main.elf.dir/TEXT/gui.c.obj
                0x0000000008006f00                mypow
 *fill*         0x0000000008006f16        0x2 
 .text.LCD_ShowNum
                0x0000000008006f18       0xb0 CMakeFiles/main.elf.dir/TEXT/gui.c.obj
                0x0000000008006f18                LCD_ShowNum
 .text.Get_HzMat
                0x0000000008006fc8       0x7c CMakeFiles/main.elf.dir/TEXT/text.c.obj
                0x0000000008006fc8                Get_HzMat
 .text.Show_Font
                0x0000000008007044       0xb6 CMakeFiles/main.elf.dir/TEXT/text.c.obj
                0x0000000008007044                Show_Font
 *fill*         0x00000000080070fa        0x2 
 .text.Show_Str
                0x00000000080070fc       0x98 CMakeFiles/main.elf.dir/TEXT/text.c.obj
                0x00000000080070fc                Show_Str
 .text.__errno  0x0000000008007194        0xc /opt/homebrew/Cellar/arm-none-eabi-gcc/10.3-2021.07/gcc/bin/../lib/gcc/arm-none-eabi/10.3.1/../../../../arm-none-eabi/lib/thumb/v7-m/nofp/libg.a(lib_a-errno.o)
                0x0000000008007194                __errno
 .text.__libc_init_array
                0x00000000080071a0       0x48 /opt/homebrew/Cellar/arm-none-eabi-gcc/10.3-2021.07/gcc/bin/../lib/gcc/arm-none-eabi/10.3.1/../../../../arm-none-eabi/lib/thumb/v7-m/nofp/libg.a(lib_a-init.o)
                0x00000000080071a0                __libc_init_array
 .text.memcmp   0x00000000080071e8       0x68 /opt/homebrew/Cellar/arm-none-eabi-gcc/10.3-2021.07/gcc/bin/../lib/gcc/arm-none-eabi/10.3.1/../../../../arm-none-eabi/lib/thumb/v7-m/nofp/libg.a(lib_a-memcmp.o)
                0x00000000080071e8                memcmp
 .text.memset   0x0000000008007250       0xa4 /opt/homebrew/Cellar/arm-none-eabi-gcc/10.3-2021.07/gcc/bin/../lib/gcc/arm-none-eabi/10.3.1/../../../../arm-none-eabi/lib/thumb/v7-m/nofp/libg.a(lib_a-memset.o)
                0x0000000008007250                memset
 .text.printf   0x00000000080072f4       0x28 /opt/homebrew/Cellar/arm-none-eabi-gcc/10.3-2021.07/gcc/bin/../lib/gcc/arm-none-eabi/10.3.1/../../../../arm-none-eabi/lib/thumb/v7-m/nofp/libg.a(lib_a-printf.o)
                0x00000000080072f4                printf
 .text._puts_r  0x000000000800731c       0x9c /opt/homebrew/Cellar/arm-none-eabi-gcc/10.3-2021.07/gcc/bin/../lib/gcc/arm-none-eabi/10.3.1/../../../../arm-none-eabi/lib/thumb/v7-m/nofp/libg.a(lib_a-puts.o)
                0x000000000800731c                _puts_r
 .text.puts     0x00000000080073b8       0x10 /opt/homebrew/Cellar/arm-none-eabi-gcc/10.3-2021.07/gcc/bin/../lib/gcc/arm-none-eabi/10.3.1/../../../../arm-none-eabi/lib/thumb/v7-m/nofp/libg.a(lib_a-puts.o)
                0x00000000080073b8                puts
 .text.strlen   0x00000000080073c8       0x5c /opt/homebrew/Cellar/arm-none-eabi-gcc/10.3-2021.07/gcc/bin/../lib/gcc/arm-none-eabi/10.3.1/../../../../arm-none-eabi/lib/thumb/v7-m/nofp/libg.a(lib_a-strlen-stub.o)
                0x00000000080073c8                strlen
 .text._vfprintf_r
                0x0000000008007424     0x1b58 /opt/homebrew/Cellar/arm-none-eabi-gcc/10.3-2021.07/gcc/bin/../lib/gcc/arm-none-eabi/10.3.1/../../../../arm-none-eabi/lib/thumb/v7-m/nofp/libg.a(lib_a-vfprintf.o)
                0x0000000008007424                _vfprintf_r
 .text.__sbprintf
                0x0000000008008f7c       0x84 /opt/homebrew/Cellar/arm-none-eabi-gcc/10.3-2021.07/gcc/bin/../lib/gcc/arm-none-eabi/10.3.1/../../../../arm-none-eabi/lib/thumb/v7-m/nofp/libg.a(lib_a-vfprintf.o)
 .text.__swsetup_r
                0x0000000008009000       0xd4 /opt/homebrew/Cellar/arm-none-eabi-gcc/10.3-2021.07/gcc/bin/../lib/gcc/arm-none-eabi/10.3.1/../../../../arm-none-eabi/lib/thumb/v7-m/nofp/libg.a(lib_a-wsetup.o)
                0x0000000008009000                __swsetup_r
 .text.startup.register_fini
                0x00000000080090d4       0x14 /opt/homebrew/Cellar/arm-none-eabi-gcc/10.3-2021.07/gcc/bin/../lib/gcc/arm-none-eabi/10.3.1/../../../../arm-none-eabi/lib/thumb/v7-m/nofp/libg.a(lib_a-__call_atexit.o)
 .text.atexit   0x00000000080090e8        0xc /opt/homebrew/Cellar/arm-none-eabi-gcc/10.3-2021.07/gcc/bin/../lib/gcc/arm-none-eabi/10.3.1/../../../../arm-none-eabi/lib/thumb/v7-m/nofp/libg.a(lib_a-atexit.o)
                0x00000000080090e8                atexit
 .text.quorem   0x00000000080090f4      0x12c /opt/homebrew/Cellar/arm-none-eabi-gcc/10.3-2021.07/gcc/bin/../lib/gcc/arm-none-eabi/10.3.1/../../../../arm-none-eabi/lib/thumb/v7-m/nofp/libg.a(lib_a-dtoa.o)
 .text._dtoa_r  0x0000000008009220      0xecc /opt/homebrew/Cellar/arm-none-eabi-gcc/10.3-2021.07/gcc/bin/../lib/gcc/arm-none-eabi/10.3.1/../../../../arm-none-eabi/lib/thumb/v7-m/nofp/libg.a(lib_a-dtoa.o)
                0x0000000008009220                _dtoa_r
 .text.__sflush_r
                0x000000000800a0ec      0x124 /opt/homebrew/Cellar/arm-none-eabi-gcc/10.3-2021.07/gcc/bin/../lib/gcc/arm-none-eabi/10.3.1/../../../../arm-none-eabi/lib/thumb/v7-m/nofp/libg.a(lib_a-fflush.o)
                0x000000000800a0ec                __sflush_r
 .text._fflush_r
                0x000000000800a210       0x5c /opt/homebrew/Cellar/arm-none-eabi-gcc/10.3-2021.07/gcc/bin/../lib/gcc/arm-none-eabi/10.3.1/../../../../arm-none-eabi/lib/thumb/v7-m/nofp/libg.a(lib_a-fflush.o)
                0x000000000800a210                _fflush_r
 .text._cleanup_r
                0x000000000800a26c        0xc /opt/homebrew/Cellar/arm-none-eabi-gcc/10.3-2021.07/gcc/bin/../lib/gcc/arm-none-eabi/10.3.1/../../../../arm-none-eabi/lib/thumb/v7-m/nofp/libg.a(lib_a-findfp.o)
                0x000000000800a26c                _cleanup_r
 .text.__sinit  0x000000000800a278      0x10c /opt/homebrew/Cellar/arm-none-eabi-gcc/10.3-2021.07/gcc/bin/../lib/gcc/arm-none-eabi/10.3.1/../../../../arm-none-eabi/lib/thumb/v7-m/nofp/libg.a(lib_a-findfp.o)
                0x000000000800a278                __sinit
 .text.__sfp_lock_acquire
                0x000000000800a384        0xc /opt/homebrew/Cellar/arm-none-eabi-gcc/10.3-2021.07/gcc/bin/../lib/gcc/arm-none-eabi/10.3.1/../../../../arm-none-eabi/lib/thumb/v7-m/nofp/libg.a(lib_a-findfp.o)
                0x000000000800a384                __sfp_lock_acquire
 .text.__sfp_lock_release
                0x000000000800a390        0xc /opt/homebrew/Cellar/arm-none-eabi-gcc/10.3-2021.07/gcc/bin/../lib/gcc/arm-none-eabi/10.3.1/../../../../arm-none-eabi/lib/thumb/v7-m/nofp/libg.a(lib_a-findfp.o)
                0x000000000800a390                __sfp_lock_release
 .text.__libc_fini_array
                0x000000000800a39c       0x2c /opt/homebrew/Cellar/arm-none-eabi-gcc/10.3-2021.07/gcc/bin/../lib/gcc/arm-none-eabi/10.3.1/../../../../arm-none-eabi/lib/thumb/v7-m/nofp/libg.a(lib_a-fini.o)
                0x000000000800a39c                __libc_fini_array
 .text._malloc_trim_r
                0x000000000800a3c8       0xa0 /opt/homebrew/Cellar/arm-none-eabi-gcc/10.3-2021.07/gcc/bin/../lib/gcc/arm-none-eabi/10.3.1/../../../../arm-none-eabi/lib/thumb/v7-m/nofp/libg.a(lib_a-freer.o)
                0x000000000800a3c8                _malloc_trim_r
 .text._free_r  0x000000000800a468      0x200 /opt/homebrew/Cellar/arm-none-eabi-gcc/10.3-2021.07/gcc/bin/../lib/gcc/arm-none-eabi/10.3.1/../../../../arm-none-eabi/lib/thumb/v7-m/nofp/libg.a(lib_a-freer.o)
                0x000000000800a468                _free_r
 .text.__sfvwrite_r
                0x000000000800a668      0x2f0 /opt/homebrew/Cellar/arm-none-eabi-gcc/10.3-2021.07/gcc/bin/../lib/gcc/arm-none-eabi/10.3.1/../../../../arm-none-eabi/lib/thumb/v7-m/nofp/libg.a(lib_a-fvwrite.o)
                0x000000000800a668                __sfvwrite_r
 .text._fwalk_reent
                0x000000000800a958       0x48 /opt/homebrew/Cellar/arm-none-eabi-gcc/10.3-2021.07/gcc/bin/../lib/gcc/arm-none-eabi/10.3.1/../../../../arm-none-eabi/lib/thumb/v7-m/nofp/libg.a(lib_a-fwalk.o)
                0x000000000800a958                _fwalk_reent
 .text._localeconv_r
                0x000000000800a9a0        0x8 /opt/homebrew/Cellar/arm-none-eabi-gcc/10.3-2021.07/gcc/bin/../lib/gcc/arm-none-eabi/10.3.1/../../../../arm-none-eabi/lib/thumb/v7-m/nofp/libg.a(lib_a-localeconv.o)
                0x000000000800a9a0                _localeconv_r
 .text.__retarget_lock_init_recursive
                0x000000000800a9a8        0x4 /opt/homebrew/Cellar/arm-none-eabi-gcc/10.3-2021.07/gcc/bin/../lib/gcc/arm-none-eabi/10.3.1/../../../../arm-none-eabi/lib/thumb/v7-m/nofp/libg.a(lib_a-lock.o)
                0x000000000800a9a8                __retarget_lock_init_recursive
 .text.__retarget_lock_close_recursive
                0x000000000800a9ac        0x4 /opt/homebrew/Cellar/arm-none-eabi-gcc/10.3-2021.07/gcc/bin/../lib/gcc/arm-none-eabi/10.3.1/../../../../arm-none-eabi/lib/thumb/v7-m/nofp/libg.a(lib_a-lock.o)
                0x000000000800a9ac                __retarget_lock_close_recursive
 .text.__retarget_lock_acquire_recursive
                0x000000000800a9b0        0x4 /opt/homebrew/Cellar/arm-none-eabi-gcc/10.3-2021.07/gcc/bin/../lib/gcc/arm-none-eabi/10.3.1/../../../../arm-none-eabi/lib/thumb/v7-m/nofp/libg.a(lib_a-lock.o)
                0x000000000800a9b0                __retarget_lock_acquire_recursive
 .text.__retarget_lock_release_recursive
                0x000000000800a9b4        0x4 /opt/homebrew/Cellar/arm-none-eabi-gcc/10.3-2021.07/gcc/bin/../lib/gcc/arm-none-eabi/10.3.1/../../../../arm-none-eabi/lib/thumb/v7-m/nofp/libg.a(lib_a-lock.o)
                0x000000000800a9b4                __retarget_lock_release_recursive
 .text.__smakebuf_r
                0x000000000800a9b8       0xe0 /opt/homebrew/Cellar/arm-none-eabi-gcc/10.3-2021.07/gcc/bin/../lib/gcc/arm-none-eabi/10.3.1/../../../../arm-none-eabi/lib/thumb/v7-m/nofp/libg.a(lib_a-makebuf.o)
                0x000000000800a9b8                __smakebuf_r
 .text._malloc_r
                0x000000000800aa98      0x558 /opt/homebrew/Cellar/arm-none-eabi-gcc/10.3-2021.07/gcc/bin/../lib/gcc/arm-none-eabi/10.3.1/../../../../arm-none-eabi/lib/thumb/v7-m/nofp/libg.a(lib_a-mallocr.o)
                0x000000000800aa98                _malloc_r
 .text.memchr   0x000000000800aff0       0x90 /opt/homebrew/Cellar/arm-none-eabi-gcc/10.3-2021.07/gcc/bin/../lib/gcc/arm-none-eabi/10.3.1/../../../../arm-none-eabi/lib/thumb/v7-m/nofp/libg.a(lib_a-memchr-stub.o)
                0x000000000800aff0                memchr
 .text.memmove  0x000000000800b080       0xf8 /opt/homebrew/Cellar/arm-none-eabi-gcc/10.3-2021.07/gcc/bin/../lib/gcc/arm-none-eabi/10.3.1/../../../../arm-none-eabi/lib/thumb/v7-m/nofp/libg.a(lib_a-memmove.o)
                0x000000000800b080                memmove
 .text.__malloc_lock
                0x000000000800b178        0xc /opt/homebrew/Cellar/arm-none-eabi-gcc/10.3-2021.07/gcc/bin/../lib/gcc/arm-none-eabi/10.3.1/../../../../arm-none-eabi/lib/thumb/v7-m/nofp/libg.a(lib_a-mlock.o)
                0x000000000800b178                __malloc_lock
 .text.__malloc_unlock
                0x000000000800b184        0xc /opt/homebrew/Cellar/arm-none-eabi-gcc/10.3-2021.07/gcc/bin/../lib/gcc/arm-none-eabi/10.3.1/../../../../arm-none-eabi/lib/thumb/v7-m/nofp/libg.a(lib_a-mlock.o)
                0x000000000800b184                __malloc_unlock
 .text._Balloc  0x000000000800b190       0x4c /opt/homebrew/Cellar/arm-none-eabi-gcc/10.3-2021.07/gcc/bin/../lib/gcc/arm-none-eabi/10.3.1/../../../../arm-none-eabi/lib/thumb/v7-m/nofp/libg.a(lib_a-mprec.o)
                0x000000000800b190                _Balloc
 .text._Bfree   0x000000000800b1dc       0x14 /opt/homebrew/Cellar/arm-none-eabi-gcc/10.3-2021.07/gcc/bin/../lib/gcc/arm-none-eabi/10.3.1/../../../../arm-none-eabi/lib/thumb/v7-m/nofp/libg.a(lib_a-mprec.o)
                0x000000000800b1dc                _Bfree
 .text.__multadd
                0x000000000800b1f0       0xa4 /opt/homebrew/Cellar/arm-none-eabi-gcc/10.3-2021.07/gcc/bin/../lib/gcc/arm-none-eabi/10.3.1/../../../../arm-none-eabi/lib/thumb/v7-m/nofp/libg.a(lib_a-mprec.o)
                0x000000000800b1f0                __multadd
 .text.__hi0bits
                0x000000000800b294       0x40 /opt/homebrew/Cellar/arm-none-eabi-gcc/10.3-2021.07/gcc/bin/../lib/gcc/arm-none-eabi/10.3.1/../../../../arm-none-eabi/lib/thumb/v7-m/nofp/libg.a(lib_a-mprec.o)
                0x000000000800b294                __hi0bits
 .text.__lo0bits
                0x000000000800b2d4       0x58 /opt/homebrew/Cellar/arm-none-eabi-gcc/10.3-2021.07/gcc/bin/../lib/gcc/arm-none-eabi/10.3.1/../../../../arm-none-eabi/lib/thumb/v7-m/nofp/libg.a(lib_a-mprec.o)
                0x000000000800b2d4                __lo0bits
 .text.__i2b    0x000000000800b32c       0x5c /opt/homebrew/Cellar/arm-none-eabi-gcc/10.3-2021.07/gcc/bin/../lib/gcc/arm-none-eabi/10.3.1/../../../../arm-none-eabi/lib/thumb/v7-m/nofp/libg.a(lib_a-mprec.o)
                0x000000000800b32c                __i2b
 .text.__multiply
                0x000000000800b388      0x15c /opt/homebrew/Cellar/arm-none-eabi-gcc/10.3-2021.07/gcc/bin/../lib/gcc/arm-none-eabi/10.3.1/../../../../arm-none-eabi/lib/thumb/v7-m/nofp/libg.a(lib_a-mprec.o)
                0x000000000800b388                __multiply
 .text.__pow5mult
                0x000000000800b4e4       0xb8 /opt/homebrew/Cellar/arm-none-eabi-gcc/10.3-2021.07/gcc/bin/../lib/gcc/arm-none-eabi/10.3.1/../../../../arm-none-eabi/lib/thumb/v7-m/nofp/libg.a(lib_a-mprec.o)
                0x000000000800b4e4                __pow5mult
 .text.__lshift
                0x000000000800b59c       0xec /opt/homebrew/Cellar/arm-none-eabi-gcc/10.3-2021.07/gcc/bin/../lib/gcc/arm-none-eabi/10.3.1/../../../../arm-none-eabi/lib/thumb/v7-m/nofp/libg.a(lib_a-mprec.o)
                0x000000000800b59c                __lshift
 .text.__mcmp   0x000000000800b688       0x40 /opt/homebrew/Cellar/arm-none-eabi-gcc/10.3-2021.07/gcc/bin/../lib/gcc/arm-none-eabi/10.3.1/../../../../arm-none-eabi/lib/thumb/v7-m/nofp/libg.a(lib_a-mprec.o)
                0x000000000800b688                __mcmp
 .text.__mdiff  0x000000000800b6c8      0x14c /opt/homebrew/Cellar/arm-none-eabi-gcc/10.3-2021.07/gcc/bin/../lib/gcc/arm-none-eabi/10.3.1/../../../../arm-none-eabi/lib/thumb/v7-m/nofp/libg.a(lib_a-mprec.o)
                0x000000000800b6c8                __mdiff
 .text.__d2b    0x000000000800b814       0xc4 /opt/homebrew/Cellar/arm-none-eabi-gcc/10.3-2021.07/gcc/bin/../lib/gcc/arm-none-eabi/10.3.1/../../../../arm-none-eabi/lib/thumb/v7-m/nofp/libg.a(lib_a-mprec.o)
                0x000000000800b814                __d2b
 .text._realloc_r
                0x000000000800b8d8      0x3dc /opt/homebrew/Cellar/arm-none-eabi-gcc/10.3-2021.07/gcc/bin/../lib/gcc/arm-none-eabi/10.3.1/../../../../arm-none-eabi/lib/thumb/v7-m/nofp/libg.a(lib_a-reallocr.o)
                0x000000000800b8d8                _realloc_r
 .text.frexp    0x000000000800bcb4       0x70 /opt/homebrew/Cellar/arm-none-eabi-gcc/10.3-2021.07/gcc/bin/../lib/gcc/arm-none-eabi/10.3.1/../../../../arm-none-eabi/lib/thumb/v7-m/nofp/libg.a(lib_a-s_frexp.o)
                0x000000000800bcb4                frexp
 .text._sbrk_r  0x000000000800bd24       0x24 /opt/homebrew/Cellar/arm-none-eabi-gcc/10.3-2021.07/gcc/bin/../lib/gcc/arm-none-eabi/10.3.1/../../../../arm-none-eabi/lib/thumb/v7-m/nofp/libg.a(lib_a-sbrkr.o)
                0x000000000800bd24                _sbrk_r
 .text.__sread  0x000000000800bd48       0x24 /opt/homebrew/Cellar/arm-none-eabi-gcc/10.3-2021.07/gcc/bin/../lib/gcc/arm-none-eabi/10.3.1/../../../../arm-none-eabi/lib/thumb/v7-m/nofp/libg.a(lib_a-stdio.o)
                0x000000000800bd48                __sread
 .text.__swrite
                0x000000000800bd6c       0x40 /opt/homebrew/Cellar/arm-none-eabi-gcc/10.3-2021.07/gcc/bin/../lib/gcc/arm-none-eabi/10.3.1/../../../../arm-none-eabi/lib/thumb/v7-m/nofp/libg.a(lib_a-stdio.o)
                0x000000000800bd6c                __swrite
 .text.__sseek  0x000000000800bdac       0x20 /opt/homebrew/Cellar/arm-none-eabi-gcc/10.3-2021.07/gcc/bin/../lib/gcc/arm-none-eabi/10.3.1/../../../../arm-none-eabi/lib/thumb/v7-m/nofp/libg.a(lib_a-stdio.o)
                0x000000000800bdac                __sseek
 .text.__sclose
                0x000000000800bdcc        0x8 /opt/homebrew/Cellar/arm-none-eabi-gcc/10.3-2021.07/gcc/bin/../lib/gcc/arm-none-eabi/10.3.1/../../../../arm-none-eabi/lib/thumb/v7-m/nofp/libg.a(lib_a-stdio.o)
                0x000000000800bdcc                __sclose
 .text.strncpy  0x000000000800bdd4       0x68 /opt/homebrew/Cellar/arm-none-eabi-gcc/10.3-2021.07/gcc/bin/../lib/gcc/arm-none-eabi/10.3.1/../../../../arm-none-eabi/lib/thumb/v7-m/nofp/libg.a(lib_a-strncpy.o)
                0x000000000800bdd4                strncpy
 .text.__sprint_r.part.0
                0x000000000800be3c       0x78 /opt/homebrew/Cellar/arm-none-eabi-gcc/10.3-2021.07/gcc/bin/../lib/gcc/arm-none-eabi/10.3.1/../../../../arm-none-eabi/lib/thumb/v7-m/nofp/libg.a(lib_a-vfiprintf.o)
 .text.__sprint_r
                0x000000000800beb4       0x14 /opt/homebrew/Cellar/arm-none-eabi-gcc/10.3-2021.07/gcc/bin/../lib/gcc/arm-none-eabi/10.3.1/../../../../arm-none-eabi/lib/thumb/v7-m/nofp/libg.a(lib_a-vfiprintf.o)
                0x000000000800beb4                __sprint_r
 .text._vfiprintf_r
                0x000000000800bec8      0xd98 /opt/homebrew/Cellar/arm-none-eabi-gcc/10.3-2021.07/gcc/bin/../lib/gcc/arm-none-eabi/10.3.1/../../../../arm-none-eabi/lib/thumb/v7-m/nofp/libg.a(lib_a-vfiprintf.o)
                0x000000000800bec8                _vfiprintf_r
 .text.__sbprintf
                0x000000000800cc60       0x84 /opt/homebrew/Cellar/arm-none-eabi-gcc/10.3-2021.07/gcc/bin/../lib/gcc/arm-none-eabi/10.3.1/../../../../arm-none-eabi/lib/thumb/v7-m/nofp/libg.a(lib_a-vfiprintf.o)
 .text._write_r
                0x000000000800cce4       0x2c /opt/homebrew/Cellar/arm-none-eabi-gcc/10.3-2021.07/gcc/bin/../lib/gcc/arm-none-eabi/10.3.1/../../../../arm-none-eabi/lib/thumb/v7-m/nofp/libg.a(lib_a-writer.o)
                0x000000000800cce4                _write_r
 .text.__register_exitproc
                0x000000000800cd10       0x8c /opt/homebrew/Cellar/arm-none-eabi-gcc/10.3-2021.07/gcc/bin/../lib/gcc/arm-none-eabi/10.3.1/../../../../arm-none-eabi/lib/thumb/v7-m/nofp/libg.a(lib_a-__atexit.o)
                0x000000000800cd10                __register_exitproc
 .text.__assert_func
                0x000000000800cd9c       0x40 /opt/homebrew/Cellar/arm-none-eabi-gcc/10.3-2021.07/gcc/bin/../lib/gcc/arm-none-eabi/10.3.1/../../../../arm-none-eabi/lib/thumb/v7-m/nofp/libg.a(lib_a-assert.o)
                0x000000000800cd9c                __assert_func
 .text._calloc_r
                0x000000000800cddc       0x78 /opt/homebrew/Cellar/arm-none-eabi-gcc/10.3-2021.07/gcc/bin/../lib/gcc/arm-none-eabi/10.3.1/../../../../arm-none-eabi/lib/thumb/v7-m/nofp/libg.a(lib_a-callocr.o)
                0x000000000800cddc                _calloc_r
 .text._close_r
                0x000000000800ce54       0x24 /opt/homebrew/Cellar/arm-none-eabi-gcc/10.3-2021.07/gcc/bin/../lib/gcc/arm-none-eabi/10.3.1/../../../../arm-none-eabi/lib/thumb/v7-m/nofp/libg.a(lib_a-closer.o)
                0x000000000800ce54                _close_r
 .text._fclose_r
                0x000000000800ce78       0xcc /opt/homebrew/Cellar/arm-none-eabi-gcc/10.3-2021.07/gcc/bin/../lib/gcc/arm-none-eabi/10.3.1/../../../../arm-none-eabi/lib/thumb/v7-m/nofp/libg.a(lib_a-fclose.o)
                0x000000000800ce78                _fclose_r
 .text.fiprintf
                0x000000000800cf44       0x28 /opt/homebrew/Cellar/arm-none-eabi-gcc/10.3-2021.07/gcc/bin/../lib/gcc/arm-none-eabi/10.3.1/../../../../arm-none-eabi/lib/thumb/v7-m/nofp/libg.a(lib_a-fiprintf.o)
                0x000000000800cf44                fiprintf
 .text.__fputwc
                0x000000000800cf6c       0xa0 /opt/homebrew/Cellar/arm-none-eabi-gcc/10.3-2021.07/gcc/bin/../lib/gcc/arm-none-eabi/10.3.1/../../../../arm-none-eabi/lib/thumb/v7-m/nofp/libg.a(lib_a-fputwc.o)
                0x000000000800cf6c                __fputwc
 .text._fputwc_r
                0x000000000800d00c       0x68 /opt/homebrew/Cellar/arm-none-eabi-gcc/10.3-2021.07/gcc/bin/../lib/gcc/arm-none-eabi/10.3.1/../../../../arm-none-eabi/lib/thumb/v7-m/nofp/libg.a(lib_a-fputwc.o)
                0x000000000800d00c                _fputwc_r
 .text._fstat_r
                0x000000000800d074       0x28 /opt/homebrew/Cellar/arm-none-eabi-gcc/10.3-2021.07/gcc/bin/../lib/gcc/arm-none-eabi/10.3.1/../../../../arm-none-eabi/lib/thumb/v7-m/nofp/libg.a(lib_a-fstatr.o)
                0x000000000800d074                _fstat_r
 .text._isatty_r
                0x000000000800d09c       0x24 /opt/homebrew/Cellar/arm-none-eabi-gcc/10.3-2021.07/gcc/bin/../lib/gcc/arm-none-eabi/10.3.1/../../../../arm-none-eabi/lib/thumb/v7-m/nofp/libg.a(lib_a-isattyr.o)
                0x000000000800d09c                _isatty_r
 .text.__locale_mb_cur_max
                0x000000000800d0c0        0xc /opt/homebrew/Cellar/arm-none-eabi-gcc/10.3-2021.07/gcc/bin/../lib/gcc/arm-none-eabi/10.3.1/../../../../arm-none-eabi/lib/thumb/v7-m/nofp/libg.a(lib_a-locale.o)
                0x000000000800d0c0                __locale_mb_cur_max
 .text._lseek_r
                0x000000000800d0cc       0x2c /opt/homebrew/Cellar/arm-none-eabi-gcc/10.3-2021.07/gcc/bin/../lib/gcc/arm-none-eabi/10.3.1/../../../../arm-none-eabi/lib/thumb/v7-m/nofp/libg.a(lib_a-lseekr.o)
                0x000000000800d0cc                _lseek_r
 .text.__ascii_mbtowc
                0x000000000800d0f8       0x2c /opt/homebrew/Cellar/arm-none-eabi-gcc/10.3-2021.07/gcc/bin/../lib/gcc/arm-none-eabi/10.3.1/../../../../arm-none-eabi/lib/thumb/v7-m/nofp/libg.a(lib_a-mbtowc_r.o)
                0x000000000800d0f8                __ascii_mbtowc
 .text._read_r  0x000000000800d124       0x2c /opt/homebrew/Cellar/arm-none-eabi-gcc/10.3-2021.07/gcc/bin/../lib/gcc/arm-none-eabi/10.3.1/../../../../arm-none-eabi/lib/thumb/v7-m/nofp/libg.a(lib_a-readr.o)
                0x000000000800d124                _read_r
 .text.__swbuf_r
                0x000000000800d150       0xb0 /opt/homebrew/Cellar/arm-none-eabi-gcc/10.3-2021.07/gcc/bin/../lib/gcc/arm-none-eabi/10.3.1/../../../../arm-none-eabi/lib/thumb/v7-m/nofp/libg.a(lib_a-wbuf.o)
                0x000000000800d150                __swbuf_r
 .text._wcrtomb_r
                0x000000000800d200       0x3c /opt/homebrew/Cellar/arm-none-eabi-gcc/10.3-2021.07/gcc/bin/../lib/gcc/arm-none-eabi/10.3.1/../../../../arm-none-eabi/lib/thumb/v7-m/nofp/libg.a(lib_a-wcrtomb.o)
                0x000000000800d200                _wcrtomb_r
 .text.__ascii_wctomb
                0x000000000800d23c       0x1c /opt/homebrew/Cellar/arm-none-eabi-gcc/10.3-2021.07/gcc/bin/../lib/gcc/arm-none-eabi/10.3.1/../../../../arm-none-eabi/lib/thumb/v7-m/nofp/libg.a(lib_a-wctomb_r.o)
                0x000000000800d23c                __ascii_wctomb
 .text.abort    0x000000000800d258       0x10 /opt/homebrew/Cellar/arm-none-eabi-gcc/10.3-2021.07/gcc/bin/../lib/gcc/arm-none-eabi/10.3.1/../../../../arm-none-eabi/lib/thumb/v7-m/nofp/libg.a(lib_a-abort.o)
                0x000000000800d258                abort
 .text.raise    0x000000000800d268       0x5c /opt/homebrew/Cellar/arm-none-eabi-gcc/10.3-2021.07/gcc/bin/../lib/gcc/arm-none-eabi/10.3.1/../../../../arm-none-eabi/lib/thumb/v7-m/nofp/libg.a(lib_a-signal.o)
                0x000000000800d268                raise
 .text._kill_r  0x000000000800d2c4       0x28 /opt/homebrew/Cellar/arm-none-eabi-gcc/10.3-2021.07/gcc/bin/../lib/gcc/arm-none-eabi/10.3.1/../../../../arm-none-eabi/lib/thumb/v7-m/nofp/libg.a(lib_a-signalr.o)
                0x000000000800d2c4                _kill_r
 .text._getpid_r
                0x000000000800d2ec        0x4 /opt/homebrew/Cellar/arm-none-eabi-gcc/10.3-2021.07/gcc/bin/../lib/gcc/arm-none-eabi/10.3.1/../../../../arm-none-eabi/lib/thumb/v7-m/nofp/libg.a(lib_a-signalr.o)
                0x000000000800d2ec                _getpid_r
 .text.asin     0x000000000800d2f0       0x50 /opt/homebrew/Cellar/arm-none-eabi-gcc/10.3-2021.07/gcc/bin/../lib/gcc/arm-none-eabi/10.3.1/../../../../arm-none-eabi/lib/thumb/v7-m/nofp/libm.a(lib_a-w_asin.o)
                0x000000000800d2f0                asin
 .text.atan2    0x000000000800d340        0x4 /opt/homebrew/Cellar/arm-none-eabi-gcc/10.3-2021.07/gcc/bin/../lib/gcc/arm-none-eabi/10.3.1/../../../../arm-none-eabi/lib/thumb/v7-m/nofp/libm.a(lib_a-w_atan2.o)
                0x000000000800d340                atan2
 *fill*         0x000000000800d344        0x4 
 .text.__ieee754_asin
                0x000000000800d348      0x474 /opt/homebrew/Cellar/arm-none-eabi-gcc/10.3-2021.07/gcc/bin/../lib/gcc/arm-none-eabi/10.3.1/../../../../arm-none-eabi/lib/thumb/v7-m/nofp/libm.a(lib_a-e_asin.o)
                0x000000000800d348                __ieee754_asin
 *fill*         0x000000000800d7bc        0x4 
 .text.__ieee754_atan2
                0x000000000800d7c0      0x194 /opt/homebrew/Cellar/arm-none-eabi-gcc/10.3-2021.07/gcc/bin/../lib/gcc/arm-none-eabi/10.3.1/../../../../arm-none-eabi/lib/thumb/v7-m/nofp/libm.a(lib_a-e_atan2.o)
                0x000000000800d7c0                __ieee754_atan2
 .text.__ieee754_sqrt
                0x000000000800d954      0x18c /opt/homebrew/Cellar/arm-none-eabi-gcc/10.3-2021.07/gcc/bin/../lib/gcc/arm-none-eabi/10.3.1/../../../../arm-none-eabi/lib/thumb/v7-m/nofp/libm.a(lib_a-e_sqrt.o)
                0x000000000800d954                __ieee754_sqrt
 .text.atan     0x000000000800dae0      0x31c /opt/homebrew/Cellar/arm-none-eabi-gcc/10.3-2021.07/gcc/bin/../lib/gcc/arm-none-eabi/10.3.1/../../../../arm-none-eabi/lib/thumb/v7-m/nofp/libm.a(lib_a-s_atan.o)
                0x000000000800dae0                atan
 .text.fabs     0x000000000800ddfc        0x8 /opt/homebrew/Cellar/arm-none-eabi-gcc/10.3-2021.07/gcc/bin/../lib/gcc/arm-none-eabi/10.3.1/../../../../arm-none-eabi/lib/thumb/v7-m/nofp/libm.a(lib_a-s_fabs.o)
                0x000000000800ddfc                fabs
 .text.nan      0x000000000800de04        0xc /opt/homebrew/Cellar/arm-none-eabi-gcc/10.3-2021.07/gcc/bin/../lib/gcc/arm-none-eabi/10.3.1/../../../../arm-none-eabi/lib/thumb/v7-m/nofp/libm.a(lib_a-s_nan.o)
                0x000000000800de04                nan
 *(.glue_7)
 .glue_7        0x000000000800de10        0x0 linker stubs
 *(.glue_7t)
 .glue_7t       0x000000000800de10        0x0 linker stubs
 *(.eh_frame)
 .eh_frame      0x000000000800de10        0x0 /opt/homebrew/Cellar/arm-none-eabi-gcc/10.3-2021.07/gcc/bin/../lib/gcc/arm-none-eabi/10.3.1/thumb/v7-m/nofp/crtbegin.o
 *(.init)
 .init          0x000000000800de10        0x4 /opt/homebrew/Cellar/arm-none-eabi-gcc/10.3-2021.07/gcc/bin/../lib/gcc/arm-none-eabi/10.3.1/thumb/v7-m/nofp/crti.o
                0x000000000800de10                _init
 .init          0x000000000800de14        0x8 /opt/homebrew/Cellar/arm-none-eabi-gcc/10.3-2021.07/gcc/bin/../lib/gcc/arm-none-eabi/10.3.1/thumb/v7-m/nofp/crtn.o
 *(.fini)
 .fini          0x000000000800de1c        0x4 /opt/homebrew/Cellar/arm-none-eabi-gcc/10.3-2021.07/gcc/bin/../lib/gcc/arm-none-eabi/10.3.1/thumb/v7-m/nofp/crti.o
                0x000000000800de1c                _fini
 .fini          0x000000000800de20        0x8 /opt/homebrew/Cellar/arm-none-eabi-gcc/10.3-2021.07/gcc/bin/../lib/gcc/arm-none-eabi/10.3.1/thumb/v7-m/nofp/crtn.o
                0x000000000800de28                . = ALIGN (0x4)
                0x000000000800de28                _etext = .

.vfp11_veneer   0x000000000800de28        0x0
 .vfp11_veneer  0x000000000800de28        0x0 linker stubs

.v4_bx          0x000000000800de28        0x0
 .v4_bx         0x000000000800de28        0x0 linker stubs

.iplt           0x000000000800de28        0x0
 .iplt          0x000000000800de28        0x0 /opt/homebrew/Cellar/arm-none-eabi-gcc/10.3-2021.07/gcc/bin/../lib/gcc/arm-none-eabi/10.3.1/thumb/v7-m/nofp/crtbegin.o

.rodata         0x000000000800de28     0x1cc8
                0x000000000800de28                . = ALIGN (0x4)
 *(.rodata)
 *(.rodata*)
 .rodata.mpu6050_send_data.str1.4
                0x000000000800de28       0x47 CMakeFiles/main.elf.dir/Core/Src/main.c.obj
 *fill*         0x000000000800de6f        0x1 
 .rodata.main.str1.4
                0x000000000800de70       0x46 CMakeFiles/main.elf.dir/Core/Src/main.c.obj
 *fill*         0x000000000800deb6        0x2 
 .rodata.AHBPrescTable
                0x000000000800deb8       0x10 CMakeFiles/main.elf.dir/Core/Src/system_stm32f1xx.c.obj
                0x000000000800deb8                AHBPrescTable
 .rodata.APBPrescTable
                0x000000000800dec8        0x8 CMakeFiles/main.elf.dir/Core/Src/system_stm32f1xx.c.obj
                0x000000000800dec8                APBPrescTable
 .rodata.aPLLMULFactorTable.1
                0x000000000800ded0       0x10 CMakeFiles/main.elf.dir/Drivers/STM32F1xx_HAL_Driver/Src/stm32f1xx_hal_rcc.c.obj
 .rodata.aPredivFactorTable.0
                0x000000000800dee0        0x2 CMakeFiles/main.elf.dir/Drivers/STM32F1xx_HAL_Driver/Src/stm32f1xx_hal_rcc.c.obj
 *fill*         0x000000000800dee2        0x2 
 .rodata.mpu_init.str1.4
                0x000000000800dee4       0x91 CMakeFiles/main.elf.dir/HARDWARE/MPU6050/eMPL/inv_mpu.c.obj
 *fill*         0x000000000800df75        0x3 
 .rodata.hw     0x000000000800df78        0xc CMakeFiles/main.elf.dir/HARDWARE/MPU6050/eMPL/inv_mpu.c.obj
                0x000000000800df78                hw
 .rodata.reg    0x000000000800df84       0x1b CMakeFiles/main.elf.dir/HARDWARE/MPU6050/eMPL/inv_mpu.c.obj
                0x000000000800df84                reg
 *fill*         0x000000000800df9f        0x1 
 .rodata.test   0x000000000800dfa0       0x28 CMakeFiles/main.elf.dir/HARDWARE/MPU6050/eMPL/inv_mpu.c.obj
                0x000000000800dfa0                test
 .rodata.dmp_set_orientation.str1.4
                0x000000000800dfc8       0x10 CMakeFiles/main.elf.dir/HARDWARE/MPU6050/eMPL/inv_mpu_dmp_motion_driver.c.obj
 .rodata.dmp_set_fifo_rate.str1.4
                0x000000000800dfd8        0xd CMakeFiles/main.elf.dir/HARDWARE/MPU6050/eMPL/inv_mpu_dmp_motion_driver.c.obj
 *fill*         0x000000000800dfe5        0x3 
 .rodata.dmp_enable_gyro_cal.str1.4
                0x000000000800dfe8       0x16 CMakeFiles/main.elf.dir/HARDWARE/MPU6050/eMPL/inv_mpu_dmp_motion_driver.c.obj
 *fill*         0x000000000800dffe        0x2 
 .rodata.dmp_memory
                0x000000000800e000      0xbf6 CMakeFiles/main.elf.dir/HARDWARE/MPU6050/eMPL/inv_mpu_dmp_motion_driver.c.obj
 *fill*         0x000000000800ebf6        0x2 
 .rodata.W25QXX_Init.str1.4
                0x000000000800ebf8       0x4a CMakeFiles/main.elf.dir/HARDWARE/W25QXX/w25qxx.c.obj
 *fill*         0x000000000800ec42        0x2 
 .rodata.font_init.str1.4
                0x000000000800ec44       0x13 CMakeFiles/main.elf.dir/TEXT/fontupd.c.obj
 *fill*         0x000000000800ec57        0x1 
 .rodata.asc2_1206
                0x000000000800ec58      0x474 CMakeFiles/main.elf.dir/TEXT/gui.c.obj
                0x000000000800ec58                asc2_1206
 .rodata.asc2_1608
                0x000000000800f0cc      0x5f0 CMakeFiles/main.elf.dir/TEXT/gui.c.obj
                0x000000000800f0cc                asc2_1608
 .rodata.Show_Str.str1.4
                0x000000000800f6bc        0xb CMakeFiles/main.elf.dir/TEXT/text.c.obj
 *fill*         0x000000000800f6c7        0x1 
 .rodata._global_impure_ptr
                0x000000000800f6c8        0x4 /opt/homebrew/Cellar/arm-none-eabi-gcc/10.3-2021.07/gcc/bin/../lib/gcc/arm-none-eabi/10.3.1/../../../../arm-none-eabi/lib/thumb/v7-m/nofp/libg.a(lib_a-impure.o)
                0x000000000800f6c8                _global_impure_ptr
 .rodata._puts_r.str1.4
                0x000000000800f6cc        0xb /opt/homebrew/Cellar/arm-none-eabi-gcc/10.3-2021.07/gcc/bin/../lib/gcc/arm-none-eabi/10.3.1/../../../../arm-none-eabi/lib/thumb/v7-m/nofp/libg.a(lib_a-puts.o)
                                          0x2 (size before relaxing)
 .rodata._vfprintf_r.str1.4
                0x000000000800f6cc       0x42 /opt/homebrew/Cellar/arm-none-eabi-gcc/10.3-2021.07/gcc/bin/../lib/gcc/arm-none-eabi/10.3.1/../../../../arm-none-eabi/lib/thumb/v7-m/nofp/libg.a(lib_a-vfprintf.o)
 *fill*         0x000000000800f70e        0x2 
 .rodata.blanks.1
                0x000000000800f710       0x10 /opt/homebrew/Cellar/arm-none-eabi-gcc/10.3-2021.07/gcc/bin/../lib/gcc/arm-none-eabi/10.3.1/../../../../arm-none-eabi/lib/thumb/v7-m/nofp/libg.a(lib_a-vfprintf.o)
 .rodata.zeroes.0
                0x000000000800f720       0x10 /opt/homebrew/Cellar/arm-none-eabi-gcc/10.3-2021.07/gcc/bin/../lib/gcc/arm-none-eabi/10.3.1/../../../../arm-none-eabi/lib/thumb/v7-m/nofp/libg.a(lib_a-vfprintf.o)
 .rodata._dtoa_r.str1.4
                0x000000000800f730       0x7e /opt/homebrew/Cellar/arm-none-eabi-gcc/10.3-2021.07/gcc/bin/../lib/gcc/arm-none-eabi/10.3.1/../../../../arm-none-eabi/lib/thumb/v7-m/nofp/libg.a(lib_a-dtoa.o)
                                         0x82 (size before relaxing)
 *fill*         0x000000000800f7ae        0x2 
 .rodata.__multadd.str1.4
                0x000000000800f7b0       0x5b /opt/homebrew/Cellar/arm-none-eabi-gcc/10.3-2021.07/gcc/bin/../lib/gcc/arm-none-eabi/10.3.1/../../../../arm-none-eabi/lib/thumb/v7-m/nofp/libg.a(lib_a-mprec.o)
                                         0x6f (size before relaxing)
 *fill*         0x000000000800f80b        0x5 
 .rodata.__mprec_bigtens
                0x000000000800f810       0x28 /opt/homebrew/Cellar/arm-none-eabi-gcc/10.3-2021.07/gcc/bin/../lib/gcc/arm-none-eabi/10.3.1/../../../../arm-none-eabi/lib/thumb/v7-m/nofp/libg.a(lib_a-mprec.o)
                0x000000000800f810                __mprec_bigtens
 .rodata.__mprec_tens
                0x000000000800f838       0xc8 /opt/homebrew/Cellar/arm-none-eabi-gcc/10.3-2021.07/gcc/bin/../lib/gcc/arm-none-eabi/10.3.1/../../../../arm-none-eabi/lib/thumb/v7-m/nofp/libg.a(lib_a-mprec.o)
                0x000000000800f838                __mprec_tens
 .rodata.p05.0  0x000000000800f900        0xc /opt/homebrew/Cellar/arm-none-eabi-gcc/10.3-2021.07/gcc/bin/../lib/gcc/arm-none-eabi/10.3.1/../../../../arm-none-eabi/lib/thumb/v7-m/nofp/libg.a(lib_a-mprec.o)
 .rodata._vfiprintf_r.str1.4
                0x000000000800f90c       0x2f /opt/homebrew/Cellar/arm-none-eabi-gcc/10.3-2021.07/gcc/bin/../lib/gcc/arm-none-eabi/10.3.1/../../../../arm-none-eabi/lib/thumb/v7-m/nofp/libg.a(lib_a-vfiprintf.o)
 .rodata.blanks.1
                0x000000000800f90c       0x10 /opt/homebrew/Cellar/arm-none-eabi-gcc/10.3-2021.07/gcc/bin/../lib/gcc/arm-none-eabi/10.3.1/../../../../arm-none-eabi/lib/thumb/v7-m/nofp/libg.a(lib_a-vfiprintf.o)
 .rodata.zeroes.0
                0x000000000800f91c       0x10 /opt/homebrew/Cellar/arm-none-eabi-gcc/10.3-2021.07/gcc/bin/../lib/gcc/arm-none-eabi/10.3.1/../../../../arm-none-eabi/lib/thumb/v7-m/nofp/libg.a(lib_a-vfiprintf.o)
 .rodata.__assert_func.str1.4
                0x000000000800f92c       0x3f /opt/homebrew/Cellar/arm-none-eabi-gcc/10.3-2021.07/gcc/bin/../lib/gcc/arm-none-eabi/10.3.1/../../../../arm-none-eabi/lib/thumb/v7-m/nofp/libg.a(lib_a-assert.o)
                                         0x43 (size before relaxing)
 *fill*         0x000000000800f96b        0x1 
 .rodata._setlocale_r.str1.4
                0x000000000800f96c        0xa /opt/homebrew/Cellar/arm-none-eabi-gcc/10.3-2021.07/gcc/bin/../lib/gcc/arm-none-eabi/10.3.1/../../../../arm-none-eabi/lib/thumb/v7-m/nofp/libg.a(lib_a-locale.o)
                                          0xd (size before relaxing)
 *fill*         0x000000000800f976        0x2 
 .rodata.str1.4
                0x000000000800f978        0x2 /opt/homebrew/Cellar/arm-none-eabi-gcc/10.3-2021.07/gcc/bin/../lib/gcc/arm-none-eabi/10.3.1/../../../../arm-none-eabi/lib/thumb/v7-m/nofp/libg.a(lib_a-locale.o)
 *fill*         0x000000000800f97a        0x2 
 .rodata._ctype_
                0x000000000800f97c      0x101 /opt/homebrew/Cellar/arm-none-eabi-gcc/10.3-2021.07/gcc/bin/../lib/gcc/arm-none-eabi/10.3.1/../../../../arm-none-eabi/lib/thumb/v7-m/nofp/libg.a(lib_a-ctype_.o)
                0x000000000800f97c                _ctype_
 .rodata.asin.str1.4
                0x000000000800fa7d        0x1 /opt/homebrew/Cellar/arm-none-eabi-gcc/10.3-2021.07/gcc/bin/../lib/gcc/arm-none-eabi/10.3.1/../../../../arm-none-eabi/lib/thumb/v7-m/nofp/libm.a(lib_a-w_asin.o)
 *fill*         0x000000000800fa7d        0x3 
 .rodata.CSWTCH.8
                0x000000000800fa80       0x18 /opt/homebrew/Cellar/arm-none-eabi-gcc/10.3-2021.07/gcc/bin/../lib/gcc/arm-none-eabi/10.3.1/../../../../arm-none-eabi/lib/thumb/v7-m/nofp/libm.a(lib_a-e_atan2.o)
 .rodata.CSWTCH.9
                0x000000000800fa98       0x18 /opt/homebrew/Cellar/arm-none-eabi-gcc/10.3-2021.07/gcc/bin/../lib/gcc/arm-none-eabi/10.3.1/../../../../arm-none-eabi/lib/thumb/v7-m/nofp/libm.a(lib_a-e_atan2.o)
 .rodata.atanhi
                0x000000000800fab0       0x20 /opt/homebrew/Cellar/arm-none-eabi-gcc/10.3-2021.07/gcc/bin/../lib/gcc/arm-none-eabi/10.3.1/../../../../arm-none-eabi/lib/thumb/v7-m/nofp/libm.a(lib_a-s_atan.o)
 .rodata.atanlo
                0x000000000800fad0       0x20 /opt/homebrew/Cellar/arm-none-eabi-gcc/10.3-2021.07/gcc/bin/../lib/gcc/arm-none-eabi/10.3.1/../../../../arm-none-eabi/lib/thumb/v7-m/nofp/libm.a(lib_a-s_atan.o)
                0x000000000800faf0                . = ALIGN (0x4)

.ARM.extab      0x000000000800faf0        0x0
                0x000000000800faf0                . = ALIGN (0x4)
 *(.ARM.extab* .gnu.linkonce.armextab.*)
                0x000000000800faf0                . = ALIGN (0x4)

.ARM            0x000000000800faf0        0x8
                0x000000000800faf0                . = ALIGN (0x4)
                0x000000000800faf0                __exidx_start = .
 *(.ARM.exidx*)
 .ARM.exidx     0x000000000800faf0        0x8 /opt/homebrew/Cellar/arm-none-eabi-gcc/10.3-2021.07/gcc/bin/../lib/gcc/arm-none-eabi/10.3.1/thumb/v7-m/nofp/libgcc.a(_udivmoddi4.o)
                0x000000000800faf8                __exidx_end = .
                0x000000000800faf8                . = ALIGN (0x4)

.rel.dyn        0x000000000800faf8        0x0
 .rel.iplt      0x000000000800faf8        0x0 /opt/homebrew/Cellar/arm-none-eabi-gcc/10.3-2021.07/gcc/bin/../lib/gcc/arm-none-eabi/10.3.1/thumb/v7-m/nofp/crtbegin.o

.preinit_array  0x000000000800faf8        0x0
                0x000000000800faf8                . = ALIGN (0x4)
                0x000000000800faf8                PROVIDE (__preinit_array_start = .)
 *(.preinit_array*)
                0x000000000800faf8                PROVIDE (__preinit_array_end = .)
                0x000000000800faf8                . = ALIGN (0x4)

.init_array     0x000000000800faf8        0x8
                0x000000000800faf8                . = ALIGN (0x4)
                0x000000000800faf8                PROVIDE (__init_array_start = .)
 *(SORT_BY_NAME(.init_array.*))
 .init_array.00000
                0x000000000800faf8        0x4 /opt/homebrew/Cellar/arm-none-eabi-gcc/10.3-2021.07/gcc/bin/../lib/gcc/arm-none-eabi/10.3.1/../../../../arm-none-eabi/lib/thumb/v7-m/nofp/libg.a(lib_a-__call_atexit.o)
 *(.init_array*)
 .init_array    0x000000000800fafc        0x4 /opt/homebrew/Cellar/arm-none-eabi-gcc/10.3-2021.07/gcc/bin/../lib/gcc/arm-none-eabi/10.3.1/thumb/v7-m/nofp/crtbegin.o
                0x000000000800fb00                PROVIDE (__init_array_end = .)
                0x000000000800fb00                . = ALIGN (0x4)

.fini_array     0x000000000800fb00        0x4
                0x000000000800fb00                . = ALIGN (0x4)
                0x000000000800fb00                PROVIDE (__fini_array_start = .)
 *(SORT_BY_NAME(.fini_array.*))
 *(.fini_array*)
 .fini_array    0x000000000800fb00        0x4 /opt/homebrew/Cellar/arm-none-eabi-gcc/10.3-2021.07/gcc/bin/../lib/gcc/arm-none-eabi/10.3.1/thumb/v7-m/nofp/crtbegin.o
                0x000000000800fb04                PROVIDE (__fini_array_end = .)
                0x000000000800fb04                . = ALIGN (0x4)
                0x000000000800fb04                _sidata = LOADADDR (.data)

.data           0x0000000020000000      0x9f8 load address 0x000000000800fb04
                0x0000000020000000                . = ALIGN (0x4)
                0x0000000020000000                _sdata = .
 *(.data)
 *(.data*)
 .data.SystemCoreClock
                0x0000000020000000        0x4 CMakeFiles/main.elf.dir/Core/Src/system_stm32f1xx.c.obj
                0x0000000020000000                SystemCoreClock
 .data.uwTickFreq
                0x0000000020000004        0x1 CMakeFiles/main.elf.dir/Drivers/STM32F1xx_HAL_Driver/Src/stm32f1xx_hal.c.obj
                0x0000000020000004                uwTickFreq
 *fill*         0x0000000020000005        0x3 
 .data.uwTickPrio
                0x0000000020000008        0x4 CMakeFiles/main.elf.dir/Drivers/STM32F1xx_HAL_Driver/Src/stm32f1xx_hal.c.obj
                0x0000000020000008                uwTickPrio
 .data.gyro_orientation
                0x000000002000000c        0x9 CMakeFiles/main.elf.dir/HARDWARE/MPU6050/eMPL/inv_mpu.c.obj
 *fill*         0x0000000020000015        0x3 
 .data.st       0x0000000020000018       0x2c CMakeFiles/main.elf.dir/HARDWARE/MPU6050/eMPL/inv_mpu.c.obj
 .data.BACK_COLOR
                0x0000000020000044        0x2 CMakeFiles/main.elf.dir/HARDWARE/OLED/oled.c.obj
                0x0000000020000044                BACK_COLOR
 *fill*         0x0000000020000046        0x2 
 .data._impure_ptr
                0x0000000020000048        0x4 /opt/homebrew/Cellar/arm-none-eabi-gcc/10.3-2021.07/gcc/bin/../lib/gcc/arm-none-eabi/10.3.1/../../../../arm-none-eabi/lib/thumb/v7-m/nofp/libg.a(lib_a-impure.o)
                0x0000000020000048                _impure_ptr
 *fill*         0x000000002000004c        0x4 
 .data.impure_data
                0x0000000020000050      0x428 /opt/homebrew/Cellar/arm-none-eabi-gcc/10.3-2021.07/gcc/bin/../lib/gcc/arm-none-eabi/10.3.1/../../../../arm-none-eabi/lib/thumb/v7-m/nofp/libg.a(lib_a-impure.o)
 .data.__atexit_recursive_mutex
                0x0000000020000478        0x4 /opt/homebrew/Cellar/arm-none-eabi-gcc/10.3-2021.07/gcc/bin/../lib/gcc/arm-none-eabi/10.3.1/../../../../arm-none-eabi/lib/thumb/v7-m/nofp/libg.a(lib_a-__call_atexit.o)
                0x0000000020000478                __atexit_recursive_mutex
 .data.__malloc_av_
                0x000000002000047c      0x408 /opt/homebrew/Cellar/arm-none-eabi-gcc/10.3-2021.07/gcc/bin/../lib/gcc/arm-none-eabi/10.3.1/../../../../arm-none-eabi/lib/thumb/v7-m/nofp/libg.a(lib_a-mallocr.o)
                0x000000002000047c                __malloc_av_
 .data.__malloc_sbrk_base