Archive member included to satisfy reference by file (symbol)

/opt/homebrew/Cellar/arm-none-eabi-gcc/10.3-2021.07/gcc/bin/../lib/gcc/arm-none-eabi/10.3.1/../../../../arm-none-eabi/lib/thumb/v7-m/nofp/libg.a(lib_a-errno.o)
                              CMakeFiles/main.elf.dir/Core/Src/syscalls.c.obj (__errno)
/opt/homebrew/Cellar/arm-none-eabi-gcc/10.3-2021.07/gcc/bin/../lib/gcc/arm-none-eabi/10.3.1/../../../../arm-none-eabi/lib/thumb/v7-m/nofp/libg.a(lib_a-exit.o)
                              /opt/homebrew/Cellar/arm-none-eabi-gcc/10.3-2021.07/gcc/bin/../lib/gcc/arm-none-eabi/10.3.1/../../../../arm-none-eabi/lib/thumb/v7-m/nofp/crt0.o (exit)
/opt/homebrew/Cellar/arm-none-eabi-gcc/10.3-2021.07/gcc/bin/../lib/gcc/arm-none-eabi/10.3.1/../../../../arm-none-eabi/lib/thumb/v7-m/nofp/libg.a(lib_a-impure.o)
                              /opt/homebrew/Cellar/arm-none-eabi-gcc/10.3-2021.07/gcc/bin/../lib/gcc/arm-none-eabi/10.3.1/../../../../arm-none-eabi/lib/thumb/v7-m/nofp/libg.a(lib_a-exit.o) (_global_impure_ptr)
/opt/homebrew/Cellar/arm-none-eabi-gcc/10.3-2021.07/gcc/bin/../lib/gcc/arm-none-eabi/10.3.1/../../../../arm-none-eabi/lib/thumb/v7-m/nofp/libg.a(lib_a-init.o)
                              /opt/homebrew/Cellar/arm-none-eabi-gcc/10.3-2021.07/gcc/bin/../lib/gcc/arm-none-eabi/10.3.1/../../../../arm-none-eabi/lib/thumb/v7-m/nofp/crt0.o (__libc_init_array)
/opt/homebrew/Cellar/arm-none-eabi-gcc/10.3-2021.07/gcc/bin/../lib/gcc/arm-none-eabi/10.3.1/../../../../arm-none-eabi/lib/thumb/v7-m/nofp/libg.a(lib_a-memset.o)
                              /opt/homebrew/Cellar/arm-none-eabi-gcc/10.3-2021.07/gcc/bin/../lib/gcc/arm-none-eabi/10.3.1/../../../../arm-none-eabi/lib/thumb/v7-m/nofp/crt0.o (memset)
/opt/homebrew/Cellar/arm-none-eabi-gcc/10.3-2021.07/gcc/bin/../lib/gcc/arm-none-eabi/10.3.1/../../../../arm-none-eabi/lib/thumb/v7-m/nofp/libg.a(lib_a-printf.o)
                              CMakeFiles/main.elf.dir/HARDWARE/W25QXX/w25qxx.c.obj (printf)
/opt/homebrew/Cellar/arm-none-eabi-gcc/10.3-2021.07/gcc/bin/../lib/gcc/arm-none-eabi/10.3.1/../../../../arm-none-eabi/lib/thumb/v7-m/nofp/libg.a(lib_a-puts.o)
                              CMakeFiles/main.elf.dir/HARDWARE/W25QXX/w25qxx.c.obj (puts)
/opt/homebrew/Cellar/arm-none-eabi-gcc/10.3-2021.07/gcc/bin/../lib/gcc/arm-none-eabi/10.3.1/../../../../arm-none-eabi/lib/thumb/v7-m/nofp/libg.a(lib_a-strlen-stub.o)
                              CMakeFiles/main.elf.dir/TEXT/gui.c.obj (strlen)
/opt/homebrew/Cellar/arm-none-eabi-gcc/10.3-2021.07/gcc/bin/../lib/gcc/arm-none-eabi/10.3.1/../../../../arm-none-eabi/lib/thumb/v7-m/nofp/libg.a(lib_a-vfprintf.o)
                              /opt/homebrew/Cellar/arm-none-eabi-gcc/10.3-2021.07/gcc/bin/../lib/gcc/arm-none-eabi/10.3.1/../../../../arm-none-eabi/lib/thumb/v7-m/nofp/libg.a(lib_a-printf.o) (_vfprintf_r)
/opt/homebrew/Cellar/arm-none-eabi-gcc/10.3-2021.07/gcc/bin/../lib/gcc/arm-none-eabi/10.3.1/../../../../arm-none-eabi/lib/thumb/v7-m/nofp/libg.a(lib_a-wsetup.o)
                              /opt/homebrew/Cellar/arm-none-eabi-gcc/10.3-2021.07/gcc/bin/../lib/gcc/arm-none-eabi/10.3.1/../../../../arm-none-eabi/lib/thumb/v7-m/nofp/libg.a(lib_a-vfprintf.o) (__swsetup_r)
/opt/homebrew/Cellar/arm-none-eabi-gcc/10.3-2021.07/gcc/bin/../lib/gcc/arm-none-eabi/10.3.1/../../../../arm-none-eabi/lib/thumb/v7-m/nofp/libg.a(lib_a-__call_atexit.o)
                              /opt/homebrew/Cellar/arm-none-eabi-gcc/10.3-2021.07/gcc/bin/../lib/gcc/arm-none-eabi/10.3.1/../../../../arm-none-eabi/lib/thumb/v7-m/nofp/libg.a(lib_a-exit.o) (__call_exitprocs)
/opt/homebrew/Cellar/arm-none-eabi-gcc/10.3-2021.07/gcc/bin/../lib/gcc/arm-none-eabi/10.3.1/../../../../arm-none-eabi/lib/thumb/v7-m/nofp/libg.a(lib_a-atexit.o)
                              /opt/homebrew/Cellar/arm-none-eabi-gcc/10.3-2021.07/gcc/bin/../lib/gcc/arm-none-eabi/10.3.1/../../../../arm-none-eabi/lib/thumb/v7-m/nofp/libg.a(lib_a-__call_atexit.o) (atexit)
/opt/homebrew/Cellar/arm-none-eabi-gcc/10.3-2021.07/gcc/bin/../lib/gcc/arm-none-eabi/10.3.1/../../../../arm-none-eabi/lib/thumb/v7-m/nofp/libg.a(lib_a-dtoa.o)
                              /opt/homebrew/Cellar/arm-none-eabi-gcc/10.3-2021.07/gcc/bin/../lib/gcc/arm-none-eabi/10.3.1/../../../../arm-none-eabi/lib/thumb/v7-m/nofp/libg.a(lib_a-vfprintf.o) (_dtoa_r)
/opt/homebrew/Cellar/arm-none-eabi-gcc/10.3-2021.07/gcc/bin/../lib/gcc/arm-none-eabi/10.3.1/../../../../arm-none-eabi/lib/thumb/v7-m/nofp/libg.a(lib_a-fflush.o)
                              /opt/homebrew/Cellar/arm-none-eabi-gcc/10.3-2021.07/gcc/bin/../lib/gcc/arm-none-eabi/10.3.1/../../../../arm-none-eabi/lib/thumb/v7-m/nofp/libg.a(lib_a-vfprintf.o) (_fflush_r)
/opt/homebrew/Cellar/arm-none-eabi-gcc/10.3-2021.07/gcc/bin/../lib/gcc/arm-none-eabi/10.3.1/../../../../arm-none-eabi/lib/thumb/v7-m/nofp/libg.a(lib_a-findfp.o)
[...]
Memory Configuration

Name             Origin             Length             Attributes
RAM              0x0000000020000000 0x000000000000c000 xrw
FLASH            0x0000000008000000 0x0000000000040000 xr
*default*        0x0000000000000000 0xffffffffffffffff

Linker script and memory map

LOAD /opt/homebrew/Cellar/arm-none-eabi-gcc/10.3-2021.07/gcc/bin/../lib/gcc/arm-none-eabi/10.3.1/thumb/v7-m/nofp/crti.o
LOAD /opt/homebrew/Cellar/arm-none-eabi-gcc/10.3-2021.07/gcc/bin/../lib/gcc/arm-none-eabi/10.3.1/thumb/v7-m/nofp/crtbegin.o
LOAD /opt/homebrew/Cellar/arm-none-eabi-gcc/10.3-2021.07/gcc/bin/../lib/gcc/arm-none-eabi/10.3.1/../../../../arm-none-eabi/lib/thumb/v7-m/nofp/crt0.o
LOAD CMakeFiles/main.elf.dir/Core/Src/gpio.c.obj
LOAD CMakeFiles/main.elf.dir/Core/Src/main.c.obj
LOAD CMakeFiles/main.elf.dir/Core/Src/spi.c.obj
LOAD CMakeFiles/main.elf.dir/Core/Src/stm32f1xx_hal_msp.c.obj
LOAD CMakeFiles/main.elf.dir/Core/Src/stm32f1xx_it.c.obj
LOAD CMakeFiles/main.elf.dir/Core/Src/syscalls.c.obj
LOAD CMakeFiles/main.elf.dir/Core/Src/sysmem.c.obj
LOAD CMakeFiles/main.elf.dir/Core/Src/system_stm32f1xx.c.obj
LOAD CMakeFiles/main.elf.dir/Core/Src/usart.c.obj
LOAD CMakeFiles/main.elf.dir/Core/Startup/startup_stm32f103rctx.s.obj
LOAD CMakeFiles/main.elf.dir/Drivers/STM32F1xx_HAL_Driver/Src/stm32f1xx_hal.c.obj
LOAD CMakeFiles/main.elf.dir/Drivers/STM32F1xx_HAL_Driver/Src/stm32f1xx_hal_cortex.c.obj
LOAD CMakeFiles/main.elf.dir/Drivers/STM32F1xx_HAL_Driver/Src/stm32f1xx_hal_dma.c.obj
LOAD CMakeFiles/main.elf.dir/Drivers/STM32F1xx_HAL_Driver/Src/stm32f1xx_hal_exti.c.obj
LOAD CMakeFiles/main.elf.dir/Drivers/STM32F1xx_HAL_Driver/Src/stm32f1xx_hal_flash.c.obj
LOAD CMakeFiles/main.elf.dir/Drivers/STM32F1xx_HAL_Driver/Src/stm32f1xx_hal_flash_ex.c.obj
LOAD CMakeFiles/main.elf.dir/Drivers/STM32F1xx_HAL_Driver/Src/stm32f1xx_hal_gpio.c.obj
LOAD CMakeFiles/main.elf.dir/Drivers/STM32F1xx_HAL_Driver/Src/stm32f1xx_hal_gpio_ex.c.obj
LOAD CMakeFiles/main.elf.dir/Drivers/STM32F1xx_HAL_Driver/Src/stm32f1xx_hal_pwr.c.obj
LOAD CMakeFiles/main.elf.dir/Drivers/STM32F1xx_HAL_Driver/Src/stm32f1xx_hal_rcc.c.obj
LOAD CMakeFiles/main.elf.dir/Drivers/STM32F1xx_HAL_Driver/Src/stm32f1xx_hal_rcc_ex.c.obj
LOAD CMakeFiles/main.elf.dir/Drivers/STM32F1xx_HAL_Driver/Src/stm32f1xx_hal_spi.c.obj
LOAD CMakeFiles/main.elf.dir/Drivers/STM32F1xx_HAL_Driver/Src/stm32f1xx_hal_tim.c.obj
LOAD CMakeFiles/main.elf.dir/Drivers/STM32F1xx_HAL_Driver/Src/stm32f1xx_hal_tim_ex.c.obj
LOAD CMakeFiles/main.elf.dir/Drivers/STM32F1xx_HAL_Driver/Src/stm32f1xx_hal_uart.c.obj
LOAD CMakeFiles/main.elf.dir/HARDWARE/DHT11/dht11.c.obj
LOAD CMakeFiles/main.elf.dir/HARDWARE/OLED/font.c.obj
LOAD CMakeFiles/main.elf.dir/HARDWARE/OLED/oled.c.obj
LOAD CMakeFiles/main.elf.dir/HARDWARE/W25QXX/w25qxx.c.obj
LOAD CMakeFiles/main.elf.dir/SYSTEM/DELAY/delay.c.obj
LOAD CMakeFiles/main.elf.dir/SYSTEM/SYS/sys.c.obj
LOAD CMakeFiles/main.elf.dir/TEXT/fontupd.c.obj
LOAD CMakeFiles/main.elf.dir/TEXT/gui.c.obj
LOAD CMakeFiles/main.elf.dir/TEXT/text.c.obj
START GROUP
LOAD /opt/homebrew/Cellar/arm-none-eabi-gcc/10.3-2021.07/gcc/bin/../lib/gcc/arm-none-eabi/10.3.1/thumb/v7-m/nofp/libgcc.a
LOAD /opt/homebrew/Cellar/arm-none-eabi-gcc/10.3-2021.07/gcc/bin/../lib/gcc/arm-none-eabi/10.3.1/../../../../arm-none-eabi/lib/thumb/v7-m/nofp/libg.a
LOAD /opt/homebrew/Cellar/arm-none-eabi-gcc/10.3-2021.07/gcc/bin/../lib/gcc/arm-none-eabi/10.3.1/../../../../arm-none-eabi/lib/thumb/v7-m/nofp/libc.a
END GROUP
LOAD /opt/homebrew/Cellar/arm-none-eabi-gcc/10.3-2021.07/gcc/bin/../lib/gcc/arm-none-eabi/10.3.1/thumb/v7-m/nofp/crtend.o
LOAD /opt/homebrew/Cellar/arm-none-eabi-gcc/10.3-2021.07/gcc/bin/../lib/gcc/arm-none-eabi/10.3.1/thumb/v7-m/nofp/crtn.o
                0x000000002000c000                _estack = (ORIGIN (RAM) + LENGTH (RAM))
                0x0000000000000200                _Min_Heap_Size = 0x200
                0x0000000000000400                _Min_Stack_Size = 0x400

.isr_vector     0x0000000008000000      0x1e4
                0x0000000008000000                . = ALIGN (0x4)
 *(.isr_vector)
 .isr_vector    0x0000000008000000      0x1e4 CMakeFiles/main.elf.dir/Core/Startup/startup_stm32f103rctx.s.obj
                0x0000000008000000                g_pfnVectors
                0x00000000080001e4                . = ALIGN (0x4)

.text           0x00000000080001e8     0x9618
                0x00000000080001e8                . = ALIGN (0x4)
 *(.text)
 .text          0x00000000080001e8       0x40 /opt/homebrew/Cellar/arm-none-eabi-gcc/10.3-2021.07/gcc/bin/../lib/gcc/arm-none-eabi/10.3.1/thumb/v7-m/nofp/crtbegin.o
 .text          0x0000000008000228       0xec /opt/homebrew/Cellar/arm-none-eabi-gcc/10.3-2021.07/gcc/bin/../lib/gcc/arm-none-eabi/10.3.1/../../../../arm-none-eabi/lib/thumb/v7-m/nofp/libg.a(lib_a-memcpy.o)
                0x0000000008000228                memcpy
 .text          0x0000000008000314      0x378 /opt/homebrew/Cellar/arm-none-eabi-gcc/10.3-2021.07/gcc/bin/../lib/gcc/arm-none-eabi/10.3.1/thumb/v7-m/nofp/libgcc.a(_arm_addsubdf3.o)
                0x0000000008000314                __aeabi_drsub
                0x000000000800031c                __subdf3
                0x000000000800031c                __aeabi_dsub
                0x0000000008000320                __aeabi_dadd
                0x0000000008000320                __adddf3
                0x0000000008000598                __aeabi_ui2d
                0x0000000008000598                __floatunsidf
                0x00000000080005b8                __floatsidf
                0x00000000080005b8                __aeabi_i2d
                0x00000000080005dc                __extendsfdf2
                0x00000000080005dc                __aeabi_f2d
                0x0000000008000620                __aeabi_ul2d
                0x0000000008000620                __floatundidf
                0x0000000008000630                __aeabi_l2d
                0x0000000008000630                __floatdidf
 .text          0x000000000800068c      0x424 /opt/homebrew/Cellar/arm-none-eabi-gcc/10.3-2021.07/gcc/bin/../lib/gcc/arm-none-eabi/10.3.1/thumb/v7-m/nofp/libgcc.a(_arm_muldivdf3.o)
                0x000000000800068c                __aeabi_dmul
                0x000000000800068c                __muldf3
                0x00000000080008e0                __aeabi_ddiv
                0x00000000080008e0                __divdf3
 .text          0x0000000008000ab0      0x110 /opt/homebrew/Cellar/arm-none-eabi-gcc/10.3-2021.07/gcc/bin/../lib/gcc/arm-none-eabi/10.3.1/thumb/v7-m/nofp/libgcc.a(_arm_cmpdf2.o)
                0x0000000008000ab0                __gedf2
                0x0000000008000ab0                __gtdf2
                0x0000000008000ab8                __ledf2
                0x0000000008000ab8                __ltdf2
                0x0000000008000ac0                __cmpdf2
                0x0000000008000ac0                __eqdf2
                0x0000000008000ac0                __nedf2
                0x0000000008000b3c                __aeabi_cdrcmple
                0x0000000008000b4c                __aeabi_cdcmple
                0x0000000008000b4c                __aeabi_cdcmpeq
                0x0000000008000b5c                __aeabi_dcmpeq
                0x0000000008000b70                __aeabi_dcmplt
                0x0000000008000b84                __aeabi_dcmple
                0x0000000008000b98                __aeabi_dcmpge
                0x0000000008000bac                __aeabi_dcmpgt
 .text          0x0000000008000bc0       0x2c /opt/homebrew/Cellar/arm-none-eabi-gcc/10.3-2021.07/gcc/bin/../lib/gcc/arm-none-eabi/10.3.1/thumb/v7-m/nofp/libgcc.a(_arm_unorddf2.o)
                0x0000000008000bc0                __aeabi_dcmpun
                0x0000000008000bc0                __unorddf2
 .text          0x0000000008000bec       0x50 /opt/homebrew/Cellar/arm-none-eabi-gcc/10.3-2021.07/gcc/bin/../lib/gcc/arm-none-eabi/10.3.1/thumb/v7-m/nofp/libgcc.a(_arm_fixdfsi.o)
                0x0000000008000bec                __fixdfsi
                0x0000000008000bec                __aeabi_d2iz
 .text          0x0000000008000c3c       0x30 /opt/homebrew/Cellar/arm-none-eabi-gcc/10.3-2021.07/gcc/bin/../lib/gcc/arm-none-eabi/10.3.1/thumb/v7-m/nofp/libgcc.a(_aeabi_uldivmod.o)
                0x0000000008000c3c                __aeabi_uldivmod
 .text          0x0000000008000c6c      0x2d4 /opt/homebrew/Cellar/arm-none-eabi-gcc/10.3-2021.07/gcc/bin/../lib/gcc/arm-none-eabi/10.3.1/thumb/v7-m/nofp/libgcc.a(_udivmoddi4.o)
                0x0000000008000c6c                __udivmoddi4
 .text          0x0000000008000f40        0x4 /opt/homebrew/Cellar/arm-none-eabi-gcc/10.3-2021.07/gcc/bin/../lib/gcc/arm-none-eabi/10.3.1/thumb/v7-m/nofp/libgcc.a(_dvmd_tls.o)
                0x0000000008000f40                __aeabi_ldiv0
                0x0000000008000f40                __aeabi_idiv0
 *(.text*)
 .text.MX_GPIO_Init
                0x0000000008000f44       0xb0 CMakeFiles/main.elf.dir/Core/Src/gpio.c.obj
                0x0000000008000f44                MX_GPIO_Init
 .text.Error_Handler
                0x0000000008000ff4        0x4 CMakeFiles/main.elf.dir/Core/Src/main.c.obj
                0x0000000008000ff4                Error_Handler
 .text.SystemClock_Config
                0x0000000008000ff8       0x64 CMakeFiles/main.elf.dir/Core/Src/main.c.obj
                0x0000000008000ff8                SystemClock_Config
 .text.main     0x000000000800105c       0xac CMakeFiles/main.elf.dir/Core/Src/main.c.obj
                0x000000000800105c                main
 .text.MX_SPI1_Init
                0x0000000008001108       0x44 CMakeFiles/main.elf.dir/Core/Src/spi.c.obj
                0x0000000008001108                MX_SPI1_Init
 .text.MX_SPI2_Init
                0x000000000800114c       0x44 CMakeFiles/main.elf.dir/Core/Src/spi.c.obj
                0x000000000800114c                MX_SPI2_Init
 .text.HAL_SPI_MspInit
                0x0000000008001190      0x14c CMakeFiles/main.elf.dir/Core/Src/spi.c.obj
                0x0000000008001190                HAL_SPI_MspInit
 .text.SPI1_SetSpeed
                0x00000000080012dc       0x34 CMakeFiles/main.elf.dir/Core/Src/spi.c.obj
                0x00000000080012dc                SPI1_SetSpeed
 .text.SPI2_SetSpeed
                0x0000000008001310       0x34 CMakeFiles/main.elf.dir/Core/Src/spi.c.obj
                0x0000000008001310                SPI2_SetSpeed
 .text.SPI1_ReadWriteByte
                0x0000000008001344       0x2c CMakeFiles/main.elf.dir/Core/Src/spi.c.obj
                0x0000000008001344                SPI1_ReadWriteByte
 .text.HAL_MspInit
                0x0000000008001370       0x44 CMakeFiles/main.elf.dir/Core/Src/stm32f1xx_hal_msp.c.obj
                0x0000000008001370                HAL_MspInit
 .text.NMI_Handler
                0x00000000080013b4        0x2 CMakeFiles/main.elf.dir/Core/Src/stm32f1xx_it.c.obj
                0x00000000080013b4                NMI_Handler
 .text.HardFault_Handler
                0x00000000080013b6        0x2 CMakeFiles/main.elf.dir/Core/Src/stm32f1xx_it.c.obj
                0x00000000080013b6                HardFault_Handler
 .text.MemManage_Handler
                0x00000000080013b8        0x2 CMakeFiles/main.elf.dir/Core/Src/stm32f1xx_it.c.obj
                0x00000000080013b8                MemManage_Handler
 .text.BusFault_Handler
                0x00000000080013ba        0x2 CMakeFiles/main.elf.dir/Core/Src/stm32f1xx_it.c.obj
                0x00000000080013ba                BusFault_Handler
 .text.UsageFault_Handler
                0x00000000080013bc        0x2 CMakeFiles/main.elf.dir/Core/Src/stm32f1xx_it.c.obj
                0x00000000080013bc                UsageFault_Handler
 .text.SVC_Handler
                0x00000000080013be        0x2 CMakeFiles/main.elf.dir/Core/Src/stm32f1xx_it.c.obj
                0x00000000080013be                SVC_Handler
 .text.DebugMon_Handler
                0x00000000080013c0        0x2 CMakeFiles/main.elf.dir/Core/Src/stm32f1xx_it.c.obj
                0x00000000080013c0                DebugMon_Handler
 .text.PendSV_Handler
                0x00000000080013c2        0x2 CMakeFiles/main.elf.dir/Core/Src/stm32f1xx_it.c.obj
                0x00000000080013c2                PendSV_Handler
 .text.SysTick_Handler
                0x00000000080013c4        0x8 CMakeFiles/main.elf.dir/Core/Src/stm32f1xx_it.c.obj
                0x00000000080013c4                SysTick_Handler
 .text.USART1_IRQHandler
                0x00000000080013cc       0x2c CMakeFiles/main.elf.dir/Core/Src/stm32f1xx_it.c.obj
                0x00000000080013cc                USART1_IRQHandler
 .text._getpid  0x00000000080013f8        0x4 CMakeFiles/main.elf.dir/Core/Src/syscalls.c.obj
                0x00000000080013f8                _getpid
 .text._kill    0x00000000080013fc       0x10 CMakeFiles/main.elf.dir/Core/Src/syscalls.c.obj
                0x00000000080013fc                _kill
 .text._exit    0x000000000800140c        0xc CMakeFiles/main.elf.dir/Core/Src/syscalls.c.obj
                0x000000000800140c                _exit
 .text._read    0x0000000008001418       0x20 CMakeFiles/main.elf.dir/Core/Src/syscalls.c.obj
                0x0000000008001418                _read
 .text._close   0x0000000008001438        0x6 CMakeFiles/main.elf.dir/Core/Src/syscalls.c.obj
                0x0000000008001438                _close
 .text._fstat   0x000000000800143e        0xa CMakeFiles/main.elf.dir/Core/Src/syscalls.c.obj
                0x000000000800143e                _fstat
 .text._isatty  0x0000000008001448        0x4 CMakeFiles/main.elf.dir/Core/Src/syscalls.c.obj
                0x0000000008001448                _isatty
 .text._lseek   0x000000000800144c        0x4 CMakeFiles/main.elf.dir/Core/Src/syscalls.c.obj
                0x000000000800144c                _lseek
 .text._sbrk    0x0000000008001450       0x48 CMakeFiles/main.elf.dir/Core/Src/sysmem.c.obj
                0x0000000008001450                _sbrk
 .text.SystemInit
                0x0000000008001498        0x2 CMakeFiles/main.elf.dir/Core/Src/system_stm32f1xx.c.obj
                0x0000000008001498                SystemInit
 *fill*         0x000000000800149a        0x2 
 .text.__io_putchar
                0x000000000800149c       0x18 CMakeFiles/main.elf.dir/Core/Src/usart.c.obj
                0x000000000800149c                __io_putchar
 .text._write   0x00000000080014b4       0x1c CMakeFiles/main.elf.dir/Core/Src/usart.c.obj
                0x00000000080014b4                _write
 .text.MX_USART1_UART_Init
                0x00000000080014d0       0x34 CMakeFiles/main.elf.dir/Core/Src/usart.c.obj
                0x00000000080014d0                MX_USART1_UART_Init
 .text.HAL_UART_MspInit
                0x0000000008001504       0x88 CMakeFiles/main.elf.dir/Core/Src/usart.c.obj
                0x0000000008001504                HAL_UART_MspInit
 .text.HAL_UART_RxCpltCallback
                0x000000000800158c       0x78 CMakeFiles/main.elf.dir/Core/Src/usart.c.obj
                0x000000000800158c                HAL_UART_RxCpltCallback
 .text.Reset_Handler
                0x0000000008001604       0x48 CMakeFiles/main.elf.dir/Core/Startup/startup_stm32f103rctx.s.obj
                0x0000000008001604                Reset_Handler
 .text.Default_Handler
                0x000000000800164c        0x2 CMakeFiles/main.elf.dir/Core/Startup/startup_stm32f103rctx.s.obj
                0x000000000800164c                DMA2_Channel3_IRQHandler
                0x000000000800164c                EXTI2_IRQHandler
                0x000000000800164c                TIM8_TRG_COM_IRQHandler
                0x000000000800164c                TIM8_CC_IRQHandler
                0x000000000800164c                TIM1_CC_IRQHandler
                0x000000000800164c                TIM6_IRQHandler
                0x000000000800164c                PVD_IRQHandler
                0x000000000800164c                SDIO_IRQHandler
                0x000000000800164c                EXTI3_IRQHandler
                0x000000000800164c                EXTI0_IRQHandler
                0x000000000800164c                I2C2_EV_IRQHandler
                0x000000000800164c                ADC1_2_IRQHandler
                0x000000000800164c                SPI1_IRQHandler
                0x000000000800164c                TAMPER_IRQHandler
                0x000000000800164c                TIM8_UP_IRQHandler
                0x000000000800164c                DMA2_Channel2_IRQHandler
                0x000000000800164c                DMA1_Channel4_IRQHandler
                0x000000000800164c                USART3_IRQHandler
                0x000000000800164c                RTC_IRQHandler
                0x000000000800164c                DMA1_Channel7_IRQHandler
                0x000000000800164c                CAN1_RX1_IRQHandler
                0x000000000800164c                UART5_IRQHandler
                0x000000000800164c                ADC3_IRQHandler
                0x000000000800164c                TIM4_IRQHandler
                0x000000000800164c                DMA2_Channel1_IRQHandler
                0x000000000800164c                I2C1_EV_IRQHandler
                0x000000000800164c                DMA1_Channel6_IRQHandler
                0x000000000800164c                UART4_IRQHandler
                0x000000000800164c                TIM3_IRQHandler
                0x000000000800164c                RCC_IRQHandler
                0x000000000800164c                TIM1_TRG_COM_IRQHandler
                0x000000000800164c                DMA1_Channel1_IRQHandler
                0x000000000800164c                Default_Handler
                0x000000000800164c                EXTI15_10_IRQHandler
                0x000000000800164c                TIM7_IRQHandler
                0x000000000800164c                TIM5_IRQHandler
                0x000000000800164c                EXTI9_5_IRQHandler
                0x000000000800164c                SPI2_IRQHandler
                0x000000000800164c                DMA1_Channel5_IRQHandler
                0x000000000800164c                EXTI4_IRQHandler
                0x000000000800164c                USB_LP_CAN1_RX0_IRQHandler
                0x000000000800164c                USB_HP_CAN1_TX_IRQHandler
                0x000000000800164c                DMA1_Channel3_IRQHandler
                0x000000000800164c                FSMC_IRQHandler
                0x000000000800164c                TIM1_UP_IRQHandler
                0x000000000800164c                WWDG_IRQHandler
                0x000000000800164c                TIM2_IRQHandler
                0x000000000800164c                TIM1_BRK_IRQHandler
                0x000000000800164c                EXTI1_IRQHandler
                0x000000000800164c                DMA2_Channel4_5_IRQHandler
                0x000000000800164c                USART2_IRQHandler
                0x000000000800164c                I2C2_ER_IRQHandler
                0x000000000800164c                DMA1_Channel2_IRQHandler
                0x000000000800164c                TIM8_BRK_IRQHandler
                0x000000000800164c                CAN1_SCE_IRQHandler
                0x000000000800164c                FLASH_IRQHandler
                0x000000000800164c                SPI3_IRQHandler
                0x000000000800164c                I2C1_ER_IRQHandler
                0x000000000800164c                USBWakeUp_IRQHandler
                0x000000000800164c                RTC_Alarm_IRQHandler
 *fill*         0x000000000800164e        0x2 
 .text.HAL_InitTick
                0x0000000008001650       0x4c CMakeFiles/main.elf.dir/Drivers/STM32F1xx_HAL_Driver/Src/stm32f1xx_hal.c.obj
                0x0000000008001650                HAL_InitTick
 .text.HAL_Init
                0x000000000800169c       0x24 CMakeFiles/main.elf.dir/Drivers/STM32F1xx_HAL_Driver/Src/stm32f1xx_hal.c.obj
                0x000000000800169c                HAL_Init
 .text.HAL_IncTick
                0x00000000080016c0       0x18 CMakeFiles/main.elf.dir/Drivers/STM32F1xx_HAL_Driver/Src/stm32f1xx_hal.c.obj
                0x00000000080016c0                HAL_IncTick
 .text.HAL_GetTick
                0x00000000080016d8        0xc CMakeFiles/main.elf.dir/Drivers/STM32F1xx_HAL_Driver/Src/stm32f1xx_hal.c.obj
                0x00000000080016d8                HAL_GetTick
 .text.HAL_NVIC_SetPriorityGrouping
                0x00000000080016e4       0x24 CMakeFiles/main.elf.dir/Drivers/STM32F1xx_HAL_Driver/Src/stm32f1xx_hal_cortex.c.obj
                0x00000000080016e4                HAL_NVIC_SetPriorityGrouping
 .text.HAL_NVIC_SetPriority
                0x0000000008001708       0x70 CMakeFiles/main.elf.dir/Drivers/STM32F1xx_HAL_Driver/Src/stm32f1xx_hal_cortex.c.obj
                0x0000000008001708                HAL_NVIC_SetPriority
 .text.HAL_NVIC_EnableIRQ
                0x0000000008001778       0x1c CMakeFiles/main.elf.dir/Drivers/STM32F1xx_HAL_Driver/Src/stm32f1xx_hal_cortex.c.obj
                0x0000000008001778                HAL_NVIC_EnableIRQ
 .text.HAL_SYSTICK_Config
                0x0000000008001794       0x28 CMakeFiles/main.elf.dir/Drivers/STM32F1xx_HAL_Driver/Src/stm32f1xx_hal_cortex.c.obj
                0x0000000008001794                HAL_SYSTICK_Config
 .text.HAL_SYSTICK_CLKSourceConfig
                0x00000000080017bc       0x20 CMakeFiles/main.elf.dir/Drivers/STM32F1xx_HAL_Driver/Src/stm32f1xx_hal_cortex.c.obj
                0x00000000080017bc                HAL_SYSTICK_CLKSourceConfig
 .text.HAL_DMA_Abort
                0x00000000080017dc       0x46 CMakeFiles/main.elf.dir/Drivers/STM32F1xx_HAL_Driver/Src/stm32f1xx_hal_dma.c.obj
                0x00000000080017dc                HAL_DMA_Abort
 *fill*         0x0000000008001822        0x2 
 .text.HAL_DMA_Abort_IT
                0x0000000008001824      0x16c CMakeFiles/main.elf.dir/Drivers/STM32F1xx_HAL_Driver/Src/stm32f1xx_hal_dma.c.obj
                0x0000000008001824                HAL_DMA_Abort_IT
 .text.HAL_GPIO_Init
                0x0000000008001990      0x240 CMakeFiles/main.elf.dir/Drivers/STM32F1xx_HAL_Driver/Src/stm32f1xx_hal_gpio.c.obj
                0x0000000008001990                HAL_GPIO_Init
 .text.HAL_GPIO_WritePin
                0x0000000008001bd0        0xc CMakeFiles/main.elf.dir/Drivers/STM32F1xx_HAL_Driver/Src/stm32f1xx_hal_gpio.c.obj
                0x0000000008001bd0                HAL_GPIO_WritePin
 .text.RCC_Delay
                0x0000000008001bdc       0x2c CMakeFiles/main.elf.dir/Drivers/STM32F1xx_HAL_Driver/Src/stm32f1xx_hal_rcc.c.obj
 .text.HAL_RCC_OscConfig
                0x0000000008001c08      0x410 CMakeFiles/main.elf.dir/Drivers/STM32F1xx_HAL_Driver/Src/stm32f1xx_hal_rcc.c.obj
                0x0000000008001c08                HAL_RCC_OscConfig
 .text.HAL_RCC_GetSysClockFreq
                0x0000000008002018       0x54 CMakeFiles/main.elf.dir/Drivers/STM32F1xx_HAL_Driver/Src/stm32f1xx_hal_rcc.c.obj
                0x0000000008002018                HAL_RCC_GetSysClockFreq
 .text.HAL_RCC_ClockConfig
                0x000000000800206c      0x16c CMakeFiles/main.elf.dir/Drivers/STM32F1xx_HAL_Driver/Src/stm32f1xx_hal_rcc.c.obj
                0x000000000800206c                HAL_RCC_ClockConfig
 .text.HAL_RCC_GetHCLKFreq
                0x00000000080021d8        0xc CMakeFiles/main.elf.dir/Drivers/STM32F1xx_HAL_Driver/Src/stm32f1xx_hal_rcc.c.obj
                0x00000000080021d8                HAL_RCC_GetHCLKFreq
 .text.HAL_RCC_GetPCLK1Freq
                0x00000000080021e4       0x20 CMakeFiles/main.elf.dir/Drivers/STM32F1xx_HAL_Driver/Src/stm32f1xx_hal_rcc.c.obj
                0x00000000080021e4                HAL_RCC_GetPCLK1Freq
 .text.HAL_RCC_GetPCLK2Freq
                0x0000000008002204       0x20 CMakeFiles/main.elf.dir/Drivers/STM32F1xx_HAL_Driver/Src/stm32f1xx_hal_rcc.c.obj
                0x0000000008002204                HAL_RCC_GetPCLK2Freq
 .text.SPI_WaitFlagStateUntilTimeout
                0x0000000008002224       0xd4 CMakeFiles/main.elf.dir/Drivers/STM32F1xx_HAL_Driver/Src/stm32f1xx_hal_spi.c.obj
 .text.SPI_EndRxTxTransaction
                0x00000000080022f8       0x24 CMakeFiles/main.elf.dir/Drivers/STM32F1xx_HAL_Driver/Src/stm32f1xx_hal_spi.c.obj
 .text.HAL_SPI_Init
                0x000000000800231c       0xb6 CMakeFiles/main.elf.dir/Drivers/STM32F1xx_HAL_Driver/Src/stm32f1xx_hal_spi.c.obj
                0x000000000800231c                HAL_SPI_Init
 .text.HAL_SPI_Transmit
                0x00000000080023d2      0x1b8 CMakeFiles/main.elf.dir/Drivers/STM32F1xx_HAL_Driver/Src/stm32f1xx_hal_spi.c.obj
                0x00000000080023d2                HAL_SPI_Transmit
 .text.HAL_SPI_TransmitReceive
                0x000000000800258a      0x244 CMakeFiles/main.elf.dir/Drivers/STM32F1xx_HAL_Driver/Src/stm32f1xx_hal_spi.c.obj
                0x000000000800258a                HAL_SPI_TransmitReceive
 .text.UART_EndRxTransfer
                0x00000000080027ce       0x5c CMakeFiles/main.elf.dir/Drivers/STM32F1xx_HAL_Driver/Src/stm32f1xx_hal_uart.c.obj
 .text.UART_Transmit_IT
                0x000000000800282a       0x60 CMakeFiles/main.elf.dir/Drivers/STM32F1xx_HAL_Driver/Src/stm32f1xx_hal_uart.c.obj
 *fill*         0x000000000800288a        0x2 
 .text.UART_SetConfig
                0x000000000800288c       0x94 CMakeFiles/main.elf.dir/Drivers/STM32F1xx_HAL_Driver/Src/stm32f1xx_hal_uart.c.obj
 .text.HAL_UART_Init
                0x0000000008002920       0x60 CMakeFiles/main.elf.dir/Drivers/STM32F1xx_HAL_Driver/Src/stm32f1xx_hal_uart.c.obj
                0x0000000008002920                HAL_UART_Init
 .text.HAL_UART_TxCpltCallback
                0x0000000008002980        0x2 CMakeFiles/main.elf.dir/Drivers/STM32F1xx_HAL_Driver/Src/stm32f1xx_hal_uart.c.obj
                0x0000000008002980                HAL_UART_TxCpltCallback
 .text.UART_EndTransmit_IT
                0x0000000008002982       0x1a CMakeFiles/main.elf.dir/Drivers/STM32F1xx_HAL_Driver/Src/stm32f1xx_hal_uart.c.obj
 .text.HAL_UART_ErrorCallback
                0x000000000800299c        0x2 CMakeFiles/main.elf.dir/Drivers/STM32F1xx_HAL_Driver/Src/stm32f1xx_hal_uart.c.obj
                0x000000000800299c                HAL_UART_ErrorCallback
 .text.UART_DMAAbortOnError
                0x000000000800299e       0x10 CMakeFiles/main.elf.dir/Drivers/STM32F1xx_HAL_Driver/Src/stm32f1xx_hal_uart.c.obj
 .text.HAL_UARTEx_RxEventCallback
                0x00000000080029ae        0x2 CMakeFiles/main.elf.dir/Drivers/STM32F1xx_HAL_Driver/Src/stm32f1xx_hal_uart.c.obj
                0x00000000080029ae                HAL_UARTEx_RxEventCallback
 .text.UART_Receive_IT
                0x00000000080029b0       0xe6 CMakeFiles/main.elf.dir/Drivers/STM32F1xx_HAL_Driver/Src/stm32f1xx_hal_uart.c.obj
 *fill*         0x0000000008002a96        0x2 
 .text.HAL_UART_IRQHandler
                0x0000000008002a98      0x288 CMakeFiles/main.elf.dir/Drivers/STM32F1xx_HAL_Driver/Src/stm32f1xx_hal_uart.c.obj
                0x0000000008002a98                HAL_UART_IRQHandler
 .text.HAL_UART_GetState
                0x0000000008002d20        0xc CMakeFiles/main.elf.dir/Drivers/STM32F1xx_HAL_Driver/Src/stm32f1xx_hal_uart.c.obj
                0x0000000008002d20                HAL_UART_GetState
 .text.UART_Start_Receive_IT
                0x0000000008002d2c       0x36 CMakeFiles/main.elf.dir/Drivers/STM32F1xx_HAL_Driver/Src/stm32f1xx_hal_uart.c.obj
                0x0000000008002d2c                UART_Start_Receive_IT
 .text.HAL_UART_Receive_IT
                0x0000000008002d62       0x26 CMakeFiles/main.elf.dir/Drivers/STM32F1xx_HAL_Driver/Src/stm32f1xx_hal_uart.c.obj
                0x0000000008002d62                HAL_UART_Receive_IT
 .text.LCD_WR_REG
                0x0000000008002d88       0x38 CMakeFiles/main.elf.dir/HARDWARE/OLED/oled.c.obj
                0x0000000008002d88                LCD_WR_REG
 .text.LCD_WR_DATA
                0x0000000008002dc0       0x38 CMakeFiles/main.elf.dir/HARDWARE/OLED/oled.c.obj
                0x0000000008002dc0                LCD_WR_DATA
 .text.LCD_WR_DATA_16Bit
                0x0000000008002df8       0x4c CMakeFiles/main.elf.dir/HARDWARE/OLED/oled.c.obj
                0x0000000008002df8                LCD_WR_DATA_16Bit
 .text.LCD_WriteReg
                0x0000000008002e44       0x12 CMakeFiles/main.elf.dir/HARDWARE/OLED/oled.c.obj
                0x0000000008002e44                LCD_WriteReg
 *fill*         0x0000000008002e56        0x2 
 .text.LCD_WriteRAM_Prepare
                0x0000000008002e58       0x10 CMakeFiles/main.elf.dir/HARDWARE/OLED/oled.c.obj
                0x0000000008002e58                LCD_WriteRAM_Prepare
 .text.LCD_RESET
                0x0000000008002e68       0x10 CMakeFiles/main.elf.dir/HARDWARE/OLED/oled.c.obj
                0x0000000008002e68                LCD_RESET
 .text.LCD_SetWindows
                0x0000000008002e78       0x6c CMakeFiles/main.elf.dir/HARDWARE/OLED/oled.c.obj
                0x0000000008002e78                LCD_SetWindows
 .text.LCD_Clear
                0x0000000008002ee4       0x48 CMakeFiles/main.elf.dir/HARDWARE/OLED/oled.c.obj
                0x0000000008002ee4                LCD_Clear
 .text.LCD_SetCursor
                0x0000000008002f2c        0xc CMakeFiles/main.elf.dir/HARDWARE/OLED/oled.c.obj
                0x0000000008002f2c                LCD_SetCursor
 .text.LCD_DrawPoint
                0x0000000008002f38       0x14 CMakeFiles/main.elf.dir/HARDWARE/OLED/oled.c.obj
                0x0000000008002f38                LCD_DrawPoint
 .text.LCD_SetParam
                0x0000000008002f4c       0x28 CMakeFiles/main.elf.dir/HARDWARE/OLED/oled.c.obj
                0x0000000008002f4c                LCD_SetParam
 .text.LCD_Init
                0x0000000008002f74      0x228 CMakeFiles/main.elf.dir/HARDWARE/OLED/oled.c.obj
                0x0000000008002f74                LCD_Init
 .text.W25QXX_ReadSR
                0x000000000800319c       0x34 CMakeFiles/main.elf.dir/HARDWARE/W25QXX/w25qxx.c.obj
                0x000000000800319c                W25QXX_ReadSR
 .text.W25QXX_ReadID
                0x00000000080031d0       0x44 CMakeFiles/main.elf.dir/HARDWARE/W25QXX/w25qxx.c.obj
                0x00000000080031d0                W25QXX_ReadID
 .text.W25QXX_Init
                0x0000000008003214       0xc4 CMakeFiles/main.elf.dir/HARDWARE/W25QXX/w25qxx.c.obj
                0x0000000008003214                W25QXX_Init
 .text.W25QXX_Read
                0x00000000080032d8       0x68 CMakeFiles/main.elf.dir/HARDWARE/W25QXX/w25qxx.c.obj
                0x00000000080032d8                W25QXX_Read
 .text.delay_init
                0x0000000008003340       0x14 CMakeFiles/main.elf.dir/SYSTEM/DELAY/delay.c.obj
                0x0000000008003340                delay_init
 .text.delay_us
                0x0000000008003354       0x3c CMakeFiles/main.elf.dir/SYSTEM/DELAY/delay.c.obj
                0x0000000008003354                delay_us
 .text.delay_ms
                0x0000000008003390       0x18 CMakeFiles/main.elf.dir/SYSTEM/DELAY/delay.c.obj
                0x0000000008003390                delay_ms
 .text.font_init
                0x00000000080033a8       0x4c CMakeFiles/main.elf.dir/TEXT/fontupd.c.obj
                0x00000000080033a8                font_init
 .text.LCD_ShowChar
                0x00000000080033f4      0x134 CMakeFiles/main.elf.dir/TEXT/gui.c.obj
                0x00000000080033f4                LCD_ShowChar
 .text.Get_HzMat
                0x0000000008003528       0x7c CMakeFiles/main.elf.dir/TEXT/text.c.obj
                0x0000000008003528                Get_HzMat
 .text.Show_Font
                0x00000000080035a4       0xb6 CMakeFiles/main.elf.dir/TEXT/text.c.obj
                0x00000000080035a4                Show_Font
 *fill*         0x000000000800365a        0x2 
 .text.Show_Str
                0x000000000800365c       0x98 CMakeFiles/main.elf.dir/TEXT/text.c.obj
                0x000000000800365c                Show_Str
 .text.__errno  0x00000000080036f4        0xc /opt/homebrew/Cellar/arm-none-eabi-gcc/10.3-2021.07/gcc/bin/../lib/gcc/arm-none-eabi/10.3.1/../../../../arm-none-eabi/lib/thumb/v7-m/nofp/libg.a(lib_a-errno.o)
                0x00000000080036f4                __errno
 .text.__libc_init_array
                0x0000000008003700       0x48 /opt/homebrew/Cellar/arm-none-eabi-gcc/10.3-2021.07/gcc/bin/../lib/gcc/arm-none-eabi/10.3.1/../../../../arm-none-eabi/lib/thumb/v7-m/nofp/libg.a(lib_a-init.o)
                0x0000000008003700                __libc_init_array
 .text.memset   0x0000000008003748       0xa4 /opt/homebrew/Cellar/arm-none-eabi-gcc/10.3-2021.07/gcc/bin/../lib/gcc/arm-none-eabi/10.3.1/../../../../arm-none-eabi/lib/thumb/v7-m/nofp/libg.a(lib_a-memset.o)
                0x0000000008003748                memset
 .text.printf   0x00000000080037ec       0x28 /opt/homebrew/Cellar/arm-none-eabi-gcc/10.3-2021.07/gcc/bin/../lib/gcc/arm-none-eabi/10.3.1/../../../../arm-none-eabi/lib/thumb/v7-m/nofp/libg.a(lib_a-printf.o)
                0x00000000080037ec                printf
 .text._puts_r  0x0000000008003814       0x9c /opt/homebrew/Cellar/arm-none-eabi-gcc/10.3-2021.07/gcc/bin/../lib/gcc/arm-none-eabi/10.3.1/../../../../arm-none-eabi/lib/thumb/v7-m/nofp/libg.a(lib_a-puts.o)
                0x0000000008003814                _puts_r
 .text.puts     0x00000000080038b0       0x10 /opt/homebrew/Cellar/arm-none-eabi-gcc/10.3-2021.07/gcc/bin/../lib/gcc/arm-none-eabi/10.3.1/../../../../arm-none-eabi/lib/thumb/v7-m/nofp/libg.a(lib_a-puts.o)
                0x00000000080038b0                puts
 .text.strlen   0x00000000080038c0       0x5c /opt/homebrew/Cellar/arm-none-eabi-gcc/10.3-2021.07/gcc/bin/../lib/gcc/arm-none-eabi/10.3.1/../../../../arm-none-eabi/lib/thumb/v7-m/nofp/libg.a(lib_a-strlen-stub.o)
                0x00000000080038c0                strlen
 .text._vfprintf_r
                0x000000000800391c     0x1b58 /opt/homebrew/Cellar/arm-none-eabi-gcc/10.3-2021.07/gcc/bin/../lib/gcc/arm-none-eabi/10.3.1/../../../../arm-none-eabi/lib/thumb/v7-m/nofp/libg.a(lib_a-vfprintf.o)
                0x000000000800391c                _vfprintf_r
 .text.__sbprintf
                0x0000000008005474       0x84 /opt/homebrew/Cellar/arm-none-eabi-gcc/10.3-2021.07/gcc/bin/../lib/gcc/arm-none-eabi/10.3.1/../../../../arm-none-eabi/lib/thumb/v7-m/nofp/libg.a(lib_a-vfprintf.o)
 .text.__swsetup_r
                0x00000000080054f8       0xd4 /opt/homebrew/Cellar/arm-none-eabi-gcc/10.3-2021.07/gcc/bin/../lib/gcc/arm-none-eabi/10.3.1/../../../../arm-none-eabi/lib/thumb/v7-m/nofp/libg.a(lib_a-wsetup.o)
                0x00000000080054f8                __swsetup_r
 .text.startup.register_fini
                0x00000000080055cc       0x14 /opt/homebrew/Cellar/arm-none-eabi-gcc/10.3-2021.07/gcc/bin/../lib/gcc/arm-none-eabi/10.3.1/../../../../arm-none-eabi/lib/thumb/v7-m/nofp/libg.a(lib_a-__call_atexit.o)
 .text.atexit   0x00000000080055e0        0xc /opt/homebrew/Cellar/arm-none-eabi-gcc/10.3-2021.07/gcc/bin/../lib/gcc/arm-none-eabi/10.3.1/../../../../arm-none-eabi/lib/thumb/v7-m/nofp/libg.a(lib_a-atexit.o)
                0x00000000080055e0                atexit
 .text.quorem   0x00000000080055ec      0x12c /opt/homebrew/Cellar/arm-none-eabi-gcc/10.3-2021.07/gcc/bin/../lib/gcc/arm-none-eabi/10.3.1/../../../../arm-none-eabi/lib/thumb/v7-m/nofp/libg.a(lib_a-dtoa.o)
 .text._dtoa_r  0x0000000008005718      0xecc /opt/homebrew/Cellar/arm-none-eabi-gcc/10.3-2021.07/gcc/bin/../lib/gcc/arm-none-eabi/10.3.1/../../../../arm-none-eabi/lib/thumb/v7-m/nofp/libg.a(lib_a-dtoa.o)
                0x0000000008005718                _dtoa_r
 .text.__sflush_r
                0x00000000080065e4      0x124 /opt/homebrew/Cellar/arm-none-eabi-gcc/10.3-2021.07/gcc/bin/../lib/gcc/arm-none-eabi/10.3.1/../../../../arm-none-eabi/lib/thumb/v7-m/nofp/libg.a(lib_a-fflush.o)
                0x00000000080065e4                __sflush_r
 .text._fflush_r
                0x0000000008006708       0x5c /opt/homebrew/Cellar/arm-none-eabi-gcc/10.3-2021.07/gcc/bin/../lib/gcc/arm-none-eabi/10.3.1/../../../../arm-none-eabi/lib/thumb/v7-m/nofp/libg.a(lib_a-fflush.o)
                0x0000000008006708                _fflush_r
 .text._cleanup_r
                0x0000000008006764        0xc /opt/homebrew/Cellar/arm-none-eabi-gcc/10.3-2021.07/gcc/bin/../lib/gcc/arm-none-eabi/10.3.1/../../../../arm-none-eabi/lib/thumb/v7-m/nofp/libg.a(lib_a-findfp.o)
                0x0000000008006764                _cleanup_r
 .text.__sinit  0x0000000008006770      0x10c /opt/homebrew/Cellar/arm-none-eabi-gcc/10.3-2021.07/gcc/bin/../lib/gcc/arm-none-eabi/10.3.1/../../../../arm-none-eabi/lib/thumb/v7-m/nofp/libg.a(lib_a-findfp.o)
                0x0000000008006770                __sinit
 .text.__sfp_lock_acquire
                0x000000000800687c        0xc /opt/homebrew/Cellar/arm-none-eabi-gcc/10.3-2021.07/gcc/bin/../lib/gcc/arm-none-eabi/10.3.1/../../../../arm-none-eabi/lib/thumb/v7-m/nofp/libg.a(lib_a-findfp.o)
                0x000000000800687c                __sfp_lock_acquire
 .text.__sfp_lock_release
                0x0000000008006888        0xc /opt/homebrew/Cellar/arm-none-eabi-gcc/10.3-2021.07/gcc/bin/../lib/gcc/arm-none-eabi/10.3.1/../../../../arm-none-eabi/lib/thumb/v7-m/nofp/libg.a(lib_a-findfp.o)
                0x0000000008006888                __sfp_lock_release
 .text.__libc_fini_array
                0x0000000008006894       0x2c /opt/homebrew/Cellar/arm-none-eabi-gcc/10.3-2021.07/gcc/bin/../lib/gcc/arm-none-eabi/10.3.1/../../../../arm-none-eabi/lib/thumb/v7-m/nofp/libg.a(lib_a-fini.o)
                0x0000000008006894                __libc_fini_array
 .text._malloc_trim_r
                0x00000000080068c0       0xa0 /opt/homebrew/Cellar/arm-none-eabi-gcc/10.3-2021.07/gcc/bin/../lib/gcc/arm-none-eabi/10.3.1/../../../../arm-none-eabi/lib/thumb/v7-m/nofp/libg.a(lib_a-freer.o)
                0x00000000080068c0                _malloc_trim_r
 .text._free_r  0x0000000008006960      0x200 /opt/homebrew/Cellar/arm-none-eabi-gcc/10.3-2021.07/gcc/bin/../lib/gcc/arm-none-eabi/10.3.1/../../../../arm-none-eabi/lib/thumb/v7-m/nofp/libg.a(lib_a-freer.o)
                0x0000000008006960                _free_r
 .text.__sfvwrite_r
                0x0000000008006b60      0x2f0 /opt/homebrew/Cellar/arm-none-eabi-gcc/10.3-2021.07/gcc/bin/../lib/gcc/arm-none-eabi/10.3.1/../../../../arm-none-eabi/lib/thumb/v7-m/nofp/libg.a(lib_a-fvwrite.o)
                0x0000000008006b60                __sfvwrite_r
 .text._fwalk_reent
                0x0000000008006e50       0x48 /opt/homebrew/Cellar/arm-none-eabi-gcc/10.3-2021.07/gcc/bin/../lib/gcc/arm-none-eabi/10.3.1/../../../../arm-none-eabi/lib/thumb/v7-m/nofp/libg.a(lib_a-fwalk.o)
                0x0000000008006e50                _fwalk_reent
 .text._localeconv_r
                0x0000000008006e98        0x8 /opt/homebrew/Cellar/arm-none-eabi-gcc/10.3-2021.07/gcc/bin/../lib/gcc/arm-none-eabi/10.3.1/../../../../arm-none-eabi/lib/thumb/v7-m/nofp/libg.a(lib_a-localeconv.o)
                0x0000000008006e98                _localeconv_r
 .text.__retarget_lock_init_recursive
                0x0000000008006ea0        0x4 /opt/homebrew/Cellar/arm-none-eabi-gcc/10.3-2021.07/gcc/bin/../lib/gcc/arm-none-eabi/10.3.1/../../../../arm-none-eabi/lib/thumb/v7-m/nofp/libg.a(lib_a-lock.o)
                0x0000000008006ea0                __retarget_lock_init_recursive
 .text.__retarget_lock_close_recursive
                0x0000000008006ea4        0x4 /opt/homebrew/Cellar/arm-none-eabi-gcc/10.3-2021.07/gcc/bin/../lib/gcc/arm-none-eabi/10.3.1/../../../../arm-none-eabi/lib/thumb/v7-m/nofp/libg.a(lib_a-lock.o)
                0x0000000008006ea4                __retarget_lock_close_recursive
 .text.__retarget_lock_acquire_recursive
                0x0000000008006ea8        0x4 /opt/homebrew/Cellar/arm-none-eabi-gcc/10.3-2021.07/gcc/bin/../lib/gcc/arm-none-eabi/10.3.1/../../../../arm-none-eabi/lib/thumb/v7-m/nofp/libg.a(lib_a-lock.o)
                0x0000000008006ea8                __retarget_lock_acquire_recursive
 .text.__retarget_lock_release_recursive
                0x0000000008006eac        0x4 /opt/homebrew/Cellar/arm-none-eabi-gcc/10.3-2021.07/gcc/bin/../lib/gcc/arm-none-eabi/10.3.1/../../../../arm-none-eabi/lib/thumb/v7-m/nofp/libg.a(lib_a-lock.o)
                0x0000000008006eac                __retarget_lock_release_recursive
 .text.__smakebuf_r
                0x0000000008006eb0       0xe0 /opt/homebrew/Cellar/arm-none-eabi-gcc/10.3-2021.07/gcc/bin/../lib/gcc/arm-none-eabi/10.3.1/../../../../arm-none-eabi/lib/thumb/v7-m/nofp/libg.a(lib_a-makebuf.o)
                0x0000000008006eb0                __smakebuf_r
 .text._malloc_r
                0x0000000008006f90      0x558 /opt/homebrew/Cellar/arm-none-eabi-gcc/10.3-2021.07/gcc/bin/../lib/gcc/arm-none-eabi/10.3.1/../../../../arm-none-eabi/lib/thumb/v7-m/nofp/libg.a(lib_a-mallocr.o)
                0x0000000008006f90                _malloc_r
 .text.memchr   0x00000000080074e8       0x90 /opt/homebrew/Cellar/arm-none-eabi-gcc/10.3-2021.07/gcc/bin/../lib/gcc/arm-none-eabi/10.3.1/../../../../arm-none-eabi/lib/thumb/v7-m/nofp/libg.a(lib_a-memchr-stub.o)
                0x00000000080074e8                memchr
 .text.memmove  0x0000000008007578       0xf8 /opt/homebrew/Cellar/arm-none-eabi-gcc/10.3-2021.07/gcc/bin/../lib/gcc/arm-none-eabi/10.3.1/../../../../arm-none-eabi/lib/thumb/v7-m/nofp/libg.a(lib_a-memmove.o)
                0x0000000008007578                memmove
 .text.__malloc_lock
                0x0000000008007670        0xc /opt/homebrew/Cellar/arm-none-eabi-gcc/10.3-2021.07/gcc/bin/../lib/gcc/arm-none-eabi/10.3.1/../../../../arm-none-eabi/lib/thumb/v7-m/nofp/libg.a(lib_a-mlock.o)
                0x0000000008007670                __malloc_lock
 .text.__malloc_unlock
                0x000000000800767c        0xc /opt/homebrew/Cellar/arm-none-eabi-gcc/10.3-2021.07/gcc/bin/../lib/gcc/arm-none-eabi/10.3.1/../../../../arm-none-eabi/lib/thumb/v7-m/nofp/libg.a(lib_a-mlock.o)
                0x000000000800767c                __malloc_unlock
 .text._Balloc  0x0000000008007688       0x4c /opt/homebrew/Cellar/arm-none-eabi-gcc/10.3-2021.07/gcc/bin/../lib/gcc/arm-none-eabi/10.3.1/../../../../arm-none-eabi/lib/thumb/v7-m/nofp/libg.a(lib_a-mprec.o)
                0x0000000008007688                _Balloc
 .text._Bfree   0x00000000080076d4       0x14 /opt/homebrew/Cellar/arm-none-eabi-gcc/10.3-2021.07/gcc/bin/../lib/gcc/arm-none-eabi/10.3.1/../../../../arm-none-eabi/lib/thumb/v7-m/nofp/libg.a(lib_a-mprec.o)
                0x00000000080076d4                _Bfree
 .text.__multadd
                0x00000000080076e8       0xa4 /opt/homebrew/Cellar/arm-none-eabi-gcc/10.3-2021.07/gcc/bin/../lib/gcc/arm-none-eabi/10.3.1/../../../../arm-none-eabi/lib/thumb/v7-m/nofp/libg.a(lib_a-mprec.o)
                0x00000000080076e8                __multadd
 .text.__hi0bits
                0x000000000800778c       0x40 /opt/homebrew/Cellar/arm-none-eabi-gcc/10.3-2021.07/gcc/bin/../lib/gcc/arm-none-eabi/10.3.1/../../../../arm-none-eabi/lib/thumb/v7-m/nofp/libg.a(lib_a-mprec.o)
                0x000000000800778c                __hi0bits
 .text.__lo0bits
                0x00000000080077cc       0x58 /opt/homebrew/Cellar/arm-none-eabi-gcc/10.3-2021.07/gcc/bin/../lib/gcc/arm-none-eabi/10.3.1/../../../../arm-none-eabi/lib/thumb/v7-m/nofp/libg.a(lib_a-mprec.o)
                0x00000000080077cc                __lo0bits
 .text.__i2b    0x0000000008007824       0x5c /opt/homebrew/Cellar/arm-none-eabi-gcc/10.3-2021.07/gcc/bin/../lib/gcc/arm-none-eabi/10.3.1/../../../../arm-none-eabi/lib/thumb/v7-m/nofp/libg.a(lib_a-mprec.o)
                0x0000000008007824                __i2b
 .text.__multiply
                0x0000000008007880      0x15c /opt/homebrew/Cellar/arm-none-eabi-gcc/10.3-2021.07/gcc/bin/../lib/gcc/arm-none-eabi/10.3.1/../../../../arm-none-eabi/lib/thumb/v7-m/nofp/libg.a(lib_a-mprec.o)
                0x0000000008007880                __multiply
 .text.__pow5mult
                0x00000000080079dc       0xb8 /opt/homebrew/Cellar/arm-none-eabi-gcc/10.3-2021.07/gcc/bin/../lib/gcc/arm-none-eabi/10.3.1/../../../../arm-none-eabi/lib/thumb/v7-m/nofp/libg.a(lib_a-mprec.o)
                0x00000000080079dc                __pow5mult
 .text.__lshift
                0x0000000008007a94       0xec /opt/homebrew/Cellar/arm-none-eabi-gcc/10.3-2021.07/gcc/bin/../lib/gcc/arm-none-eabi/10.3.1/../../../../arm-none-eabi/lib/thumb/v7-m/nofp/libg.a(lib_a-mprec.o)
                0x0000000008007a94                __lshift
 .text.__mcmp   0x0000000008007b80       0x40 /opt/homebrew/Cellar/arm-none-eabi-gcc/10.3-2021.07/gcc/bin/../lib/gcc/arm-none-eabi/10.3.1/../../../../arm-none-eabi/lib/thumb/v7-m/nofp/libg.a(lib_a-mprec.o)
                0x0000000008007b80                __mcmp
 .text.__mdiff  0x0000000008007bc0      0x14c /opt/homebrew/Cellar/arm-none-eabi-gcc/10.3-2021.07/gcc/bin/../lib/gcc/arm-none-eabi/10.3.1/../../../../arm-none-eabi/lib/thumb/v7-m/nofp/libg.a(lib_a-mprec.o)
                0x0000000008007bc0                __mdiff
 .text.__d2b    0x0000000008007d0c       0xc4 /opt/homebrew/Cellar/arm-none-eabi-gcc/10.3-2021.07/gcc/bin/../lib/gcc/arm-none-eabi/10.3.1/../../../../arm-none-eabi/lib/thumb/v7-m/nofp/libg.a(lib_a-mprec.o)
                0x0000000008007d0c                __d2b
 .text._realloc_r
                0x0000000008007dd0      0x3dc /opt/homebrew/Cellar/arm-none-eabi-gcc/10.3-2021.07/gcc/bin/../lib/gcc/arm-none-eabi/10.3.1/../../../../arm-none-eabi/lib/thumb/v7-m/nofp/libg.a(lib_a-reallocr.o)
                0x0000000008007dd0                _realloc_r
 .text.frexp    0x00000000080081ac       0x70 /opt/homebrew/Cellar/arm-none-eabi-gcc/10.3-2021.07/gcc/bin/../lib/gcc/arm-none-eabi/10.3.1/../../../../arm-none-eabi/lib/thumb/v7-m/nofp/libg.a(lib_a-s_frexp.o)
                0x00000000080081ac                frexp
 .text._sbrk_r  0x000000000800821c       0x24 /opt/homebrew/Cellar/arm-none-eabi-gcc/10.3-2021.07/gcc/bin/../lib/gcc/arm-none-eabi/10.3.1/../../../../arm-none-eabi/lib/thumb/v7-m/nofp/libg.a(lib_a-sbrkr.o)
                0x000000000800821c                _sbrk_r
 .text.__sread  0x0000000008008240       0x24 /opt/homebrew/Cellar/arm-none-eabi-gcc/10.3-2021.07/gcc/bin/../lib/gcc/arm-none-eabi/10.3.1/../../../../arm-none-eabi/lib/thumb/v7-m/nofp/libg.a(lib_a-stdio.o)
                0x0000000008008240                __sread
 .text.__swrite
                0x0000000008008264       0x40 /opt/homebrew/Cellar/arm-none-eabi-gcc/10.3-2021.07/gcc/bin/../lib/gcc/arm-none-eabi/10.3.1/../../../../arm-none-eabi/lib/thumb/v7-m/nofp/libg.a(lib_a-stdio.o)
                0x0000000008008264                __swrite
 .text.__sseek  0x00000000080082a4       0x20 /opt/homebrew/Cellar/arm-none-eabi-gcc/10.3-2021.07/gcc/bin/../lib/gcc/arm-none-eabi/10.3.1/../../../../arm-none-eabi/lib/thumb/v7-m/nofp/libg.a(lib_a-stdio.o)
                0x00000000080082a4                __sseek
 .text.__sclose
                0x00000000080082c4        0x8 /opt/homebrew/Cellar/arm-none-eabi-gcc/10.3-2021.07/gcc/bin/../lib/gcc/arm-none-eabi/10.3.1/../../../../arm-none-eabi/lib/thumb/v7-m/nofp/libg.a(lib_a-stdio.o)
                0x00000000080082c4                __sclose
 .text.strncpy  0x00000000080082cc       0x68 /opt/homebrew/Cellar/arm-none-eabi-gcc/10.3-2021.07/gcc/bin/../lib/gcc/arm-none-eabi/10.3.1/../../../../arm-none-eabi/lib/thumb/v7-m/nofp/libg.a(lib_a-strncpy.o)
                0x00000000080082cc                strncpy
 .text.__sprint_r.part.0
                0x0000000008008334       0x78 /opt/homebrew/Cellar/arm-none-eabi-gcc/10.3-2021.07/gcc/bin/../lib/gcc/arm-none-eabi/10.3.1/../../../../arm-none-eabi/lib/thumb/v7-m/nofp/libg.a(lib_a-vfiprintf.o)
 .text.__sprint_r
                0x00000000080083ac       0x14 /opt/homebrew/Cellar/arm-none-eabi-gcc/10.3-2021.07/gcc/bin/../lib/gcc/arm-none-eabi/10.3.1/../../../../arm-none-eabi/lib/thumb/v7-m/nofp/libg.a(lib_a-vfiprintf.o)
                0x00000000080083ac                __sprint_r
 .text._vfiprintf_r
                0x00000000080083c0      0xd98 /opt/homebrew/Cellar/arm-none-eabi-gcc/10.3-2021.07/gcc/bin/../lib/gcc/arm-none-eabi/10.3.1/../../../../arm-none-eabi/lib/thumb/v7-m/nofp/libg.a(lib_a-vfiprintf.o)
                0x00000000080083c0                _vfiprintf_r
 .text.__sbprintf
                0x0000000008009158       0x84 /opt/homebrew/Cellar/arm-none-eabi-gcc/10.3-2021.07/gcc/bin/../lib/gcc/arm-none-eabi/10.3.1/../../../../arm-none-eabi/lib/thumb/v7-m/nofp/libg.a(lib_a-vfiprintf.o)
 .text._write_r
                0x00000000080091dc       0x2c /opt/homebrew/Cellar/arm-none-eabi-gcc/10.3-2021.07/gcc/bin/../lib/gcc/arm-none-eabi/10.3.1/../../../../arm-none-eabi/lib/thumb/v7-m/nofp/libg.a(lib_a-writer.o)
                0x00000000080091dc                _write_r
 .text.__register_exitproc
                0x0000000008009208       0x8c /opt/homebrew/Cellar/arm-none-eabi-gcc/10.3-2021.07/gcc/bin/../lib/gcc/arm-none-eabi/10.3.1/../../../../arm-none-eabi/lib/thumb/v7-m/nofp/libg.a(lib_a-__atexit.o)
                0x0000000008009208                __register_exitproc
 .text.__assert_func
                0x0000000008009294       0x40 /opt/homebrew/Cellar/arm-none-eabi-gcc/10.3-2021.07/gcc/bin/../lib/gcc/arm-none-eabi/10.3.1/../../../../arm-none-eabi/lib/thumb/v7-m/nofp/libg.a(lib_a-assert.o)
                0x0000000008009294                __assert_func
 .text._calloc_r
                0x00000000080092d4       0x78 /opt/homebrew/Cellar/arm-none-eabi-gcc/10.3-2021.07/gcc/bin/../lib/gcc/arm-none-eabi/10.3.1/../../../../arm-none-eabi/lib/thumb/v7-m/nofp/libg.a(lib_a-callocr.o)
                0x00000000080092d4                _calloc_r
 .text._close_r
                0x000000000800934c       0x24 /opt/homebrew/Cellar/arm-none-eabi-gcc/10.3-2021.07/gcc/bin/../lib/gcc/arm-none-eabi/10.3.1/../../../../arm-none-eabi/lib/thumb/v7-m/nofp/libg.a(lib_a-closer.o)
                0x000000000800934c                _close_r
 .text._fclose_r
                0x0000000008009370       0xcc /opt/homebrew/Cellar/arm-none-eabi-gcc/10.3-2021.07/gcc/bin/../lib/gcc/arm-none-eabi/10.3.1/../../../../arm-none-eabi/lib/thumb/v7-m/nofp/libg.a(lib_a-fclose.o)
                0x0000000008009370                _fclose_r
 .text.fiprintf
                0x000000000800943c       0x28 /opt/homebrew/Cellar/arm-none-eabi-gcc/10.3-2021.07/gcc/bin/../lib/gcc/arm-none-eabi/10.3.1/../../../../arm-none-eabi/lib/thumb/v7-m/nofp/libg.a(lib_a-fiprintf.o)
                0x000000000800943c                fiprintf
 .text.__fputwc
                0x0000000008009464       0xa0 /opt/homebrew/Cellar/arm-none-eabi-gcc/10.3-2021.07/gcc/bin/../lib/gcc/arm-none-eabi/10.3.1/../../../../arm-none-eabi/lib/thumb/v7-m/nofp/libg.a(lib_a-fputwc.o)
                0x0000000008009464                __fputwc
 .text._fputwc_r
                0x0000000008009504       0x68 /opt/homebrew/Cellar/arm-none-eabi-gcc/10.3-2021.07/gcc/bin/../lib/gcc/arm-none-eabi/10.3.1/../../../../arm-none-eabi/lib/thumb/v7-m/nofp/libg.a(lib_a-fputwc.o)
                0x0000000008009504                _fputwc_r
 .text._fstat_r
                0x000000000800956c       0x28 /opt/homebrew/Cellar/arm-none-eabi-gcc/10.3-2021.07/gcc/bin/../lib/gcc/arm-none-eabi/10.3.1/../../../../arm-none-eabi/lib/thumb/v7-m/nofp/libg.a(lib_a-fstatr.o)
                0x000000000800956c                _fstat_r
 .text._isatty_r
                0x0000000008009594       0x24 /opt/homebrew/Cellar/arm-none-eabi-gcc/10.3-2021.07/gcc/bin/../lib/gcc/arm-none-eabi/10.3.1/../../../../arm-none-eabi/lib/thumb/v7-m/nofp/libg.a(lib_a-isattyr.o)
                0x0000000008009594                _isatty_r
 .text.__locale_mb_cur_max
                0x00000000080095b8        0xc /opt/homebrew/Cellar/arm-none-eabi-gcc/10.3-2021.07/gcc/bin/../lib/gcc/arm-none-eabi/10.3.1/../../../../arm-none-eabi/lib/thumb/v7-m/nofp/libg.a(lib_a-locale.o)
                0x00000000080095b8                __locale_mb_cur_max
 .text._lseek_r
                0x00000000080095c4       0x2c /opt/homebrew/Cellar/arm-none-eabi-gcc/10.3-2021.07/gcc/bin/../lib/gcc/arm-none-eabi/10.3.1/../../../../arm-none-eabi/lib/thumb/v7-m/nofp/libg.a(lib_a-lseekr.o)
                0x00000000080095c4                _lseek_r
 .text.__ascii_mbtowc
                0x00000000080095f0       0x2c /opt/homebrew/Cellar/arm-none-eabi-gcc/10.3-2021.07/gcc/bin/../lib/gcc/arm-none-eabi/10.3.1/../../../../arm-none-eabi/lib/thumb/v7-m/nofp/libg.a(lib_a-mbtowc_r.o)
                0x00000000080095f0                __ascii_mbtowc
 .text._read_r  0x000000000800961c       0x2c /opt/homebrew/Cellar/arm-none-eabi-gcc/10.3-2021.07/gcc/bin/../lib/gcc/arm-none-eabi/10.3.1/../../../../arm-none-eabi/lib/thumb/v7-m/nofp/libg.a(lib_a-readr.o)
                0x000000000800961c                _read_r
 .text.__swbuf_r
                0x0000000008009648       0xb0 /opt/homebrew/Cellar/arm-none-eabi-gcc/10.3-2021.07/gcc/bin/../lib/gcc/arm-none-eabi/10.3.1/../../../../arm-none-eabi/lib/thumb/v7-m/nofp/libg.a(lib_a-wbuf.o)
                0x0000000008009648                __swbuf_r
 .text._wcrtomb_r
                0x00000000080096f8       0x3c /opt/homebrew/Cellar/arm-none-eabi-gcc/10.3-2021.07/gcc/bin/../lib/gcc/arm-none-eabi/10.3.1/../../../../arm-none-eabi/lib/thumb/v7-m/nofp/libg.a(lib_a-wcrtomb.o)
                0x00000000080096f8                _wcrtomb_r
 .text.__ascii_wctomb
                0x0000000008009734       0x1c /opt/homebrew/Cellar/arm-none-eabi-gcc/10.3-2021.07/gcc/bin/../lib/gcc/arm-none-eabi/10.3.1/../../../../arm-none-eabi/lib/thumb/v7-m/nofp/libg.a(lib_a-wctomb_r.o)
                0x0000000008009734                __ascii_wctomb
 .text.abort    0x0000000008009750       0x10 /opt/homebrew/Cellar/arm-none-eabi-gcc/10.3-2021.07/gcc/bin/../lib/gcc/arm-none-eabi/10.3.1/../../../../arm-none-eabi/lib/thumb/v7-m/nofp/libg.a(lib_a-abort.o)
                0x0000000008009750                abort
 .text.raise    0x0000000008009760       0x5c /opt/homebrew/Cellar/arm-none-eabi-gcc/10.3-2021.07/gcc/bin/../lib/gcc/arm-none-eabi/10.3.1/../../../../arm-none-eabi/lib/thumb/v7-m/nofp/libg.a(lib_a-signal.o)
                0x0000000008009760                raise
 .text._kill_r  0x00000000080097bc       0x28 /opt/homebrew/Cellar/arm-none-eabi-gcc/10.3-2021.07/gcc/bin/../lib/gcc/arm-none-eabi/10.3.1/../../../../arm-none-eabi/lib/thumb/v7-m/nofp/libg.a(lib_a-signalr.o)
                0x00000000080097bc                _kill_r
 .text._getpid_r
                0x00000000080097e4        0x4 /opt/homebrew/Cellar/arm-none-eabi-gcc/10.3-2021.07/gcc/bin/../lib/gcc/arm-none-eabi/10.3.1/../../../../arm-none-eabi/lib/thumb/v7-m/nofp/libg.a(lib_a-signalr.o)
                0x00000000080097e4                _getpid_r
 *(.glue_7)
 .glue_7        0x00000000080097e8        0x0 linker stubs
 *(.glue_7t)
 .glue_7t       0x00000000080097e8        0x0 linker stubs
 *(.eh_frame)
 .eh_frame      0x00000000080097e8        0x0 /opt/homebrew/Cellar/arm-none-eabi-gcc/10.3-2021.07/gcc/bin/../lib/gcc/arm-none-eabi/10.3.1/thumb/v7-m/nofp/crtbegin.o
 *(.init)
 .init          0x00000000080097e8        0x4 /opt/homebrew/Cellar/arm-none-eabi-gcc/10.3-2021.07/gcc/bin/../lib/gcc/arm-none-eabi/10.3.1/thumb/v7-m/nofp/crti.o
                0x00000000080097e8                _init
 .init          0x00000000080097ec        0x8 /opt/homebrew/Cellar/arm-none-eabi-gcc/10.3-2021.07/gcc/bin/../lib/gcc/arm-none-eabi/10.3.1/thumb/v7-m/nofp/crtn.o
 *(.fini)
 .fini          0x00000000080097f4        0x4 /opt/homebrew/Cellar/arm-none-eabi-gcc/10.3-2021.07/gcc/bin/../lib/gcc/arm-none-eabi/10.3.1/thumb/v7-m/nofp/crti.o
                0x00000000080097f4                _fini
 .fini          0x00000000080097f8        0x8 /opt/homebrew/Cellar/arm-none-eabi-gcc/10.3-2021.07/gcc/bin/../lib/gcc/arm-none-eabi/10.3.1/thumb/v7-m/nofp/crtn.o
                0x0000000008009800                . = ALIGN (0x4)
                0x0000000008009800                _etext = .

.vfp11_veneer   0x0000000008009800        0x0
 .vfp11_veneer  0x0000000008009800        0x0 linker stubs

.v4_bx          0x0000000008009800        0x0
 .v4_bx         0x0000000008009800        0x0 linker stubs

.iplt           0x0000000008009800        0x0
 .iplt          0x0000000008009800        0x0 /opt/homebrew/Cellar/arm-none-eabi-gcc/10.3-2021.07/gcc/bin/../lib/gcc/arm-none-eabi/10.3.1/thumb/v7-m/nofp/crtbegin.o

.rodata         0x0000000008009800      0xec0
                0x0000000008009800                . = ALIGN (0x4)
 *(.rodata)
 *(.rodata*)
 .rodata.main.str1.4
                0x0000000008009800        0xa CMakeFiles/main.elf.dir/Core/Src/main.c.obj
 *fill*         0x000000000800980a        0x2 
 .rodata.AHBPrescTable
                0x000000000800980c       0x10 CMakeFiles/main.elf.dir/Core/Src/system_stm32f1xx.c.obj
                0x000000000800980c                AHBPrescTable
 .rodata.APBPrescTable
                0x000000000800981c        0x8 CMakeFiles/main.elf.dir/Core/Src/system_stm32f1xx.c.obj
                0x000000000800981c                APBPrescTable
 .rodata.aPLLMULFactorTable.1
                0x0000000008009824       0x10 CMakeFiles/main.elf.dir/Drivers/STM32F1xx_HAL_Driver/Src/stm32f1xx_hal_rcc.c.obj
 .rodata.aPredivFactorTable.0
                0x0000000008009834        0x2 CMakeFiles/main.elf.dir/Drivers/STM32F1xx_HAL_Driver/Src/stm32f1xx_hal_rcc.c.obj
 *fill*         0x0000000008009836        0x2 
 .rodata.W25QXX_Init.str1.4
                0x0000000008009838       0x4a CMakeFiles/main.elf.dir/HARDWARE/W25QXX/w25qxx.c.obj
 *fill*         0x0000000008009882        0x2 
 .rodata.font_init.str1.4
                0x0000000008009884       0x13 CMakeFiles/main.elf.dir/TEXT/fontupd.c.obj
 *fill*         0x0000000008009897        0x1 
 .rodata.asc2_1206
                0x0000000008009898      0x474 CMakeFiles/main.elf.dir/TEXT/gui.c.obj
                0x0000000008009898                asc2_1206
 .rodata.asc2_1608
                0x0000000008009d0c      0x5f0 CMakeFiles/main.elf.dir/TEXT/gui.c.obj
                0x0000000008009d0c                asc2_1608
 .rodata.Show_Str.str1.4
                0x000000000800a2fc        0xb CMakeFiles/main.elf.dir/TEXT/text.c.obj
 *fill*         0x000000000800a307        0x1 
 .rodata._global_impure_ptr
                0x000000000800a308        0x4 /opt/homebrew/Cellar/arm-none-eabi-gcc/10.3-2021.07/gcc/bin/../lib/gcc/arm-none-eabi/10.3.1/../../../../arm-none-eabi/lib/thumb/v7-m/nofp/libg.a(lib_a-impure.o)
                0x000000000800a308                _global_impure_ptr
 .rodata._puts_r.str1.4
                0x000000000800a30c        0xb /opt/homebrew/Cellar/arm-none-eabi-gcc/10.3-2021.07/gcc/bin/../lib/gcc/arm-none-eabi/10.3.1/../../../../arm-none-eabi/lib/thumb/v7-m/nofp/libg.a(lib_a-puts.o)
                                          0x2 (size before relaxing)
 .rodata._vfprintf_r.str1.4
                0x000000000800a30c       0x42 /opt/homebrew/Cellar/arm-none-eabi-gcc/10.3-2021.07/gcc/bin/../lib/gcc/arm-none-eabi/10.3.1/../../../../arm-none-eabi/lib/thumb/v7-m/nofp/libg.a(lib_a-vfprintf.o)
 *fill*         0x000000000800a34e        0x2 
 .rodata.blanks.1
                0x000000000800a350       0x10 /opt/homebrew/Cellar/arm-none-eabi-gcc/10.3-2021.07/gcc/bin/../lib/gcc/arm-none-eabi/10.3.1/../../../../arm-none-eabi/lib/thumb/v7-m/nofp/libg.a(lib_a-vfprintf.o)
 .rodata.zeroes.0
                0x000000000800a360       0x10 /opt/homebrew/Cellar/arm-none-eabi-gcc/10.3-2021.07/gcc/bin/../lib/gcc/arm-none-eabi/10.3.1/../../../../arm-none-eabi/lib/thumb/v7-m/nofp/libg.a(lib_a-vfprintf.o)
 .rodata._dtoa_r.str1.4
                0x000000000800a370       0x7e /opt/homebrew/Cellar/arm-none-eabi-gcc/10.3-2021.07/gcc/bin/../lib/gcc/arm-none-eabi/10.3.1/../../../../arm-none-eabi/lib/thumb/v7-m/nofp/libg.a(lib_a-dtoa.o)
                                         0x82 (size before relaxing)
 *fill*         0x000000000800a3ee        0x2 
 .rodata.__multadd.str1.4
                0x000000000800a3f0       0x5b /opt/homebrew/Cellar/arm-none-eabi-gcc/10.3-2021.07/gcc/bin/../lib/gcc/arm-none-eabi/10.3.1/../../../../arm-none-eabi/lib/thumb/v7-m/nofp/libg.a(lib_a-mprec.o)
                                         0x6f (size before relaxing)
 *fill*         0x000000000800a44b        0x5 
 .rodata.__mprec_bigtens
                0x000000000800a450       0x28 /opt/homebrew/Cellar/arm-none-eabi-gcc/10.3-2021.07/gcc/bin/../lib/gcc/arm-none-eabi/10.3.1/../../../../arm-none-eabi/lib/thumb/v7-m/nofp/libg.a(lib_a-mprec.o)
                0x000000000800a450                __mprec_bigtens
 .rodata.__mprec_tens
                0x000000000800a478       0xc8 /opt/homebrew/Cellar/arm-none-eabi-gcc/10.3-2021.07/gcc/bin/../lib/gcc/arm-none-eabi/10.3.1/../../../../arm-none-eabi/lib/thumb/v7-m/nofp/libg.a(lib_a-mprec.o)
                0x000000000800a478                __mprec_tens
 .rodata.p05.0  0x000000000800a540        0xc /opt/homebrew/Cellar/arm-none-eabi-gcc/10.3-2021.07/gcc/bin/../lib/gcc/arm-none-eabi/10.3.1/../../../../arm-none-eabi/lib/thumb/v7-m/nofp/libg.a(lib_a-mprec.o)
 .rodata._vfiprintf_r.str1.4
                0x000000000800a54c       0x2f /opt/homebrew/Cellar/arm-none-eabi-gcc/10.3-2021.07/gcc/bin/../lib/gcc/arm-none-eabi/10.3.1/../../../../arm-none-eabi/lib/thumb/v7-m/nofp/libg.a(lib_a-vfiprintf.o)
 .rodata.blanks.1
                0x000000000800a54c       0x10 /opt/homebrew/Cellar/arm-none-eabi-gcc/10.3-2021.07/gcc/bin/../lib/gcc/arm-none-eabi/10.3.1/../../../../arm-none-eabi/lib/thumb/v7-m/nofp/libg.a(lib_a-vfiprintf.o)
 .rodata.zeroes.0
                0x000000000800a55c       0x10 /opt/homebrew/Cellar/arm-none-eabi-gcc/10.3-2021.07/gcc/bin/../lib/gcc/arm-none-eabi/10.3.1/../../../../arm-none-eabi/lib/thumb/v7-m/nofp/libg.a(lib_a-vfiprintf.o)
 .rodata.__assert_func.str1.4
                0x000000000800a56c       0x3f /opt/homebrew/Cellar/arm-none-eabi-gcc/10.3-2021.07/gcc/bin/../lib/gcc/arm-none-eabi/10.3.1/../../../../arm-none-eabi/lib/thumb/v7-m/nofp/libg.a(lib_a-assert.o)
                                         0x43 (size before relaxing)
 *fill*         0x000000000800a5ab        0x1 
 .rodata._setlocale_r.str1.4
                0x000000000800a5ac        0xa /opt/homebrew/Cellar/arm-none-eabi-gcc/10.3-2021.07/gcc/bin/../lib/gcc/arm-none-eabi/10.3.1/../../../../arm-none-eabi/lib/thumb/v7-m/nofp/libg.a(lib_a-locale.o)
                                          0xd (size before relaxing)
 *fill*         0x000000000800a5b6        0x2 
 .rodata.str1.4
                0x000000000800a5b8        0x2 /opt/homebrew/Cellar/arm-none-eabi-gcc/10.3-2021.07/gcc/bin/../lib/gcc/arm-none-eabi/10.3.1/../../../../arm-none-eabi/lib/thumb/v7-m/nofp/libg.a(lib_a-locale.o)
 *fill*         0x000000000800a5ba        0x2 
 .rodata._ctype_
                0x000000000800a5bc      0x101 /opt/homebrew/Cellar/arm-none-eabi-gcc/10.3-2021.07/gcc/bin/../lib/gcc/arm-none-eabi/10.3.1/../../../../arm-none-eabi/lib/thumb/v7-m/nofp/libg.a(lib_a-ctype_.o)
                0x000000000800a5bc                _ctype_
                0x000000000800a6c0                . = ALIGN (0x4)
 *fill*         0x000000000800a6bd        0x3 

.ARM.extab      0x000000000800a6c0        0x0
                0x000000000800a6c0                . = ALIGN (0x4)
 *(.ARM.extab* .gnu.linkonce.armextab.*)
                0x000000000800a6c0                . = ALIGN (0x4)

.ARM            0x000000000800a6c0        0x8
                0x000000000800a6c0                . = ALIGN (0x4)
                0x000000000800a6c0                __exidx_start = .
 *(.ARM.exidx*)
 .ARM.exidx     0x000000000800a6c0        0x8 /opt/homebrew/Cellar/arm-none-eabi-gcc/10.3-2021.07/gcc/bin/../lib/gcc/arm-none-eabi/10.3.1/thumb/v7-m/nofp/libgcc.a(_udivmoddi4.o)
                0x000000000800a6c8                __exidx_end = .
                0x000000000800a6c8                . = ALIGN (0x4)

.rel.dyn        0x000000000800a6c8        0x0
 .rel.iplt      0x000000000800a6c8        0x0 /opt/homebrew/Cellar/arm-none-eabi-gcc/10.3-2021.07/gcc/bin/../lib/gcc/arm-none-eabi/10.3.1/thumb/v7-m/nofp/crtbegin.o

.preinit_array  0x000000000800a6c8        0x0
                0x000000000800a6c8                . = ALIGN (0x4)
                0x000000000800a6c8                PROVIDE (__preinit_array_start = .)
 *(.preinit_array*)
                0x000000000800a6c8                PROVIDE (__preinit_array_end = .)
                0x000000000800a6c8                . = ALIGN (0x4)

.init_array     0x000000000800a6c8        0x8
                0x000000000800a6c8                . = ALIGN (0x4)
                0x000000000800a6c8                PROVIDE (__init_array_start = .)
 *(SORT_BY_NAME(.init_array.*))
 .init_array.00000
                0x000000000800a6c8        0x4 /opt/homebrew/Cellar/arm-none-eabi-gcc/10.3-2021.07/gcc/bin/../lib/gcc/arm-none-eabi/10.3.1/../../../../arm-none-eabi/lib/thumb/v7-m/nofp/libg.a(lib_a-__call_atexit.o)
 *(.init_array*)
 .init_array    0x000000000800a6cc        0x4 /opt/homebrew/Cellar/arm-none-eabi-gcc/10.3-2021.07/gcc/bin/../lib/gcc/arm-none-eabi/10.3.1/thumb/v7-m/nofp/crtbegin.o
                0x000000000800a6d0                PROVIDE (__init_array_end = .)
                0x000000000800a6d0                . = ALIGN (0x4)

.fini_array     0x000000000800a6d0        0x4
                0x000000000800a6d0                . = ALIGN (0x4)
                0x000000000800a6d0                PROVIDE (__fini_array_start = .)
 *(SORT_BY_NAME(.fini_array.*))
 *(.fini_array*)
 .fini_array    0x000000000800a6d0        0x4 /opt/homebrew/Cellar/arm-none-eabi-gcc/10.3-2021.07/gcc/bin/../lib/gcc/arm-none-eabi/10.3.1/thumb/v7-m/nofp/crtbegin.o
                0x000000000800a6d4                PROVIDE (__fini_array_end = .)
                0x000000000800a6d4                . = ALIGN (0x4)
                0x000000000800a6d4                _sidata = LOADADDR (.data)

.data           0x0000000020000000      0x9b8 load address 0x000000000800a6d4
                0x0000000020000000                . = ALIGN (0x4)
                0x0000000020000000                _sdata = .
 *(.data)
 *(.data*)
 .data.SystemCoreClock
                0x0000000020000000        0x4 CMakeFiles/main.elf.dir/Core/Src/system_stm32f1xx.c.obj
                0x0000000020000000                SystemCoreClock
 .data.uwTickFreq
                0x0000000020000004        0x1 CMakeFiles/main.elf.dir/Drivers/STM32F1xx_HAL_Driver/Src/stm32f1xx_hal.c.obj
                0x0000000020000004                uwTickFreq
 *fill*         0x0000000020000005        0x3 
 .data.uwTickPrio
                0x0000000020000008        0x4 CMakeFiles/main.elf.dir/Drivers/STM32F1xx_HAL_Driver/Src/stm32f1xx_hal.c.obj
                0x0000000020000008                uwTickPrio
 .data._impure_ptr
                0x000000002000000c        0x4 /opt/homebrew/Cellar/arm-none-eabi-gcc/10.3-2021.07/gcc/bin/../lib/gcc/arm-none-eabi/10.3.1/../../../../arm-none-eabi/lib/thumb/v7-m/nofp/libg.a(lib_a-impure.o)
                0x000000002000000c                _impure_ptr
 .data.impure_data
                0x0000000020000010      0x428 /opt/homebrew/Cellar/arm-none-eabi-gcc/10.3-2021.07/gcc/bin/../lib/gcc/arm-none-eabi/10.3.1/../../../../arm-none-eabi/lib/thumb/v7-m/nofp/libg.a(lib_a-impure.o)
 .data.__atexit_recursive_mutex
                0x0000000020000438        0x4 /opt/homebrew/Cellar/arm-none-eabi-gcc/10.3-2021.07/gcc/bin/../lib/gcc/arm-none-eabi/10.3.1/../../../../arm-none-eabi/lib/thumb/v7-m/nofp/libg.a(lib_a-__call_atexit.o)
                0x0000000020000438                __atexit_recursive_mutex
 .data.__malloc_av_
                0x000000002000043c      0x408 /opt/homebrew/Cellar/arm-none-eabi-gcc/10.3-2021.07/gcc/bin/../lib/gcc/arm-none-eabi/10.3.1/../../../../arm-none-eabi/lib/thumb/v7-m/nofp/libg.a(lib_a-mallocr.o)
                0x000000002000043c                __malloc_av_
 .data.__malloc_sbrk_base
                0x0000000020000844        0x4 /opt/homebrew/Cellar/arm-none-eabi-gcc/10.3-2021.07/gcc/bin/../lib/gcc/arm-none-eabi/10.3.1/../../../../arm-none-eabi/lib/thumb/v7-m/nofp/libg.a(lib_a-mallocr.o)
                0x0000000020000844                __malloc_sbrk_base
 .data.__malloc_trim_threshold
                0x0000000020000848        0x4 /opt/homebrew/Cellar/arm-none-eabi-gcc/10.3-2021.07/gcc/bin/../lib/gcc/arm-none-eabi/10.3.1/../../../../arm-none-eabi/lib/thumb/v7-m/nofp/libg.a(lib_a-mallocr.o)
                0x0000000020000848                __malloc_trim_threshold
 .data.__global_locale
                0x000000002000084c      0x16c /opt/homebrew/Cellar/arm-none-eabi-gcc/10.3-2021.07/gcc/bin/../lib/gcc/arm-none-eabi/10.3.1/../../../../arm-none-eabi/lib/thumb/v7-m/nofp/libg.a(lib_a-locale.o)
                0x000000002000084c                __global_locale
 *(.RamFunc)
 *(.RamFunc*)
                0x00000000200009b8                . = ALIGN (0x4)
                0x00000000200009b8                _edata = .

.igot.plt       0x00000000200009b8        0x0 load address 0x000000000800b08c
 .igot.plt      0x00000000200009b8        0x0 /opt/homebrew/Cellar/arm-none-eabi-gcc/10.3-2021.07/gcc/bin/../lib/gcc/arm-none-eabi/10.3.1/thumb/v7-m/nofp/crtbegin.o
                0x00000000200009b8                . = ALIGN (0x4)

.bss            0x00000000200009b8      0x260 load address 0x000000000800b08c
                0x00000000200009b8                _sbss = .
                0x00000000200009b8                __bss_start__ = _sbss
 *(.bss)
 .bss           0x00000000200009b8       0x1c /opt/homebrew/Cellar/arm-none-eabi-gcc/10.3-2021.07/gcc/bin/../lib/gcc/arm-none-eabi/10.3.1/thumb/v7-m/nofp/crtbegin.o
 *(.bss*)
 .bss.hspi1     0x00000000200009d4       0x58 CMakeFiles/main.elf.dir/Core/Src/spi.c.obj
                0x00000000200009d4                hspi1
 .bss.hspi2     0x0000000020000a2c       0x58 CMakeFiles/main.elf.dir/Core/Src/spi.c.obj
                0x0000000020000a2c                hspi2
 .bss.__sbrk_heap_end
                0x0000000020000a84        0x4 CMakeFiles/main.elf.dir/Core/Src/sysmem.c.obj
 .bss.USART_RX_BUF
                0x0000000020000a88       0xc8 CMakeFiles/main.elf.dir/Core/Src/usart.c.obj
                0x0000000020000a88                USART_RX_BUF
 .bss.USART_RX_STA
                0x0000000020000b50        0x2 CMakeFiles/main.elf.dir/Core/Src/usart.c.obj
                0x0000000020000b50                USART_RX_STA
 *fill*         0x0000000020000b52        0x2 
 .bss.aRxBuffer
                0x0000000020000b54        0x1 CMakeFiles/main.elf.dir/Core/Src/usart.c.obj
                0x0000000020000b54                aRxBuffer
 *fill*         0x0000000020000b55        0x3 
 .bss.huart1    0x0000000020000b58       0x48 CMakeFiles/main.elf.dir/Core/Src/usart.c.obj
                0x0000000020000b58                huart1
 .bss.uwTick    0x0000000020000ba0        0x4 CMakeFiles/main.elf.dir/Drivers/STM32F1xx_HAL_Driver/Src/stm32f1xx_hal.c.obj
                0x0000000020000ba0                uwTick
 .bss.POINT_COLOR
                0x0000000020000ba4        0x2 CMakeFiles/main.elf.dir/HARDWARE/OLED/oled.c.obj
                0x0000000020000ba4                POINT_COLOR
 *fill*         0x0000000020000ba6        0x2 
 .bss.lcddev    0x0000000020000ba8        0xe CMakeFiles/main.elf.dir/HARDWARE/OLED/oled.c.obj
                0x0000000020000ba8                lcddev
 .bss.W25QXX_TYPE
                0x0000000020000bb6        0x2 CMakeFiles/main.elf.dir/HARDWARE/W25QXX/w25qxx.c.obj
                0x0000000020000bb6                W25QXX_TYPE
 .bss.fac_us    0x0000000020000bb8        0x4 CMakeFiles/main.elf.dir/SYSTEM/DELAY/delay.c.obj
 .bss.ftinfo    0x0000000020000bbc       0x14 CMakeFiles/main.elf.dir/TEXT/fontupd.c.obj
                0x0000000020000bbc                ftinfo
 .bss.__lock___atexit_recursive_mutex
                0x0000000020000bd0        0x1 /opt/homebrew/Cellar/arm-none-eabi-gcc/10.3-2021.07/gcc/bin/../lib/gcc/arm-none-eabi/10.3.1/../../../../arm-none-eabi/lib/thumb/v7-m/nofp/libg.a(lib_a-lock.o)
                0x0000000020000bd0                __lock___atexit_recursive_mutex
 *fill*         0x0000000020000bd1        0x3 
 .bss.__lock___malloc_recursive_mutex
                0x0000000020000bd4        0x1 /opt/homebrew/Cellar/arm-none-eabi-gcc/10.3-2021.07/gcc/bin/../lib/gcc/arm-none-eabi/10.3.1/../../../../arm-none-eabi/lib/thumb/v7-m/nofp/libg.a(lib_a-lock.o)
                0x0000000020000bd4                __lock___malloc_recursive_mutex
 *fill*         0x0000000020000bd5        0x3 
 .bss.__lock___sfp_recursive_mutex
                0x0000000020000bd8        0x1 /opt/homebrew/Cellar/arm-none-eabi-gcc/10.3-2021.07/gcc/bin/../lib/gcc/arm-none-eabi/10.3.1/../../../../arm-none-eabi/lib/thumb/v7-m/nofp/libg.a(lib_a-lock.o)
                0x0000000020000bd8                __lock___sfp_recursive_mutex
 *fill*         0x0000000020000bd9        0x3 
 .bss.__lock___sinit_recursive_mutex
                0x0000000020000bdc        0x1 /opt/homebrew/Cellar/arm-none-eabi-gcc/10.3-2021.07/gcc/bin/../lib/gcc/arm-none-eabi/10.3.1/../../../../arm-none-eabi/lib/thumb/v7-m/nofp/libg.a(lib_a-lock.o)
                0x0000000020000bdc                __lock___sinit_recursive_mutex
 *fill*         0x0000000020000bdd        0x3 
 .bss.__malloc_current_mallinfo
                0x0000000020000be0       0x28 /opt/homebrew/Cellar/arm-none-eabi-gcc/10.3-2021.07/gcc/bin/../lib/gcc/arm-none-eabi/10.3.1/../../../../arm-none-eabi/lib/thumb/v7-m/nofp/libg.a(lib_a-mallocr.o)
                0x0000000020000be0                __malloc_current_mallinfo
 .bss.__malloc_max_sbrked_mem
                0x0000000020000c08        0x4 /opt/homebrew/Cellar/arm-none-eabi-gcc/10.3-2021.07/gcc/bin/../lib/gcc/arm-none-eabi/10.3.1/../../../../arm-none-eabi/lib/thumb/v7-m/nofp/libg.a(lib_a-mallocr.o)
                0x0000000020000c08                __malloc_max_sbrked_mem
 .bss.__malloc_max_total_mem
                0x0000000020000c0c        0x4 /opt/homebrew/Cellar/arm-none-eabi-gcc/10.3-2021.07/gcc/bin/../lib/gcc/arm-none-eabi/10.3.1/../../../../arm-none-eabi/lib/thumb/v7-m/nofp/libg.a(lib_a-mallocr.o)
                0x0000000020000c0c                __malloc_max_total_mem
 .bss.__malloc_top_pad
                0x0000000020000c10        0x4 /opt/homebrew/Cellar/arm-none-eabi-gcc/10.3-2021.07/gcc/bin/../lib/gcc/arm-none-eabi/10.3.1/../../../../arm-none-eabi/lib/thumb/v7-m/nofp/libg.a(lib_a-mallocr.o)
                0x0000000020000c10                __malloc_top_pad
 .bss.errno     0x0000000020000c14        0x4 /opt/homebrew/Cellar/arm-none-eabi-gcc/10.3-2021.07/gcc/bin/../lib/gcc/arm-none-eabi/10.3.1/../../../../arm-none-eabi/lib/thumb/v7-m/nofp/libg.a(lib_a-reent.o)
                0x0000000020000c14                errno
 *(COMMON)
                0x0000000020000c18                . = ALIGN (0x4)
                0x0000000020000c18                _ebss = .
                0x0000000020000c18                __bss_end__ = _ebss

._user_heap_stack
                0x0000000020000c18      0x600 load address 0x000000000800b08c
                0x0000000020000c18                . = ALIGN (0x8)
                [!provide]                        PROVIDE (end = .)
                0x0000000020000c18                PROVIDE (_end = .)
                0x0000000020000e18                . = (. + _Min_Heap_Size)
 *fill*         0x0000000020000c18      0x200 
                0x0000000020001218                . = (. + _Min_Stack_Size)
 *fill*         0x0000000020000e18      0x400 
                0x0000000020001218                . = ALIGN (0x8)

/DISCARD/
 libc.a(*)
 libm.a(*)
 libgcc.a(*)

.ARM.attributes
                0x0000000000000000       0x29
 *(.ARM.attributes)
 .ARM.attributes
                0x0000000000000000       0x1d /opt/homebrew/Cellar/arm-none-eabi-gcc/10.3-2021.07/gcc/bin/../lib/gcc/arm-none-eabi/10.3.1/thumb/v7-m/nofp/crti.o
 .ARM.attributes
                0x000000000000001d       0x2d /opt/homebrew/Cellar/arm-none-eabi-gcc/10.3-2021.07/gcc/bin/../lib/gcc/arm-none-eabi/10.3.1/thumb/v7-m/nofp/crtbegin.o
 .ARM.attributes
                0x000000000000004a       0x2d CMakeFiles/main.elf.dir/Core/Src/gpio.c.obj
 .ARM.attributes
                0x0000000000000077       0x2d CMakeFiles/main.elf.dir/Core/Src/main.c.obj
 .ARM.attributes
                0x00000000000000a4       0x2d CMakeFiles/main.elf.dir/Core/Src/spi.c.obj
 .ARM.attributes
                0x00000000000000d1       0x2d CMakeFiles/main.elf.dir/Core/Src/stm32f1xx_hal_msp.c.obj
 .ARM.attributes
                0x00000000000000fe       0x2d CMakeFiles/main.elf.dir/Core/Src/stm32f1xx_it.c.obj
 .ARM.attributes
                0x000000000000012b       0x2d CMakeFiles/main.elf.dir/Core/Src/syscalls.c.obj
 .ARM.attributes
                0x0000000000000158       0x2d CMakeFiles/main.elf.dir/Core/Src/sysmem.c.obj
 .ARM.attributes
                0x0000000000000185       0x2d CMakeFiles/main.elf.dir/Core/Src/system_stm32f1xx.c.obj
 .ARM.attributes
                0x00000000000001b2       0x2d CMakeFiles/main.elf.dir/Core/Src/usart.c.obj
 .ARM.attributes
                0x00000000000001df       0x21 CMakeFiles/main.elf.dir/Core/Startup/startup_stm32f103rctx.s.obj
 .ARM.attributes
                0x0000000000000200       0x2d CMakeFiles/main.elf.dir/Drivers/STM32F1xx_HAL_Driver/Src/stm32f1xx_hal.c.obj
 .ARM.attributes
                0x000000000000022d       0x2d CMakeFiles/main.elf.dir/Drivers/STM32F1xx_HAL_Driver/Src/stm32f1xx_hal_cortex.c.obj
 .ARM.attributes
                0x000000000000025a       0x2d CMakeFiles/main.elf.dir/Drivers/STM32F1xx_HAL_Driver/Src/stm32f1xx_hal_dma.c.obj
 .ARM.attributes
                0x0000000000000287       0x2d CMakeFiles/main.elf.dir/Drivers/STM32F1xx_HAL_Driver/Src/stm32f1xx_hal_gpio.c.obj
 .ARM.attributes
                0x00000000000002b4       0x2d CMakeFiles/main.elf.dir/Drivers/STM32F1xx_HAL_Driver/Src/stm32f1xx_hal_rcc.c.obj
 .ARM.attributes
                0x00000000000002e1       0x2d CMakeFiles/main.elf.dir/Drivers/STM32F1xx_HAL_Driver/Src/stm32f1xx_hal_spi.c.obj
 .ARM.attributes
                0x000000000000030e       0x2d CMakeFiles/main.elf.dir/Drivers/STM32F1xx_HAL_Driver/Src/stm32f1xx_hal_uart.c.obj
 .ARM.attributes
                0x000000000000033b       0x2d CMakeFiles/main.elf.dir/HARDWARE/OLED/oled.c.obj
 .ARM.attributes
                0x0000000000000368       0x2d CMakeFiles/main.elf.dir/HARDWARE/W25QXX/w25qxx.c.obj
 .ARM.attributes
                0x0000000000000395       0x2d CMakeFiles/main.elf.dir/SYSTEM/DELAY/delay.c.obj
 .ARM.attributes
                0x00000000000003c2       0x2d CMakeFiles/main.elf.dir/TEXT/fontupd.c.obj
 .ARM.attributes
                0x00000000000003ef       0x2d CMakeFiles/main.elf.dir/TEXT/gui.c.obj
 .ARM.attributes
                0x000000000000041c       0x2d CMakeFiles/main.elf.dir/TEXT/text.c.obj
 .ARM.attributes
                0x0000000000000449       0x2d /opt/homebrew/Cellar/arm-none-eabi-gcc/10.3-2021.07/gcc/bin/../lib/gcc/arm-none-eabi/10.3.1/../../../../arm-none-eabi/lib/thumb/v7-m/nofp/libg.a(lib_a-errno.o)
 .ARM.attributes
                0x0000000000000476       0x2d /opt/homebrew/Cellar/arm-none-eabi-gcc/10.3-2021.07/gcc/bin/../lib/gcc/arm-none-eabi/10.3.1/../../../../arm-none-eabi/lib/thumb/v7-m/nofp/libg.a(lib_a-impure.o)
 .ARM.attributes
                0x00000000000004a3       0x2d /opt/homebrew/Cellar/arm-none-eabi-gcc/10.3-2021.07/gcc/bin/../lib/gcc/arm-none-eabi/10.3.1/../../../../arm-none-eabi/lib/thumb/v7-m/nofp/libg.a(lib_a-init.o)
 .ARM.attributes
                0x00000000000004d0       0x2d /opt/homebrew/Cellar/arm-none-eabi-gcc/10.3-2021.07/gcc/bin/../lib/gcc/arm-none-eabi/10.3.1/../../../../arm-none-eabi/lib/thumb/v7-m/nofp/libg.a(lib_a-memset.o)
 .ARM.attributes
                0x00000000000004fd       0x2d /opt/homebrew/Cellar/arm-none-eabi-gcc/10.3-2021.07/gcc/bin/../lib/gcc/arm-none-eabi/10.3.1/../../../../arm-none-eabi/lib/thumb/v7-m/nofp/libg.a(lib_a-printf.o)
 .ARM.attributes
                0x000000000000052a       0x2d /opt/homebrew/Cellar/arm-none-eabi-gcc/10.3-2021.07/gcc/bin/../lib/gcc/arm-none-eabi/10.3.1/../../../../arm-none-eabi/lib/thumb/v7-m/nofp/libg.a(lib_a-puts.o)
 .ARM.attributes
                0x0000000000000557       0x2d /opt/homebrew/Cellar/arm-none-eabi-gcc/10.3-2021.07/gcc/bin/../lib/gcc/arm-none-eabi/10.3.1/../../../../arm-none-eabi/lib/thumb/v7-m/nofp/libg.a(lib_a-strlen-stub.o)
 .ARM.attributes
                0x0000000000000584       0x2d /opt/homebrew/Cellar/arm-none-eabi-gcc/10.3-2021.07/gcc/bin/../lib/gcc/arm-none-eabi/10.3.1/../../../../arm-none-eabi/lib/thumb/v7-m/nofp/libg.a(lib_a-vfprintf.o)
 .ARM.attributes
                0x00000000000005b1       0x2d /opt/homebrew/Cellar/arm-none-eabi-gcc/10.3-2021.07/gcc/bin/../lib/gcc/arm-none-eabi/10.3.1/../../../../arm-none-eabi/lib/thumb/v7-m/nofp/libg.a(lib_a-wsetup.o)
 .ARM.attributes
                0x00000000000005de       0x2d /opt/homebrew/Cellar/arm-none-eabi-gcc/10.3-2021.07/gcc/bin/../lib/gcc/arm-none-eabi/10.3.1/../../../../arm-none-eabi/lib/thumb/v7-m/nofp/libg.a(lib_a-__call_atexit.o)
 .ARM.attributes
                0x000000000000060b       0x2d /opt/homebrew/Cellar/arm-none-eabi-gcc/10.3-2021.07/gcc/bin/../lib/gcc/arm-none-eabi/10.3.1/../../../../arm-none-eabi/lib/thumb/v7-m/nofp/libg.a(lib_a-atexit.o)
 .ARM.attributes
                0x0000000000000638       0x2d /opt/homebrew/Cellar/arm-none-eabi-gcc/10.3-2021.07/gcc/bin/../lib/gcc/arm-none-eabi/10.3.1/../../../../arm-none-eabi/lib/thumb/v7-m/nofp/libg.a(lib_a-dtoa.o)
 .ARM.attributes
                0x0000000000000665       0x2d /opt/homebrew/Cellar/arm-none-eabi-gcc/10.3-2021.07/gcc/bin/../lib/gcc/arm-none-eabi/10.3.1/../../../../arm-none-eabi/lib/thumb/v7-m/nofp/libg.a(lib_a-fflush.o)
 .ARM.attributes
                0x0000000000000692       0x2d /opt/homebrew/Cellar/arm-none-eabi-gcc/10.3-2021.07/gcc/bin/../lib/gcc/arm-none-eabi/10.3.1/../../../../arm-none-eabi/lib/thumb/v7-m/nofp/libg.a(lib_a-findfp.o)
 .ARM.attributes
                0x00000000000006bf       0x2d /opt/homebrew/Cellar/arm-none-eabi-gcc/10.3-2021.07/gcc/bin/../lib/gcc/arm-none-eabi/10.3.1/../../../../arm-none-eabi/lib/thumb/v7-m/nofp/libg.a(lib_a-fini.o)
 .ARM.attributes
                0x00000000000006ec       0x2d /opt/homebrew/Cellar/arm-none-eabi-gcc/10.3-2021.07/gcc/bin/../lib/gcc/arm-none-eabi/10.3.1/../../../../arm-none-eabi/lib/thumb/v7-m/nofp/libg.a(lib_a-freer.o)
 .ARM.attributes
                0x0000000000000719       0x2d /opt/homebrew/Cellar/arm-none-eabi-gcc/10.3-2021.07/gcc/bin/../lib/gcc/arm-none-eabi/10.3.1/../../../../arm-none-eabi/lib/thumb/v7-m/nofp/libg.a(lib_a-fvwrite.o)
 .ARM.attributes
                0x0000000000000746       0x2d /opt/homebrew/Cellar/arm-none-eabi-gcc/10.3-2021.07/gcc/bin/../lib/gcc/arm-none-eabi/10.3.1/../../../../arm-none-eabi/lib/thumb/v7-m/nofp/libg.a(lib_a-fwalk.o)
 .ARM.attributes
                0x0000000000000773       0x2d /opt/homebrew/Cellar/arm-none-eabi-gcc/10.3-2021.07/gcc/bin/../lib/gcc/arm-none-eabi/10.3.1/../../../../arm-none-eabi/lib/thumb/v7-m/nofp/libg.a(lib_a-localeconv.o)
 .ARM.attributes
                0x00000000000007a0       0x2d /opt/homebrew/Cellar/arm-none-eabi-gcc/10.3-2021.07/gcc/bin/../lib/gcc/arm-none-eabi/10.3.1/../../../../arm-none-eabi/lib/thumb/v7-m/nofp/libg.a(lib_a-lock.o)
 .ARM.attributes
                0x00000000000007cd       0x2d /opt/homebrew/Cellar/arm-none-eabi-gcc/10.3-2021.07/gcc/bin/../lib/gcc/arm-none-eabi/10.3.1/../../../../arm-none-eabi/lib/thumb/v7-m/nofp/libg.a(lib_a-makebuf.o)
 .ARM.attributes
                0x00000000000007fa       0x2d /opt/homebrew/Cellar/arm-none-eabi-gcc/10.3-2021.07/gcc/bin/../lib/gcc/arm-none-eabi/10.3.1/../../../../arm-none-eabi/lib/thumb/v7-m/nofp/libg.a(lib_a-mallocr.o)
 .ARM.attributes
                0x0000000000000827       0x2d /opt/homebrew/Cellar/arm-none-eabi-gcc/10.3-2021.07/gcc/bin/../lib/gcc/arm-none-eabi/10.3.1/../../../../arm-none-eabi/lib/thumb/v7-m/nofp/libg.a(lib_a-memchr-stub.o)
 .ARM.attributes
                0x0000000000000854       0x1b /opt/homebrew/Cellar/arm-none-eabi-gcc/10.3-2021.07/gcc/bin/../lib/gcc/arm-none-eabi/10.3.1/../../../../arm-none-eabi/lib/thumb/v7-m/nofp/libg.a(lib_a-memcpy.o)
 .ARM.attributes
                0x000000000000086f       0x2d /opt/homebrew/Cellar/arm-none-eabi-gcc/10.3-2021.07/gcc/bin/../lib/gcc/arm-none-eabi/10.3.1/../../../../arm-none-eabi/lib/thumb/v7-m/nofp/libg.a(lib_a-memmove.o)
 .ARM.attributes
                0x000000000000089c       0x2d /opt/homebrew/Cellar/arm-none-eabi-gcc/10.3-2021.07/gcc/bin/../lib/gcc/arm-none-eabi/10.3.1/../../../../arm-none-eabi/lib/thumb/v7-m/nofp/libg.a(lib_a-mlock.o)
 .ARM.attributes
                0x00000000000008c9       0x2d /opt/homebrew/Cellar/arm-none-eabi-gcc/10.3-2021.07/gcc/bin/../lib/gcc/arm-none-eabi/10.3.1/../../../../arm-none-eabi/lib/thumb/v7-m/nofp/libg.a(lib_a-mprec.o)
 .ARM.attributes
                0x00000000000008f6       0x2d /opt/homebrew/Cellar/arm-none-eabi-gcc/10.3-2021.07/gcc/bin/../lib/gcc/arm-none-eabi/10.3.1/../../../../arm-none-eabi/lib/thumb/v7-m/nofp/libg.a(lib_a-reallocr.o)
 .ARM.attributes
                0x0000000000000923       0x2d /opt/homebrew/Cellar/arm-none-eabi-gcc/10.3-2021.07/gcc/bin/../lib/gcc/arm-none-eabi/10.3.1/../../../../arm-none-eabi/lib/thumb/v7-m/nofp/libg.a(lib_a-s_frexp.o)
 .ARM.attributes
                0x0000000000000950       0x2d /opt/homebrew/Cellar/arm-none-eabi-gcc/10.3-2021.07/gcc/bin/../lib/gcc/arm-none-eabi/10.3.1/../../../../arm-none-eabi/lib/thumb/v7-m/nofp/libg.a(lib_a-sbrkr.o)
 .ARM.attributes
                0x000000000000097d       0x2d /opt/homebrew/Cellar/arm-none-eabi-gcc/10.3-2021.07/gcc/bin/../lib/gcc/arm-none-eabi/10.3.1/../../../../arm-none-eabi/lib/thumb/v7-m/nofp/libg.a(lib_a-stdio.o)
 .ARM.attributes
                0x00000000000009aa       0x2d /opt/homebrew/Cellar/arm-none-eabi-gcc/10.3-2021.07/gcc/bin/../lib/gcc/arm-none-eabi/10.3.1/../../../../arm-none-eabi/lib/thumb/v7-m/nofp/libg.a(lib_a-strncpy.o)
 .ARM.attributes
                0x00000000000009d7       0x2d /opt/homebrew/Cellar/arm-none-eabi-gcc/10.3-2021.07/gcc/bin/../lib/gcc/arm-none-eabi/10.3.1/../../../../arm-none-eabi/lib/thumb/v7-m/nofp/libg.a(lib_a-vfiprintf.o)
 .ARM.attributes
                0x0000000000000a04       0x2d /opt/homebrew/Cellar/arm-none-eabi-gcc/10.3-2021.07/gcc/bin/../lib/gcc/arm-none-eabi/10.3.1/../../../../arm-none-eabi/lib/thumb/v7-m/nofp/libg.a(lib_a-writer.o)
 .ARM.attributes
                0x0000000000000a31       0x2d /opt/homebrew/Cellar/arm-none-eabi-gcc/10.3-2021.07/gcc/bin/../lib/gcc/arm-none-eabi/10.3.1/../../../../arm-none-eabi/lib/thumb/v7-m/nofp/libg.a(lib_a-__atexit.o)
 .ARM.attributes
                0x0000000000000a5e       0x2d /opt/homebrew/Cellar/arm-none-eabi-gcc/10.3-2021.07/gcc/bin/../lib/gcc/arm-none-eabi/10.3.1/../../../../arm-none-eabi/lib/thumb/v7-m/nofp/libg.a(lib_a-assert.o)
 .ARM.attributes
                0x0000000000000a8b       0x2d /opt/homebrew/Cellar/arm-none-eabi-gcc/10.3-2021.07/gcc/bin/../lib/gcc/arm-none-eabi/10.3.1/../../../../arm-none-eabi/lib/thumb/v7-m/nofp/libg.a(lib_a-callocr.o)
 .ARM.attributes
                0x0000000000000ab8       0x2d /opt/homebrew/Cellar/arm-none-eabi-gcc/10.3-2021.07/gcc/bin/../lib/gcc/arm-none-eabi/10.3.1/../../../../arm-none-eabi/lib/thumb/v7-m/nofp/libg.a(lib_a-closer.o)
 .ARM.attributes
                0x0000000000000ae5       0x2d /opt/homebrew/Cellar/arm-none-eabi-gcc/10.3-2021.07/gcc/bin/../lib/gcc/arm-none-eabi/10.3.1/../../../../arm-none-eabi/lib/thumb/v7-m/nofp/libg.a(lib_a-fclose.o)
 .ARM.attributes
                0x0000000000000b12       0x2d /opt/homebrew/Cellar/arm-none-eabi-gcc/10.3-2021.07/gcc/bin/../lib/gcc/arm-none-eabi/10.3.1/../../../../arm-none-eabi/lib/thumb/v7-m/nofp/libg.a(lib_a-fiprintf.o)
 .ARM.attributes
                0x0000000000000b3f       0x2d /opt/homebrew/Cellar/arm-none-eabi-gcc/10.3-2021.07/gcc/bin/../lib/gcc/arm-none-eabi/10.3.1/../../../../arm-none-eabi/lib/thumb/v7-m/nofp/libg.a(lib_a-fputwc.o)
 .ARM.attributes
                0x0000000000000b6c       0x2d /opt/homebrew/Cellar/arm-none-eabi-gcc/10.3-2021.07/gcc/bin/../lib/gcc/arm-none-eabi/10.3.1/../../../../arm-none-eabi/lib/thumb/v7-m/nofp/libg.a(lib_a-fstatr.o)
 .ARM.attributes
                0x0000000000000b99       0x2d /opt/homebrew/Cellar/arm-none-eabi-gcc/10.3-2021.07/gcc/bin/../lib/gcc/arm-none-eabi/10.3.1/../../../../arm-none-eabi/lib/thumb/v7-m/nofp/libg.a(lib_a-isattyr.o)
 .ARM.attributes
                0x0000000000000bc6       0x2d /opt/homebrew/Cellar/arm-none-eabi-gcc/10.3-2021.07/gcc/bin/../lib/gcc/arm-none-eabi/10.3.1/../../../../arm-none-eabi/lib/thumb/v7-m/nofp/libg.a(lib_a-locale.o)
 .ARM.attributes
                0x0000000000000bf3       0x2d /opt/homebrew/Cellar/arm-none-eabi-gcc/10.3-2021.07/gcc/bin/../lib/gcc/arm-none-eabi/10.3.1/../../../../arm-none-eabi/lib/thumb/v7-m/nofp/libg.a(lib_a-lseekr.o)
 .ARM.attributes
                0x0000000000000c20       0x2d /opt/homebrew/Cellar/arm-none-eabi-gcc/10.3-2021.07/gcc/bin/../lib/gcc/arm-none-eabi/10.3.1/../../../../arm-none-eabi/lib/thumb/v7-m/nofp/libg.a(lib_a-mbtowc_r.o)
 .ARM.attributes
                0x0000000000000c4d       0x2d /opt/homebrew/Cellar/arm-none-eabi-gcc/10.3-2021.07/gcc/bin/../lib/gcc/arm-none-eabi/10.3.1/../../../../arm-none-eabi/lib/thumb/v7-m/nofp/libg.a(lib_a-readr.o)
 .ARM.attributes
                0x0000000000000c7a       0x2d /opt/homebrew/Cellar/arm-none-eabi-gcc/10.3-2021.07/gcc/bin/../lib/gcc/arm-none-eabi/10.3.1/../../../../arm-none-eabi/lib/thumb/v7-m/nofp/libg.a(lib_a-reent.o)
 .ARM.attributes
                0x0000000000000ca7       0x2d /opt/homebrew/Cellar/arm-none-eabi-gcc/10.3-2021.07/gcc/bin/../lib/gcc/arm-none-eabi/10.3.1/../../../../arm-none-eabi/lib/thumb/v7-m/nofp/libg.a(lib_a-wbuf.o)
 .ARM.attributes
                0x0000000000000cd4       0x2d /opt/homebrew/Cellar/arm-none-eabi-gcc/10.3-2021.07/gcc/bin/../lib/gcc/arm-none-eabi/10.3.1/../../../../arm-none-eabi/lib/thumb/v7-m/nofp/libg.a(lib_a-wcrtomb.o)
 .ARM.attributes
                0x0000000000000d01       0x2d /opt/homebrew/Cellar/arm-none-eabi-gcc/10.3-2021.07/gcc/bin/../lib/gcc/arm-none-eabi/10.3.1/../../../../arm-none-eabi/lib/thumb/v7-m/nofp/libg.a(lib_a-wctomb_r.o)
 .ARM.attributes
                0x0000000000000d2e       0x2d /opt/homebrew/Cellar/arm-none-eabi-gcc/10.3-2021.07/gcc/bin/../lib/gcc/arm-none-eabi/10.3.1/../../../../arm-none-eabi/lib/thumb/v7-m/nofp/libg.a(lib_a-abort.o)
 .ARM.attributes
                0x0000000000000d5b       0x2d /opt/homebrew/Cellar/arm-none-eabi-gcc/10.3-2021.07/gcc/bin/../lib/gcc/arm-none-eabi/10.3.1/../../../../arm-none-eabi/lib/thumb/v7-m/nofp/libg.a(lib_a-ctype_.o)
 .ARM.attributes
                0x0000000000000d88       0x2d /opt/homebrew/Cellar/arm-none-eabi-gcc/10.3-2021.07/gcc/bin/../lib/gcc/arm-none-eabi/10.3.1/../../../../arm-none-eabi/lib/thumb/v7-m/nofp/libg.a(lib_a-signal.o)
 .ARM.attributes
                0x0000000000000db5       0x2d /opt/homebrew/Cellar/arm-none-eabi-gcc/10.3-2021.07/gcc/bin/../lib/gcc/arm-none-eabi/10.3.1/../../../../arm-none-eabi/lib/thumb/v7-m/nofp/libg.a(lib_a-signalr.o)
 .ARM.attributes
                0x0000000000000de2       0x1d /opt/homebrew/Cellar/arm-none-eabi-gcc/10.3-2021.07/gcc/bin/../lib/gcc/arm-none-eabi/10.3.1/thumb/v7-m/nofp/libgcc.a(_arm_addsubdf3.o)
 .ARM.attributes
                0x0000000000000dff       0x1d /opt/homebrew/Cellar/arm-none-eabi-gcc/10.3-2021.07/gcc/bin/../lib/gcc/arm-none-eabi/10.3.1/thumb/v7-m/nofp/libgcc.a(_arm_muldivdf3.o)
 .ARM.attributes
                0x0000000000000e1c       0x1d /opt/homebrew/Cellar/arm-none-eabi-gcc/10.3-2021.07/gcc/bin/../lib/gcc/arm-none-eabi/10.3.1/thumb/v7-m/nofp/libgcc.a(_arm_cmpdf2.o)
 .ARM.attributes
                0x0000000000000e39       0x1d /opt/homebrew/Cellar/arm-none-eabi-gcc/10.3-2021.07/gcc/bin/../lib/gcc/arm-none-eabi/10.3.1/thumb/v7-m/nofp/libgcc.a(_arm_unorddf2.o)
 .ARM.attributes
                0x0000000000000e56       0x1d /opt/homebrew/Cellar/arm-none-eabi-gcc/10.3-2021.07/gcc/bin/../lib/gcc/arm-none-eabi/10.3.1/thumb/v7-m/nofp/libgcc.a(_arm_fixdfsi.o)
 .ARM.attributes
                0x0000000000000e73       0x1d /opt/homebrew/Cellar/arm-none-eabi-gcc/10.3-2021.07/gcc/bin/../lib/gcc/arm-none-eabi/10.3.1/thumb/v7-m/nofp/libgcc.a(_aeabi_uldivmod.o)
 .ARM.attributes
                0x0000000000000e90       0x2d /opt/homebrew/Cellar/arm-none-eabi-gcc/10.3-2021.07/gcc/bin/../lib/gcc/arm-none-eabi/10.3.1/thumb/v7-m/nofp/libgcc.a(_udivmoddi4.o)
 .ARM.attributes
                0x0000000000000ebd       0x1d /opt/homebrew/Cellar/arm-none-eabi-gcc/10.3-2021.07/gcc/bin/../lib/gcc/arm-none-eabi/10.3.1/thumb/v7-m/nofp/libgcc.a(_dvmd_tls.o)
 .ARM.attributes
                0x0000000000000eda       0x1d /opt/homebrew/Cellar/arm-none-eabi-gcc/10.3-2021.07/gcc/bin/../lib/gcc/arm-none-eabi/10.3.1/thumb/v7-m/nofp/crtn.o
OUTPUT(main.elf elf32-littlearm)
LOAD linker stubs
LOAD /opt/homebrew/Cellar/arm-none-eabi-gcc/10.3-2021.07/gcc/bin/../lib/gcc/arm-none-eabi/10.3.1/../../../../arm-none-eabi/lib/thumb/v7-m/nofp/libc.a
LOAD /opt/homebrew/Cellar/arm-none-eabi-gcc/10.3-2021.07/gcc/bin/../lib/gcc/arm-none-eabi/10.3.1/../../../../arm-none-eabi/lib/thumb/v7-m/nofp/libm.a
LOAD /opt/homebrew/Cellar/arm-none-eabi-gcc/10.3-2021.07/gcc/bin/../lib/gcc/arm-none-eabi/10.3.1/thumb/v7-m/nofp/libgcc.a

.debug_info     0x0000000000000000     0xfa1f
 .debug_info    0x0000000000000000      0x34a CMakeFiles/main.elf.dir/Core/Src/gpio.c.obj
 .debug_info    0x000000000000034a      0x602 CMakeFiles/main.elf.dir/Core/Src/main.c.obj
 .debug_info    0x000000000000094c      0xb73 CMakeFiles/main.elf.dir/Core/Src/spi.c.obj
 .debug_info    0x00000000000014bf      0x211 CMakeFiles/main.elf.dir/Core/Src/stm32f1xx_hal_msp.c.obj
 .debug_info    0x00000000000016d0      0x6ec CMakeFiles/main.elf.dir/Core/Src/stm32f1xx_it.c.obj
 .debug_info    0x0000000000001dbc      0x7af CMakeFiles/main.elf.dir/Core/Src/syscalls.c.obj
 .debug_info    0x000000000000256b      0x174 CMakeFiles/main.elf.dir/Core/Src/sysmem.c.obj
 .debug_info    0x00000000000026df      0x248 CMakeFiles/main.elf.dir/Core/Src/system_stm32f1xx.c.obj
 .debug_info    0x0000000000002927      0xbf0 CMakeFiles/main.elf.dir/Core/Src/usart.c.obj
 .debug_info    0x0000000000003517       0x22 CMakeFiles/main.elf.dir/Core/Startup/startup_stm32f103rctx.s.obj
 .debug_info    0x0000000000003539      0x80e CMakeFiles/main.elf.dir/Drivers/STM32F1xx_HAL_Driver/Src/stm32f1xx_hal.c.obj